[veres-measure] 180742 trailed dets over 2397 panels (score>=0.5, length>=40.0px)
  [50/2397 panels | 3040 fits | 0 errs] 0.7 panel/s, elapsed 1.2m, ETA 54.4m
  [100/2397 panels | 5965 fits | 0 errs] 1.3 panel/s, elapsed 1.3m, ETA 29.7m
  [150/2397 panels | 8671 fits | 0 errs] 1.7 panel/s, elapsed 1.4m, ETA 21.7m
  [200/2397 panels | 11115 fits | 0 errs] 2.2 panel/s, elapsed 1.5m, ETA 16.9m
  [250/2397 panels | 14411 fits | 0 errs] 2.3 panel/s, elapsed 1.8m, ETA 15.3m
  [300/2397 panels | 18853 fits | 0 errs] 2.6 panel/s, elapsed 2.0m, ETA 13.7m
  [350/2397 panels | 22752 fits | 0 errs] 2.8 panel/s, elapsed 2.1m, ETA 12.2m
  [400/2397 panels | 25512 fits | 0 errs] 3.0 panel/s, elapsed 2.2m, ETA 11.1m
  [450/2397 panels | 27651 fits | 0 errs] 3.2 panel/s, elapsed 2.4m, ETA 10.3m
  [500/2397 panels | 30194 fits | 0 errs] 3.1 panel/s, elapsed 2.7m, ETA 10.2m
  [550/2397 panels | 33899 fits | 0 errs] 3.0 panel/s, elapsed 3.0m, ETA 10.2m
  [600/2397 panels | 37441 fits | 0 errs] 3.0 panel/s, elapsed 3.3m, ETA 9.9m
  [650/2397 panels | 41001 fits | 0 errs] 3.1 panel/s, elapsed 3.5m, ETA 9.5m
  [700/2397 panels | 44703 fits | 0 errs] 3.1 panel/s, elapsed 3.8m, ETA 9.2m
  [750/2397 panels | 49926 fits | 0 errs] 3.0 panel/s, elapsed 4.1m, ETA 9.1m
  [800/2397 panels | 55419 fits | 0 errs] 3.0 panel/s, elapsed 4.4m, ETA 8.9m
  [850/2397 panels | 60976 fits | 0 errs] 3.0 panel/s, elapsed 4.7m, ETA 8.6m
  [900/2397 panels | 65562 fits | 0 errs] 3.0 panel/s, elapsed 5.0m, ETA 8.3m
  [950/2397 panels | 69497 fits | 0 errs] 3.1 panel/s, elapsed 5.1m, ETA 7.8m
  [1000/2397 panels | 72443 fits | 0 errs] 3.2 panel/s, elapsed 5.3m, ETA 7.3m
  [1050/2397 panels | 75259 fits | 0 errs] 3.2 panel/s, elapsed 5.5m, ETA 7.0m
  [1100/2397 panels | 78716 fits | 0 errs] 3.2 panel/s, elapsed 5.7m, ETA 6.7m
  [1150/2397 panels | 84372 fits | 0 errs] 3.3 panel/s, elapsed 5.9m, ETA 6.4m
  [1200/2397 panels | 89863 fits | 0 errs] 3.3 panel/s, elapsed 6.1m, ETA 6.0m
  [1250/2397 panels | 93666 fits | 0 errs] 3.3 panel/s, elapsed 6.2m, ETA 5.7m
  [1300/2397 panels | 96515 fits | 0 errs] 3.4 panel/s, elapsed 6.4m, ETA 5.4m
  [1350/2397 panels | 99172 fits | 0 errs] 3.4 panel/s, elapsed 6.6m, ETA 5.1m
  [1400/2397 panels | 102161 fits | 0 errs] 3.5 panel/s, elapsed 6.7m, ETA 4.8m
  [1450/2397 panels | 105088 fits | 0 errs] 3.5 panel/s, elapsed 6.9m, ETA 4.5m
  [1500/2397 panels | 108110 fits | 0 errs] 3.6 panel/s, elapsed 7.0m, ETA 4.2m
  [1550/2397 panels | 110632 fits | 0 errs] 3.6 panel/s, elapsed 7.2m, ETA 3.9m
  [1600/2397 panels | 112919 fits | 0 errs] 3.6 panel/s, elapsed 7.3m, ETA 3.6m
  [1650/2397 panels | 116151 fits | 0 errs] 3.6 panel/s, elapsed 7.6m, ETA 3.4m
  [1700/2397 panels | 119790 fits | 0 errs] 3.6 panel/s, elapsed 7.8m, ETA 3.2m
  [1750/2397 panels | 123249 fits | 0 errs] 3.7 panel/s, elapsed 7.9m, ETA 2.9m
  [1800/2397 panels | 126160 fits | 0 errs] 3.7 panel/s, elapsed 8.1m, ETA 2.7m
  [1850/2397 panels | 129183 fits | 0 errs] 3.8 panel/s, elapsed 8.2m, ETA 2.4m
  [1900/2397 panels | 132066 fits | 0 errs] 3.8 panel/s, elapsed 8.4m, ETA 2.2m
  [1950/2397 panels | 135045 fits | 0 errs] 3.8 panel/s, elapsed 8.6m, ETA 2.0m
  [2000/2397 panels | 137559 fits | 0 errs] 3.8 panel/s, elapsed 8.7m, ETA 1.7m
  [2050/2397 panels | 140414 fits | 0 errs] 3.9 panel/s, elapsed 8.9m, ETA 1.5m
  [2100/2397 panels | 143685 fits | 0 errs] 3.9 panel/s, elapsed 9.0m, ETA 1.3m
  [2150/2397 panels | 146682 fits | 0 errs] 3.9 panel/s, elapsed 9.2m, ETA 1.1m
  [2200/2397 panels | 148990 fits | 0 errs] 3.9 panel/s, elapsed 9.4m, ETA 0.8m
  [2250/2397 panels | 151490 fits | 0 errs] 3.9 panel/s, elapsed 9.6m, ETA 0.6m
  [2300/2397 panels | 154531 fits | 0 errs] 3.9 panel/s, elapsed 9.7m, ETA 0.4m
  [2350/2397 panels | 157458 fits | 0 errs] 4.0 panel/s, elapsed 9.9m, ETA 0.2m
  [2397/2397 panels | 160350 fits | 0 errs] 4.0 panel/s, elapsed 10.0m, ETA 0.0m
[veres-measure] wrote 160350 Veres-measured detections -> /sdf/data/rubin/user/mrakovci/Projects/Asteroid_detection_CNN/experiments/heliolinc/run_neo_t6337/adcnn_dets_veres.csv
  Veres length px: med 26.6 | rChiSq med 0.83
VERES MEASURE DONE
[diasrc] region ra [308.45,310.93] dec [-21.27,-18.90] over 87 visits
[diasrc] 647845 diaSources in region | reliability>=0.5: 41353 (6%) | not-negative & rel>=0.5: 34036 -> /sdf/data/rubin/user/mrakovci/Projects/Asteroid_detection_CNN/experiments/heliolinc/run_neo_t6337/diasources.csv
NEO STAGE2 MEASURE DONE
