[veres-measure] 404881 trailed dets over 2426 panels (score>=0.5, length>=40.0px)
  [50/2426 panels | 6906 fits | 0 errs] 0.4 panel/s, elapsed 2.3m, ETA 110.7m
  [100/2426 panels | 12682 fits | 0 errs] 0.7 panel/s, elapsed 2.5m, ETA 59.1m
  [150/2426 panels | 17265 fits | 0 errs] 0.9 panel/s, elapsed 2.8m, ETA 42.4m
  [200/2426 panels | 22253 fits | 0 errs] 1.1 panel/s, elapsed 3.1m, ETA 34.9m
  [250/2426 panels | 27975 fits | 0 errs] 1.2 panel/s, elapsed 3.5m, ETA 30.6m
  [300/2426 panels | 36752 fits | 0 errs] 1.3 panel/s, elapsed 3.9m, ETA 27.4m
  [350/2426 panels | 50340 fits | 0 errs] 1.3 panel/s, elapsed 4.5m, ETA 26.9m
  [400/2426 panels | 61552 fits | 0 errs] 1.4 panel/s, elapsed 4.9m, ETA 24.7m
  [450/2426 panels | 70828 fits | 0 errs] 1.4 panel/s, elapsed 5.5m, ETA 24.0m
  [500/2426 panels | 79048 fits | 0 errs] 1.3 panel/s, elapsed 6.4m, ETA 24.7m
  [550/2426 panels | 87352 fits | 0 errs] 1.3 panel/s, elapsed 7.1m, ETA 24.1m
  [600/2426 panels | 95964 fits | 0 errs] 1.3 panel/s, elapsed 7.6m, ETA 23.1m
  [650/2426 panels | 103858 fits | 0 errs] 1.3 panel/s, elapsed 8.2m, ETA 22.4m
  [700/2426 panels | 113248 fits | 0 errs] 1.4 panel/s, elapsed 8.6m, ETA 21.3m
  [750/2426 panels | 119818 fits | 0 errs] 1.4 panel/s, elapsed 8.9m, ETA 19.9m
  [800/2426 panels | 124752 fits | 0 errs] 1.4 panel/s, elapsed 9.2m, ETA 18.8m
  [850/2426 panels | 131424 fits | 0 errs] 1.5 panel/s, elapsed 9.6m, ETA 17.8m
  [900/2426 panels | 138067 fits | 0 errs] 1.5 panel/s, elapsed 10.3m, ETA 17.4m
  [950/2426 panels | 144929 fits | 0 errs] 1.5 panel/s, elapsed 10.7m, ETA 16.6m
  [1000/2426 panels | 151744 fits | 0 errs] 1.5 panel/s, elapsed 11.3m, ETA 16.1m
  [1050/2426 panels | 158771 fits | 0 errs] 1.5 panel/s, elapsed 11.7m, ETA 15.4m
  [1100/2426 panels | 166326 fits | 0 errs] 1.5 panel/s, elapsed 12.2m, ETA 14.7m
  [1150/2426 panels | 171669 fits | 0 errs] 1.5 panel/s, elapsed 12.9m, ETA 14.3m
  [1200/2426 panels | 182620 fits | 0 errs] 1.5 panel/s, elapsed 13.4m, ETA 13.7m
  [1250/2426 panels | 193779 fits | 0 errs] 1.5 panel/s, elapsed 14.0m, ETA 13.1m
  [1300/2426 panels | 199706 fits | 0 errs] 1.5 panel/s, elapsed 14.2m, ETA 12.3m
  [1350/2426 panels | 205853 fits | 0 errs] 1.6 panel/s, elapsed 14.5m, ETA 11.5m
  [1400/2426 panels | 212860 fits | 0 errs] 1.6 panel/s, elapsed 14.9m, ETA 10.9m
  [1450/2426 panels | 220085 fits | 0 errs] 1.6 panel/s, elapsed 15.2m, ETA 10.3m
  [1500/2426 panels | 231732 fits | 0 errs] 1.6 panel/s, elapsed 15.7m, ETA 9.7m
  [1550/2426 panels | 242968 fits | 0 errs] 1.6 panel/s, elapsed 16.0m, ETA 9.0m
  [1600/2426 panels | 252947 fits | 0 errs] 1.6 panel/s, elapsed 16.4m, ETA 8.5m
  [1650/2426 panels | 260843 fits | 0 errs] 1.6 panel/s, elapsed 16.7m, ETA 7.9m
  [1700/2426 panels | 266837 fits | 0 errs] 1.7 panel/s, elapsed 17.0m, ETA 7.3m
  [1750/2426 panels | 272607 fits | 0 errs] 1.7 panel/s, elapsed 17.2m, ETA 6.7m
  [1800/2426 panels | 277028 fits | 0 errs] 1.7 panel/s, elapsed 17.6m, ETA 6.1m
  [1850/2426 panels | 284801 fits | 0 errs] 1.7 panel/s, elapsed 17.9m, ETA 5.6m
  [1900/2426 panels | 289825 fits | 0 errs] 1.7 panel/s, elapsed 18.2m, ETA 5.0m
  [1950/2426 panels | 293634 fits | 0 errs] 1.8 panel/s, elapsed 18.4m, ETA 4.5m
  [2000/2426 panels | 298690 fits | 0 errs] 1.8 panel/s, elapsed 18.6m, ETA 4.0m
  [2050/2426 panels | 303257 fits | 0 errs] 1.8 panel/s, elapsed 18.7m, ETA 3.4m
  [2100/2426 panels | 306708 fits | 0 errs] 1.9 panel/s, elapsed 18.9m, ETA 2.9m
  [2150/2426 panels | 311427 fits | 0 errs] 1.9 panel/s, elapsed 19.1m, ETA 2.4m
  [2200/2426 panels | 315425 fits | 0 errs] 1.9 panel/s, elapsed 19.2m, ETA 2.0m
  [2250/2426 panels | 318861 fits | 0 errs] 1.9 panel/s, elapsed 19.3m, ETA 1.5m
  [2300/2426 panels | 324955 fits | 0 errs] 2.0 panel/s, elapsed 19.6m, ETA 1.1m
  [2350/2426 panels | 334348 fits | 0 errs] 2.0 panel/s, elapsed 19.8m, ETA 0.6m
  [2400/2426 panels | 343620 fits | 0 errs] 2.0 panel/s, elapsed 20.1m, ETA 0.2m
  [2426/2426 panels | 348212 fits | 0 errs] 2.0 panel/s, elapsed 20.2m, ETA 0.0m
[veres-measure] wrote 348212 Veres-measured detections -> /sdf/data/rubin/user/mrakovci/Projects/Asteroid_detection_CNN/experiments/heliolinc/run_neo_t6324/adcnn_dets_veres.csv
  Veres length px: med 27.0 | rChiSq med 0.99
VERES MEASURE DONE
[diasrc] region ra [287.99,290.51] dec [-21.27,-18.90] over 84 visits
[diasrc] 2127409 diaSources in region | reliability>=0.5: 39271 (2%) | not-negative & rel>=0.5: 29253 -> /sdf/data/rubin/user/mrakovci/Projects/Asteroid_detection_CNN/experiments/heliolinc/run_neo_t6324/diasources.csv
NEO STAGE2 MEASURE DONE
