[veres-measure] 259962 trailed dets over 2680 panels (score>=0.5, length>=40.0px)
  [50/2680 panels | 3697 fits | 0 errs] 0.3 panel/s, elapsed 2.8m, ETA 147.2m
  [100/2680 panels | 7498 fits | 0 errs] 0.6 panel/s, elapsed 3.0m, ETA 78.0m
  [150/2680 panels | 10393 fits | 0 errs] 0.8 panel/s, elapsed 3.2m, ETA 54.5m
  [200/2680 panels | 13264 fits | 0 errs] 1.0 panel/s, elapsed 3.5m, ETA 43.0m
  [250/2680 panels | 16707 fits | 0 errs] 1.1 panel/s, elapsed 3.8m, ETA 37.1m
  [300/2680 panels | 22904 fits | 0 errs] 1.2 panel/s, elapsed 4.1m, ETA 32.3m
  [350/2680 panels | 28214 fits | 0 errs] 1.3 panel/s, elapsed 4.4m, ETA 29.0m
  [400/2680 panels | 33868 fits | 0 errs] 1.4 panel/s, elapsed 4.6m, ETA 26.3m
  [450/2680 panels | 39360 fits | 0 errs] 1.6 panel/s, elapsed 4.8m, ETA 23.9m
  [500/2680 panels | 44352 fits | 0 errs] 1.6 panel/s, elapsed 5.1m, ETA 22.3m
  [550/2680 panels | 49991 fits | 0 errs] 1.7 panel/s, elapsed 5.5m, ETA 21.4m
  [600/2680 panels | 55371 fits | 0 errs] 1.7 panel/s, elapsed 5.8m, ETA 20.0m
  [650/2680 panels | 58739 fits | 0 errs] 1.8 panel/s, elapsed 6.0m, ETA 18.7m
  [700/2680 panels | 64245 fits | 0 errs] 1.8 panel/s, elapsed 6.4m, ETA 18.1m
  [750/2680 panels | 69655 fits | 0 errs] 1.8 panel/s, elapsed 6.9m, ETA 17.8m
  [800/2680 panels | 75107 fits | 0 errs] 1.8 panel/s, elapsed 7.5m, ETA 17.7m
  [850/2680 panels | 81807 fits | 0 errs] 1.8 panel/s, elapsed 7.9m, ETA 17.1m
  [900/2680 panels | 86941 fits | 0 errs] 1.8 panel/s, elapsed 8.4m, ETA 16.6m
  [950/2680 panels | 92331 fits | 0 errs] 1.8 panel/s, elapsed 8.6m, ETA 15.7m
  [1000/2680 panels | 96206 fits | 0 errs] 1.9 panel/s, elapsed 9.0m, ETA 15.1m
  [1050/2680 panels | 100884 fits | 0 errs] 1.8 panel/s, elapsed 9.5m, ETA 14.7m
  [1100/2680 panels | 105280 fits | 0 errs] 1.9 panel/s, elapsed 9.9m, ETA 14.2m
  [1150/2680 panels | 108970 fits | 0 errs] 1.9 panel/s, elapsed 10.2m, ETA 13.5m
  [1200/2680 panels | 112984 fits | 0 errs] 1.9 panel/s, elapsed 10.5m, ETA 13.0m
  [1250/2680 panels | 116924 fits | 0 errs] 1.9 panel/s, elapsed 10.8m, ETA 12.3m
  [1300/2680 panels | 120993 fits | 0 errs] 2.0 panel/s, elapsed 11.0m, ETA 11.7m
  [1350/2680 panels | 124550 fits | 0 errs] 2.0 panel/s, elapsed 11.3m, ETA 11.1m
  [1400/2680 panels | 128288 fits | 0 errs] 2.0 panel/s, elapsed 11.4m, ETA 10.5m
  [1450/2680 panels | 132039 fits | 0 errs] 2.1 panel/s, elapsed 11.7m, ETA 10.0m
  [1500/2680 panels | 136519 fits | 0 errs] 2.1 panel/s, elapsed 12.0m, ETA 9.5m
  [1550/2680 panels | 141970 fits | 0 errs] 2.1 panel/s, elapsed 12.3m, ETA 9.0m
  [1600/2680 panels | 145994 fits | 0 errs] 2.1 panel/s, elapsed 12.5m, ETA 8.4m
  [1650/2680 panels | 149477 fits | 0 errs] 2.2 panel/s, elapsed 12.7m, ETA 7.9m
  [1700/2680 panels | 152538 fits | 0 errs] 2.2 panel/s, elapsed 12.9m, ETA 7.4m
  [1750/2680 panels | 155731 fits | 0 errs] 2.2 panel/s, elapsed 13.2m, ETA 7.0m
  [1800/2680 panels | 159362 fits | 0 errs] 2.2 panel/s, elapsed 13.6m, ETA 6.6m
  [1850/2680 panels | 163860 fits | 0 errs] 2.2 panel/s, elapsed 14.0m, ETA 6.3m
  [1900/2680 panels | 167312 fits | 0 errs] 2.2 panel/s, elapsed 14.3m, ETA 5.9m
  [1950/2680 panels | 170425 fits | 0 errs] 2.2 panel/s, elapsed 14.6m, ETA 5.5m
  [2000/2680 panels | 173283 fits | 0 errs] 2.3 panel/s, elapsed 14.7m, ETA 5.0m
  [2050/2680 panels | 176148 fits | 0 errs] 2.3 panel/s, elapsed 14.9m, ETA 4.6m
  [2100/2680 panels | 179712 fits | 0 errs] 2.3 panel/s, elapsed 15.1m, ETA 4.2m
  [2150/2680 panels | 183506 fits | 0 errs] 2.3 panel/s, elapsed 15.3m, ETA 3.8m
  [2200/2680 panels | 187153 fits | 0 errs] 2.4 panel/s, elapsed 15.6m, ETA 3.4m
  [2250/2680 panels | 190851 fits | 0 errs] 2.4 panel/s, elapsed 15.7m, ETA 3.0m
  [2300/2680 panels | 193004 fits | 0 errs] 2.4 panel/s, elapsed 15.9m, ETA 2.6m
  [2350/2680 panels | 195777 fits | 0 errs] 2.4 panel/s, elapsed 16.2m, ETA 2.3m
  [2400/2680 panels | 199366 fits | 0 errs] 2.4 panel/s, elapsed 16.5m, ETA 1.9m
  [2450/2680 panels | 202613 fits | 0 errs] 2.4 panel/s, elapsed 16.7m, ETA 1.6m
  [2500/2680 panels | 206561 fits | 0 errs] 2.5 panel/s, elapsed 17.0m, ETA 1.2m
  [2550/2680 panels | 209537 fits | 0 errs] 2.5 panel/s, elapsed 17.2m, ETA 0.9m
  [2600/2680 panels | 212275 fits | 0 errs] 2.5 panel/s, elapsed 17.4m, ETA 0.5m
  [2650/2680 panels | 215278 fits | 0 errs] 2.5 panel/s, elapsed 17.7m, ETA 0.2m
  [2680/2680 panels | 217834 fits | 0 errs] 2.4 panel/s, elapsed 18.8m, ETA 0.0m
[veres-measure] wrote 217834 Veres-measured detections -> /sdf/data/rubin/user/mrakovci/Projects/Asteroid_detection_CNN/experiments/heliolinc/run_neo_field/adcnn_dets_veres.csv
  Veres length px: med 25.5 | rChiSq med 0.98
VERES MEASURE DONE
[diasrc] region ra [299.01,301.53] dec [-21.27,-18.90] over 101 visits
[diasrc] 1061642 diaSources in region | reliability>=0.5: 91215 (9%) | not-negative & rel>=0.5: 79081 -> /sdf/data/rubin/user/mrakovci/Projects/Asteroid_detection_CNN/experiments/heliolinc/run_neo_field/diasources.csv
NEO STAGE2 MEASURE DONE
