[clean] ADCNN 217834 -> 206097 (score>=0.3, len_db>=6.0; NO real/bogus)
[clean] diaSource 1061642 -> 7 (reliability>=0.5 & !neg & trailLen>=6.0)
[clean] merged -> 206104 detections (18736/night) [ADCNN=206097, dia=7] -> /sdf/data/rubin/user/mrakovci/Projects/Asteroid_detection_CNN/experiments/heliolinc/run_neo_field/adcnn_dets_clean.csv
[hunt] 206104 trailed detections (score>=0.5, len_db>=6.0px) -> trail-tracklets
[trail->tracklets] 206104 trails -> 412208 pairdets, 412208 tracklets -> /sdf/data/rubin/user/mrakovci/Projects/Asteroid_detection_CNN/experiments/heliolinc/run_neo_field
=== grid-parallel heliolinc | grid=109983 pts x 96 shards | tracklets=412208 | mjdref=60864.061 ===
launched 96 heliolinc shards; waiting...
shards done (failures=0); clusters across shards: 828202
link_refine over 96 shard files
Checking out argv[1] = -pairdet.
Checking out argv[3] = -lflist.
Checking out argv[5] = -maxrms.
Checking out argv[7] = -outfile.
Checking out argv[9] = -outrms.
input paired detection file pairdets.csv
input cluster list file lflist.txt
Maximum RMS in km: 100000
output cluster file lr.csv
output rms file lr_rms.csv
Header line from input paired detection file pairdets.csv:
#MJD,RA,Dec,observerX,observerY,observerZ,stringID,mag,band,obscode,origindex
Successfully read 412208 detections from pairdets.csv
Read names of 96 cluster files from lflist.txt
Reading cluster file hl_clusters_000.csv
Reading rms file hl_summary_000.csv
Reading cluster file hl_clusters_001.csv
Reading rms file hl_summary_001.csv
Reading cluster file hl_clusters_002.csv
Reading rms file hl_summary_002.csv
Reading cluster file hl_clusters_003.csv
Reading rms file hl_summary_003.csv
Reading cluster file hl_clusters_004.csv
Reading rms file hl_summary_004.csv
Reading cluster file hl_clusters_005.csv
Reading rms file hl_summary_005.csv
Reading cluster file hl_clusters_006.csv
Reading rms file hl_summary_006.csv
Reading cluster file hl_clusters_007.csv
Reading rms file hl_summary_007.csv
Reading cluster file hl_clusters_008.csv
Reading rms file hl_summary_008.csv
Reading cluster file hl_clusters_009.csv
Reading rms file hl_summary_009.csv
Reading cluster file hl_clusters_010.csv
Reading rms file hl_summary_010.csv
Reading cluster file hl_clusters_011.csv
Reading rms file hl_summary_011.csv
Reading cluster file hl_clusters_012.csv
Reading rms file hl_summary_012.csv
Reading cluster file hl_clusters_013.csv
Reading rms file hl_summary_013.csv
Reading cluster file hl_clusters_014.csv
Reading rms file hl_summary_014.csv
Reading cluster file hl_clusters_015.csv
Reading rms file hl_summary_015.csv
Reading cluster file hl_clusters_016.csv
Reading rms file hl_summary_016.csv
Reading cluster file hl_clusters_017.csv
Reading rms file hl_summary_017.csv
Reading cluster file hl_clusters_018.csv
Reading rms file hl_summary_018.csv
Reading cluster file hl_clusters_019.csv
Reading rms file hl_summary_019.csv
Reading cluster file hl_clusters_020.csv
Reading rms file hl_summary_020.csv
Reading cluster file hl_clusters_021.csv
Reading rms file hl_summary_021.csv
Reading cluster file hl_clusters_022.csv
Reading rms file hl_summary_022.csv
Reading cluster file hl_clusters_023.csv
Reading rms file hl_summary_023.csv
Reading cluster file hl_clusters_024.csv
Reading rms file hl_summary_024.csv
Reading cluster file hl_clusters_025.csv
Reading rms file hl_summary_025.csv
Reading cluster file hl_clusters_026.csv
Reading rms file hl_summary_026.csv
Reading cluster file hl_clusters_027.csv
Reading rms file hl_summary_027.csv
Reading cluster file hl_clusters_028.csv
Reading rms file hl_summary_028.csv
Reading cluster file hl_clusters_029.csv
Reading rms file hl_summary_029.csv
Reading cluster file hl_clusters_030.csv
Reading rms file hl_summary_030.csv
Reading cluster file hl_clusters_031.csv
Reading rms file hl_summary_031.csv
Reading cluster file hl_clusters_032.csv
Reading rms file hl_summary_032.csv
Reading cluster file hl_clusters_033.csv
Reading rms file hl_summary_033.csv
Reading cluster file hl_clusters_034.csv
Reading rms file hl_summary_034.csv
Reading cluster file hl_clusters_035.csv
Reading rms file hl_summary_035.csv
Reading cluster file hl_clusters_036.csv
Reading rms file hl_summary_036.csv
Reading cluster file hl_clusters_037.csv
Reading rms file hl_summary_037.csv
Reading cluster file hl_clusters_038.csv
Reading rms file hl_summary_038.csv
Reading cluster file hl_clusters_039.csv
Reading rms file hl_summary_039.csv
Reading cluster file hl_clusters_040.csv
Reading rms file hl_summary_040.csv
Reading cluster file hl_clusters_041.csv
Reading rms file hl_summary_041.csv
Reading cluster file hl_clusters_042.csv
Reading rms file hl_summary_042.csv
Reading cluster file hl_clusters_043.csv
Reading rms file hl_summary_043.csv
Reading cluster file hl_clusters_044.csv
Reading rms file hl_summary_044.csv
Reading cluster file hl_clusters_045.csv
Reading rms file hl_summary_045.csv
Reading cluster file hl_clusters_046.csv
Reading rms file hl_summary_046.csv
Reading cluster file hl_clusters_047.csv
Reading rms file hl_summary_047.csv
Reading cluster file hl_clusters_048.csv
Reading rms file hl_summary_048.csv
Reading cluster file hl_clusters_049.csv
Reading rms file hl_summary_049.csv
Reading cluster file hl_clusters_050.csv
Reading rms file hl_summary_050.csv
Reading cluster file hl_clusters_051.csv
Reading rms file hl_summary_051.csv
Reading cluster file hl_clusters_052.csv
Reading rms file hl_summary_052.csv
Reading cluster file hl_clusters_053.csv
Reading rms file hl_summary_053.csv
Reading cluster file hl_clusters_054.csv
Reading rms file hl_summary_054.csv
Reading cluster file hl_clusters_055.csv
Reading rms file hl_summary_055.csv
Reading cluster file hl_clusters_056.csv
Reading rms file hl_summary_056.csv
Reading cluster file hl_clusters_057.csv
Reading rms file hl_summary_057.csv
Reading cluster file hl_clusters_058.csv
Reading rms file hl_summary_058.csv
Reading cluster file hl_clusters_059.csv
Reading rms file hl_summary_059.csv
Reading cluster file hl_clusters_060.csv
Reading rms file hl_summary_060.csv
Reading cluster file hl_clusters_061.csv
Reading rms file hl_summary_061.csv
Reading cluster file hl_clusters_062.csv
Reading rms file hl_summary_062.csv
Reading cluster file hl_clusters_063.csv
Reading rms file hl_summary_063.csv
Reading cluster file hl_clusters_064.csv
Reading rms file hl_summary_064.csv
Reading cluster file hl_clusters_065.csv
Reading rms file hl_summary_065.csv
Reading cluster file hl_clusters_066.csv
Reading rms file hl_summary_066.csv
Reading cluster file hl_clusters_067.csv
Reading rms file hl_summary_067.csv
Reading cluster file hl_clusters_068.csv
Reading rms file hl_summary_068.csv
Reading cluster file hl_clusters_069.csv
Reading rms file hl_summary_069.csv
Reading cluster file hl_clusters_070.csv
Reading rms file hl_summary_070.csv
Reading cluster file hl_clusters_071.csv
Reading rms file hl_summary_071.csv
Reading cluster file hl_clusters_072.csv
Reading rms file hl_summary_072.csv
Reading cluster file hl_clusters_073.csv
Reading rms file hl_summary_073.csv
Reading cluster file hl_clusters_074.csv
Reading rms file hl_summary_074.csv
Reading cluster file hl_clusters_075.csv
Reading rms file hl_summary_075.csv
Reading cluster file hl_clusters_076.csv
Reading rms file hl_summary_076.csv
Reading cluster file hl_clusters_077.csv
Reading rms file hl_summary_077.csv
Reading cluster file hl_clusters_078.csv
Reading rms file hl_summary_078.csv
Reading cluster file hl_clusters_079.csv
Reading rms file hl_summary_079.csv
Reading cluster file hl_clusters_080.csv
Reading rms file hl_summary_080.csv
Reading cluster file hl_clusters_081.csv
Reading rms file hl_summary_081.csv
Reading cluster file hl_clusters_082.csv
Reading rms file hl_summary_082.csv
Reading cluster file hl_clusters_083.csv
Reading rms file hl_summary_083.csv
Reading cluster file hl_clusters_084.csv
Reading rms file hl_summary_084.csv
Reading cluster file hl_clusters_085.csv
Reading rms file hl_summary_085.csv
Reading cluster file hl_clusters_086.csv
Reading rms file hl_summary_086.csv
Reading cluster file hl_clusters_087.csv
Reading rms file hl_summary_087.csv
Reading cluster file hl_clusters_088.csv
Reading rms file hl_summary_088.csv
Reading cluster file hl_clusters_089.csv
Reading rms file hl_summary_089.csv
Reading cluster file hl_clusters_090.csv
Reading rms file hl_summary_090.csv
Reading cluster file hl_clusters_091.csv
Reading rms file hl_summary_091.csv
Reading cluster file hl_clusters_092.csv
Reading rms file hl_summary_092.csv
Reading cluster file hl_clusters_093.csv
Reading rms file hl_summary_093.csv
Reading cluster file hl_clusters_094.csv
Reading rms file hl_summary_094.csv
Reading cluster file hl_clusters_095.csv
Reading rms file hl_summary_095.csv
Found 40390 clusters
Accepted good cluster 1 with metric 0.00115741
Accepted good cluster 2 with metric 0.000692381
Accepted good cluster 3 with metric 0.000387866
Accepted good cluster 4 with metric 0.000367978
Accepted good cluster 5 with metric 0.000310428
Accepted good cluster 6 with metric 0.000309577
Accepted good cluster 7 with metric 0.000270596
Accepted good cluster 8 with metric 0.000248149
Accepted good cluster 9 with metric 0.000236328
Accepted good cluster 10 with metric 0.000218513
Accepted good cluster 11 with metric 0.000217739
Accepted good cluster 12 with metric 0.000215093
Accepted good cluster 13 with metric 0.000213609
Accepted good cluster 14 with metric 0.000201418
Accepted good cluster 15 with metric 0.000184638
Accepted good cluster 16 with metric 0.000183551
Accepted good cluster 17 with metric 0.000167687
Accepted good cluster 18 with metric 0.000141848
Accepted good cluster 19 with metric 0.00012429
Accepted good cluster 20 with metric 0.000123723
Accepted good cluster 21 with metric 0.000121965
Accepted good cluster 22 with metric 0.000118929
Accepted good cluster 23 with metric 0.000118546
Accepted good cluster 24 with metric 0.000118036
Accepted good cluster 25 with metric 0.000110355
Accepted good cluster 26 with metric 0.000106417
Accepted good cluster 27 with metric 0.000101955
Accepted good cluster 28 with metric 9.8223e-05
Accepted good cluster 29 with metric 9.80498e-05
Accepted good cluster 30 with metric 9.60626e-05
Accepted good cluster 31 with metric 9.06146e-05
Accepted good cluster 32 with metric 7.97702e-05
Accepted good cluster 33 with metric 7.86381e-05
Accepted good cluster 34 with metric 7.83964e-05
Accepted good cluster 35 with metric 7.35998e-05
Accepted good cluster 36 with metric 6.37593e-05
Accepted good cluster 37 with metric 6.16e-05
Accepted good cluster 38 with metric 6.12531e-05
Accepted good cluster 39 with metric 6.04157e-05
Accepted good cluster 40 with metric 5.95894e-05
Accepted good cluster 41 with metric 5.93594e-05
Accepted good cluster 42 with metric 5.90707e-05
Accepted good cluster 43 with metric 5.86866e-05
Accepted good cluster 44 with metric 5.66287e-05
Accepted good cluster 45 with metric 5.63543e-05
Accepted good cluster 46 with metric 5.45059e-05
Accepted good cluster 47 with metric 5.35188e-05
Accepted good cluster 48 with metric 4.90397e-05
Accepted good cluster 49 with metric 4.80847e-05
Accepted good cluster 50 with metric 4.54096e-05
Accepted good cluster 51 with metric 4.39251e-05
Accepted good cluster 52 with metric 4.21983e-05
Accepted good cluster 53 with metric 4.1465e-05
Accepted good cluster 54 with metric 4.12202e-05
Accepted good cluster 55 with metric 4.08035e-05
Accepted good cluster 56 with metric 3.94067e-05
Accepted good cluster 57 with metric 3.9295e-05
Accepted good cluster 58 with metric 3.88275e-05
Accepted good cluster 59 with metric 3.8651e-05
Accepted good cluster 60 with metric 3.8488e-05
Accepted good cluster 61 with metric 3.8399e-05
Accepted good cluster 62 with metric 3.78978e-05
Accepted good cluster 63 with metric 3.73916e-05
Accepted good cluster 64 with metric 3.70853e-05
Accepted good cluster 65 with metric 3.69027e-05
Accepted good cluster 66 with metric 3.68232e-05
Accepted good cluster 67 with metric 3.64214e-05
Accepted good cluster 68 with metric 3.61176e-05
Accepted good cluster 69 with metric 3.55796e-05
Accepted good cluster 70 with metric 3.51424e-05
Accepted good cluster 71 with metric 3.47063e-05
Accepted good cluster 72 with metric 3.41864e-05
Accepted good cluster 73 with metric 3.379e-05
Accepted good cluster 74 with metric 3.34823e-05
Accepted good cluster 75 with metric 3.33393e-05
Accepted good cluster 76 with metric 3.33081e-05
Accepted good cluster 77 with metric 3.24655e-05
Accepted good cluster 78 with metric 3.23243e-05
Accepted good cluster 79 with metric 3.14229e-05
Accepted good cluster 80 with metric 3.12584e-05
Accepted good cluster 81 with metric 3.09985e-05
Accepted good cluster 82 with metric 3.01679e-05
Accepted good cluster 83 with metric 3.00188e-05
Accepted good cluster 84 with metric 2.97223e-05
Accepted good cluster 85 with metric 2.96648e-05
Accepted good cluster 86 with metric 2.96542e-05
Accepted good cluster 87 with metric 2.94223e-05
Accepted good cluster 88 with metric 2.92191e-05
Accepted good cluster 89 with metric 2.91351e-05
Accepted good cluster 90 with metric 2.84903e-05
Accepted good cluster 91 with metric 2.84538e-05
Accepted good cluster 92 with metric 2.84184e-05
Accepted good cluster 93 with metric 2.82402e-05
Accepted good cluster 94 with metric 2.81937e-05
Accepted good cluster 95 with metric 2.80249e-05
Accepted good cluster 96 with metric 2.7217e-05
Accepted good cluster 97 with metric 2.70737e-05
Accepted good cluster 98 with metric 2.70696e-05
Accepted good cluster 99 with metric 2.68953e-05
Accepted good cluster 100 with metric 2.66069e-05
Accepted good cluster 101 with metric 2.64387e-05
Accepted good cluster 102 with metric 2.64365e-05
Accepted good cluster 103 with metric 2.64265e-05
Accepted good cluster 104 with metric 2.61478e-05
Accepted good cluster 105 with metric 2.61132e-05
Accepted good cluster 106 with metric 2.57729e-05
Accepted good cluster 107 with metric 2.53095e-05
Accepted good cluster 108 with metric 2.49882e-05
Accepted good cluster 109 with metric 2.49871e-05
Accepted good cluster 110 with metric 2.48059e-05
Accepted good cluster 111 with metric 2.45853e-05
Accepted good cluster 112 with metric 2.45823e-05
Accepted good cluster 113 with metric 2.44185e-05
Accepted good cluster 114 with metric 2.44088e-05
Accepted good cluster 115 with metric 2.42887e-05
Accepted good cluster 116 with metric 2.42325e-05
Accepted good cluster 117 with metric 2.36943e-05
Accepted good cluster 118 with metric 2.36379e-05
Accepted good cluster 119 with metric 2.34891e-05
Accepted good cluster 120 with metric 2.3321e-05
Accepted good cluster 121 with metric 2.31435e-05
Accepted good cluster 122 with metric 2.30407e-05
Accepted good cluster 123 with metric 2.29822e-05
Accepted good cluster 124 with metric 2.29559e-05
Accepted good cluster 125 with metric 2.27917e-05
Accepted good cluster 126 with metric 2.23081e-05
Accepted good cluster 127 with metric 2.22706e-05
Accepted good cluster 128 with metric 2.22428e-05
Accepted good cluster 129 with metric 2.21635e-05
Accepted good cluster 130 with metric 2.20955e-05
Accepted good cluster 131 with metric 2.20702e-05
Accepted good cluster 132 with metric 2.16825e-05
Accepted good cluster 133 with metric 2.16126e-05
Accepted good cluster 134 with metric 2.12602e-05
Accepted good cluster 135 with metric 2.09732e-05
Accepted good cluster 136 with metric 2.07895e-05
Accepted good cluster 137 with metric 2.07389e-05
Accepted good cluster 138 with metric 2.07387e-05
Accepted good cluster 139 with metric 2.04871e-05
Accepted good cluster 140 with metric 2.04684e-05
Accepted good cluster 141 with metric 2.03833e-05
Accepted good cluster 142 with metric 2.03655e-05
Accepted good cluster 143 with metric 2.0328e-05
Accepted good cluster 144 with metric 2.02218e-05
Accepted good cluster 145 with metric 2.0163e-05
Accepted good cluster 146 with metric 2.00701e-05
Accepted good cluster 147 with metric 1.99802e-05
Accepted good cluster 148 with metric 1.99565e-05
Accepted good cluster 149 with metric 1.97485e-05
Accepted good cluster 150 with metric 1.95769e-05
Accepted good cluster 151 with metric 1.95641e-05
Accepted good cluster 152 with metric 1.9418e-05
Accepted good cluster 153 with metric 1.92052e-05
Accepted good cluster 154 with metric 1.88107e-05
Accepted good cluster 155 with metric 1.87816e-05
Accepted good cluster 156 with metric 1.87732e-05
Accepted good cluster 157 with metric 1.85453e-05
Accepted good cluster 158 with metric 1.84456e-05
Accepted good cluster 159 with metric 1.84053e-05
Accepted good cluster 160 with metric 1.83857e-05
Accepted good cluster 161 with metric 1.83743e-05
Accepted good cluster 162 with metric 1.83391e-05
Accepted good cluster 163 with metric 1.82839e-05
Accepted good cluster 164 with metric 1.82271e-05
Accepted good cluster 165 with metric 1.81238e-05
Accepted good cluster 166 with metric 1.81219e-05
Accepted good cluster 167 with metric 1.80943e-05
Accepted good cluster 168 with metric 1.78543e-05
Accepted good cluster 169 with metric 1.76574e-05
Accepted good cluster 170 with metric 1.75864e-05
Accepted good cluster 171 with metric 1.74807e-05
Accepted good cluster 172 with metric 1.72301e-05
Accepted good cluster 173 with metric 1.71426e-05
Accepted good cluster 174 with metric 1.71305e-05
Accepted good cluster 175 with metric 1.70867e-05
Accepted good cluster 176 with metric 1.70565e-05
Accepted good cluster 177 with metric 1.70461e-05
Accepted good cluster 178 with metric 1.69999e-05
Accepted good cluster 179 with metric 1.69175e-05
Accepted good cluster 180 with metric 1.66007e-05
Accepted good cluster 181 with metric 1.64081e-05
Accepted good cluster 182 with metric 1.63556e-05
Accepted good cluster 183 with metric 1.61896e-05
Accepted good cluster 184 with metric 1.60986e-05
Accepted good cluster 185 with metric 1.60543e-05
Accepted good cluster 186 with metric 1.60492e-05
Accepted good cluster 187 with metric 1.60413e-05
Accepted good cluster 188 with metric 1.6037e-05
Accepted good cluster 189 with metric 1.59839e-05
Accepted good cluster 190 with metric 1.59767e-05
Accepted good cluster 191 with metric 1.59744e-05
Accepted good cluster 192 with metric 1.58609e-05
Accepted good cluster 193 with metric 1.57183e-05
Accepted good cluster 194 with metric 1.5668e-05
Accepted good cluster 195 with metric 1.56138e-05
Accepted good cluster 196 with metric 1.55966e-05
Accepted good cluster 197 with metric 1.55761e-05
Accepted good cluster 198 with metric 1.55446e-05
Accepted good cluster 199 with metric 1.53406e-05
Accepted good cluster 200 with metric 1.5323e-05
Accepted good cluster 201 with metric 1.52358e-05
Accepted good cluster 202 with metric 1.52284e-05
Accepted good cluster 203 with metric 1.5208e-05
Accepted good cluster 204 with metric 1.51751e-05
Accepted good cluster 205 with metric 1.49902e-05
Accepted good cluster 206 with metric 1.49259e-05
Accepted good cluster 207 with metric 1.48467e-05
Accepted good cluster 208 with metric 1.4827e-05
Accepted good cluster 209 with metric 1.48111e-05
Accepted good cluster 210 with metric 1.47414e-05
Accepted good cluster 211 with metric 1.47158e-05
Accepted good cluster 212 with metric 1.46737e-05
Accepted good cluster 213 with metric 1.46677e-05
Accepted good cluster 214 with metric 1.46094e-05
Accepted good cluster 215 with metric 1.44197e-05
Accepted good cluster 216 with metric 1.44117e-05
Accepted good cluster 217 with metric 1.43697e-05
Accepted good cluster 218 with metric 1.43354e-05
Accepted good cluster 219 with metric 1.42926e-05
Accepted good cluster 220 with metric 1.42256e-05
Accepted good cluster 221 with metric 1.42114e-05
Accepted good cluster 222 with metric 1.38506e-05
Accepted good cluster 223 with metric 1.36976e-05
Accepted good cluster 224 with metric 1.36375e-05
Accepted good cluster 225 with metric 1.36233e-05
Accepted good cluster 226 with metric 1.36147e-05
Accepted good cluster 227 with metric 1.34907e-05
Accepted good cluster 228 with metric 1.33689e-05
Accepted good cluster 229 with metric 1.31621e-05
Accepted good cluster 230 with metric 1.31422e-05
Accepted good cluster 231 with metric 1.30756e-05
Accepted good cluster 232 with metric 1.30409e-05
Accepted good cluster 233 with metric 1.30219e-05
Accepted good cluster 234 with metric 1.29973e-05
Accepted good cluster 235 with metric 1.28446e-05
Accepted good cluster 236 with metric 1.28232e-05
Accepted good cluster 237 with metric 1.28132e-05
Accepted good cluster 238 with metric 1.28098e-05
Accepted good cluster 239 with metric 1.27887e-05
Accepted good cluster 240 with metric 1.27683e-05
Accepted good cluster 241 with metric 1.27602e-05
Accepted good cluster 242 with metric 1.26862e-05
Accepted good cluster 243 with metric 1.25772e-05
Accepted good cluster 244 with metric 1.2494e-05
Accepted good cluster 245 with metric 1.24431e-05
Accepted good cluster 246 with metric 1.24047e-05
Accepted good cluster 247 with metric 1.24012e-05
Accepted good cluster 248 with metric 1.23239e-05
Accepted good cluster 249 with metric 1.22976e-05
Accepted good cluster 250 with metric 1.21847e-05
Accepted good cluster 251 with metric 1.21189e-05
Accepted good cluster 252 with metric 1.21097e-05
Accepted good cluster 253 with metric 1.20877e-05
Accepted good cluster 254 with metric 1.20371e-05
Accepted good cluster 255 with metric 1.19267e-05
Accepted good cluster 256 with metric 1.19053e-05
Accepted good cluster 257 with metric 1.18451e-05
Accepted good cluster 258 with metric 1.17892e-05
Accepted good cluster 259 with metric 1.16442e-05
Accepted good cluster 260 with metric 1.15394e-05
Accepted good cluster 261 with metric 1.14959e-05
Accepted good cluster 262 with metric 1.14009e-05
Accepted good cluster 263 with metric 1.12899e-05
Accepted good cluster 264 with metric 1.1236e-05
Accepted good cluster 265 with metric 1.11275e-05
Accepted good cluster 266 with metric 1.10986e-05
Accepted good cluster 267 with metric 1.10831e-05
Accepted good cluster 268 with metric 1.1069e-05
Accepted good cluster 269 with metric 1.10043e-05
Accepted good cluster 270 with metric 1.10042e-05
Accepted good cluster 271 with metric 1.09838e-05
Accepted good cluster 272 with metric 1.09628e-05
Accepted good cluster 273 with metric 1.09581e-05
Accepted good cluster 274 with metric 1.08668e-05
Accepted good cluster 275 with metric 1.08585e-05
Accepted good cluster 276 with metric 1.07746e-05
Accepted good cluster 277 with metric 1.06763e-05
Accepted good cluster 278 with metric 1.06747e-05
Accepted good cluster 279 with metric 1.06162e-05
Accepted good cluster 280 with metric 1.05345e-05
Accepted good cluster 281 with metric 1.0377e-05
Accepted good cluster 282 with metric 1.03665e-05
Accepted good cluster 283 with metric 1.03124e-05
Accepted good cluster 284 with metric 1.01574e-05
Accepted good cluster 285 with metric 1.0153e-05
Accepted good cluster 286 with metric 1.00476e-05
Accepted good cluster 287 with metric 1.00166e-05
Accepted good cluster 288 with metric 1.00002e-05
Accepted good cluster 289 with metric 9.94029e-06
Accepted good cluster 290 with metric 9.93751e-06
Accepted good cluster 291 with metric 9.91844e-06
Accepted good cluster 292 with metric 9.85446e-06
Accepted good cluster 293 with metric 9.71247e-06
Accepted good cluster 294 with metric 9.69937e-06
Accepted good cluster 295 with metric 9.61485e-06
Accepted good cluster 296 with metric 9.44041e-06
Accepted good cluster 297 with metric 9.44024e-06
Accepted good cluster 298 with metric 9.31947e-06
Accepted good cluster 299 with metric 9.31561e-06
Accepted good cluster 300 with metric 9.31345e-06
Accepted good cluster 301 with metric 9.29693e-06
Accepted good cluster 302 with metric 9.28884e-06
Accepted good cluster 303 with metric 9.21371e-06
Accepted good cluster 304 with metric 9.19684e-06
Accepted good cluster 305 with metric 9.18849e-06
Accepted good cluster 306 with metric 9.15306e-06
Accepted good cluster 307 with metric 9.12429e-06
Accepted good cluster 308 with metric 9.11472e-06
Accepted good cluster 309 with metric 9.10845e-06
Accepted good cluster 310 with metric 9.01625e-06
Accepted good cluster 311 with metric 8.97436e-06
Accepted good cluster 312 with metric 8.97197e-06
Accepted good cluster 313 with metric 8.91799e-06
Accepted good cluster 314 with metric 8.89289e-06
Accepted good cluster 315 with metric 8.83051e-06
Accepted good cluster 316 with metric 8.82651e-06
Accepted good cluster 317 with metric 8.80191e-06
Accepted good cluster 318 with metric 8.79509e-06
Accepted good cluster 319 with metric 8.76769e-06
Accepted good cluster 320 with metric 8.74574e-06
Accepted good cluster 321 with metric 8.73888e-06
Accepted good cluster 322 with metric 8.69258e-06
Accepted good cluster 323 with metric 8.6527e-06
Accepted good cluster 324 with metric 8.64861e-06
Accepted good cluster 325 with metric 8.63831e-06
Accepted good cluster 326 with metric 8.61454e-06
Accepted good cluster 327 with metric 8.60367e-06
Accepted good cluster 328 with metric 8.60333e-06
Accepted good cluster 329 with metric 8.60151e-06
Accepted good cluster 330 with metric 8.54612e-06
Accepted good cluster 331 with metric 8.45287e-06
Accepted good cluster 332 with metric 8.38761e-06
Accepted good cluster 333 with metric 8.33519e-06
Accepted good cluster 334 with metric 8.28592e-06
Accepted good cluster 335 with metric 8.27572e-06
Accepted good cluster 336 with metric 8.24445e-06
Accepted good cluster 337 with metric 8.24195e-06
Accepted good cluster 338 with metric 8.19788e-06
Accepted good cluster 339 with metric 8.17363e-06
Accepted good cluster 340 with metric 8.16722e-06
Accepted good cluster 341 with metric 8.15243e-06
Accepted good cluster 342 with metric 8.11223e-06
Accepted good cluster 343 with metric 8.09193e-06
Accepted good cluster 344 with metric 8.08112e-06
Accepted good cluster 345 with metric 8.06075e-06
Accepted good cluster 346 with metric 8.02843e-06
Accepted good cluster 347 with metric 8.02693e-06
Accepted good cluster 348 with metric 7.94325e-06
Accepted good cluster 349 with metric 7.91858e-06
Accepted good cluster 350 with metric 7.77174e-06
Accepted good cluster 351 with metric 7.75463e-06
Accepted good cluster 352 with metric 7.71435e-06
Accepted good cluster 353 with metric 7.7114e-06
Accepted good cluster 354 with metric 7.68831e-06
Accepted good cluster 355 with metric 7.68228e-06
Accepted good cluster 356 with metric 7.67973e-06
Accepted good cluster 357 with metric 7.65269e-06
Accepted good cluster 358 with metric 7.61817e-06
Accepted good cluster 359 with metric 7.5983e-06
Accepted good cluster 360 with metric 7.5978e-06
Accepted good cluster 361 with metric 7.58184e-06
Accepted good cluster 362 with metric 7.56314e-06
Accepted good cluster 363 with metric 7.50596e-06
Accepted good cluster 364 with metric 7.49677e-06
Accepted good cluster 365 with metric 7.48038e-06
Accepted good cluster 366 with metric 7.47425e-06
Accepted good cluster 367 with metric 7.46757e-06
Accepted good cluster 368 with metric 7.43855e-06
Accepted good cluster 369 with metric 7.39627e-06
Accepted good cluster 370 with metric 7.39384e-06
Accepted good cluster 371 with metric 7.36682e-06
Accepted good cluster 372 with metric 7.34816e-06
Accepted good cluster 373 with metric 7.24153e-06
Accepted good cluster 374 with metric 7.23427e-06
Accepted good cluster 375 with metric 7.20597e-06
Accepted good cluster 376 with metric 7.1904e-06
Accepted good cluster 377 with metric 7.13596e-06
Accepted good cluster 378 with metric 7.11471e-06
Accepted good cluster 379 with metric 7.07051e-06
Accepted good cluster 380 with metric 7.0265e-06
Accepted good cluster 381 with metric 7.02158e-06
Accepted good cluster 382 with metric 7.00625e-06
Accepted good cluster 383 with metric 7.00088e-06
Accepted good cluster 384 with metric 6.99748e-06
Accepted good cluster 385 with metric 6.98366e-06
Accepted good cluster 386 with metric 6.90479e-06
Accepted good cluster 387 with metric 6.85084e-06
Accepted good cluster 388 with metric 6.82791e-06
Accepted good cluster 389 with metric 6.74948e-06
Accepted good cluster 390 with metric 6.7307e-06
Accepted good cluster 391 with metric 6.71199e-06
Accepted good cluster 392 with metric 6.70519e-06
Accepted good cluster 393 with metric 6.6952e-06
Accepted good cluster 394 with metric 6.61748e-06
Accepted good cluster 395 with metric 6.60748e-06
Accepted good cluster 396 with metric 6.51438e-06
Accepted good cluster 397 with metric 6.49282e-06
Accepted good cluster 398 with metric 6.48622e-06
Accepted good cluster 399 with metric 6.48102e-06
Accepted good cluster 400 with metric 6.45767e-06
Accepted good cluster 401 with metric 6.43804e-06
Accepted good cluster 402 with metric 6.3913e-06
Accepted good cluster 403 with metric 6.38933e-06
Accepted good cluster 404 with metric 6.3862e-06
Accepted good cluster 405 with metric 6.38222e-06
Accepted good cluster 406 with metric 6.37027e-06
Accepted good cluster 407 with metric 6.35148e-06
Accepted good cluster 408 with metric 6.34718e-06
Accepted good cluster 409 with metric 6.34187e-06
Accepted good cluster 410 with metric 6.33941e-06
Accepted good cluster 411 with metric 6.33809e-06
Accepted good cluster 412 with metric 6.31172e-06
Accepted good cluster 413 with metric 6.30477e-06
Accepted good cluster 414 with metric 6.30324e-06
Accepted good cluster 415 with metric 6.29817e-06
Accepted good cluster 416 with metric 6.29428e-06
Accepted good cluster 417 with metric 6.27094e-06
Accepted good cluster 418 with metric 6.26145e-06
Accepted good cluster 419 with metric 6.22912e-06
Accepted good cluster 420 with metric 6.21131e-06
Accepted good cluster 421 with metric 6.1886e-06
Accepted good cluster 422 with metric 6.18598e-06
Accepted good cluster 423 with metric 6.17164e-06
Accepted good cluster 424 with metric 6.1694e-06
Accepted good cluster 425 with metric 6.13141e-06
Accepted good cluster 426 with metric 6.09874e-06
Accepted good cluster 427 with metric 6.04836e-06
Accepted good cluster 428 with metric 6.03003e-06
Accepted good cluster 429 with metric 6.02771e-06
Accepted good cluster 430 with metric 5.99362e-06
Accepted good cluster 431 with metric 5.97775e-06
Accepted good cluster 432 with metric 5.97255e-06
Accepted good cluster 433 with metric 5.96997e-06
Accepted good cluster 434 with metric 5.9411e-06
Accepted good cluster 435 with metric 5.92099e-06
Accepted good cluster 436 with metric 5.90416e-06
Accepted good cluster 437 with metric 5.89345e-06
Accepted good cluster 438 with metric 5.85808e-06
Accepted good cluster 439 with metric 5.8249e-06
Accepted good cluster 440 with metric 5.78614e-06
Accepted good cluster 441 with metric 5.77972e-06
Accepted good cluster 442 with metric 5.75298e-06
Accepted good cluster 443 with metric 5.74769e-06
Accepted good cluster 444 with metric 5.7338e-06
Accepted good cluster 445 with metric 5.72442e-06
Accepted good cluster 446 with metric 5.71117e-06
Accepted good cluster 447 with metric 5.70676e-06
Accepted good cluster 448 with metric 5.70346e-06
Accepted good cluster 449 with metric 5.69167e-06
Accepted good cluster 450 with metric 5.69076e-06
Accepted good cluster 451 with metric 5.67312e-06
Accepted good cluster 452 with metric 5.67049e-06
Accepted good cluster 453 with metric 5.64274e-06
Accepted good cluster 454 with metric 5.64192e-06
Accepted good cluster 455 with metric 5.56965e-06
Accepted good cluster 456 with metric 5.54382e-06
Accepted good cluster 457 with metric 5.5346e-06
Accepted good cluster 458 with metric 5.48068e-06
Accepted good cluster 459 with metric 5.43249e-06
Accepted good cluster 460 with metric 5.42131e-06
Accepted good cluster 461 with metric 5.4123e-06
Accepted good cluster 462 with metric 5.39511e-06
Accepted good cluster 463 with metric 5.37121e-06
Accepted good cluster 464 with metric 5.30458e-06
Accepted good cluster 465 with metric 5.30401e-06
Accepted good cluster 466 with metric 5.24754e-06
Accepted good cluster 467 with metric 5.23485e-06
Accepted good cluster 468 with metric 5.20002e-06
Accepted good cluster 469 with metric 5.14829e-06
Accepted good cluster 470 with metric 5.11665e-06
Accepted good cluster 471 with metric 5.10818e-06
Accepted good cluster 472 with metric 5.08537e-06
Accepted good cluster 473 with metric 5.0792e-06
Accepted good cluster 474 with metric 5.07478e-06
Accepted good cluster 475 with metric 5.0562e-06
Accepted good cluster 476 with metric 5.01088e-06
Accepted good cluster 477 with metric 5.00921e-06
Accepted good cluster 478 with metric 4.99487e-06
Accepted good cluster 479 with metric 4.95406e-06
Accepted good cluster 480 with metric 4.95007e-06
Accepted good cluster 481 with metric 4.87876e-06
Accepted good cluster 482 with metric 4.84988e-06
Accepted good cluster 483 with metric 4.84311e-06
Accepted good cluster 484 with metric 4.84289e-06
Accepted good cluster 485 with metric 4.83699e-06
Accepted good cluster 486 with metric 4.82733e-06
Accepted good cluster 487 with metric 4.81312e-06
Accepted good cluster 488 with metric 4.79791e-06
Accepted good cluster 489 with metric 4.78154e-06
Accepted good cluster 490 with metric 4.76134e-06
Accepted good cluster 491 with metric 4.75701e-06
Accepted good cluster 492 with metric 4.70139e-06
Accepted good cluster 493 with metric 4.58953e-06
Accepted good cluster 494 with metric 4.58736e-06
Accepted good cluster 495 with metric 4.57791e-06
Accepted good cluster 496 with metric 4.56319e-06
Accepted good cluster 497 with metric 4.55706e-06
Accepted good cluster 498 with metric 4.47945e-06
Accepted good cluster 499 with metric 4.44626e-06
Accepted good cluster 500 with metric 4.43544e-06
Accepted good cluster 501 with metric 4.43275e-06
Accepted good cluster 502 with metric 4.40745e-06
Accepted good cluster 503 with metric 4.38068e-06
Accepted good cluster 504 with metric 4.37678e-06
Accepted good cluster 505 with metric 4.36532e-06
Accepted good cluster 506 with metric 4.36325e-06
Accepted good cluster 507 with metric 4.35005e-06
Accepted good cluster 508 with metric 4.34287e-06
Accepted good cluster 509 with metric 4.32587e-06
Accepted good cluster 510 with metric 4.31713e-06
Accepted good cluster 511 with metric 4.28097e-06
Accepted good cluster 512 with metric 4.26691e-06
Accepted good cluster 513 with metric 4.25693e-06
Accepted good cluster 514 with metric 4.24376e-06
Accepted good cluster 515 with metric 4.217e-06
Accepted good cluster 516 with metric 4.17337e-06
Accepted good cluster 517 with metric 4.15831e-06
Accepted good cluster 518 with metric 4.12651e-06
Accepted good cluster 519 with metric 4.10261e-06
Accepted good cluster 520 with metric 4.08736e-06
Accepted good cluster 521 with metric 4.01276e-06
Accepted good cluster 522 with metric 3.99365e-06
Accepted good cluster 523 with metric 3.98608e-06
Accepted good cluster 524 with metric 3.95124e-06
Accepted good cluster 525 with metric 3.87187e-06
Accepted good cluster 526 with metric 3.84256e-06
Accepted good cluster 527 with metric 3.7788e-06
Accepted good cluster 528 with metric 3.77862e-06
Accepted good cluster 529 with metric 3.72964e-06
Accepted good cluster 530 with metric 3.62924e-06
Accepted good cluster 531 with metric 3.58331e-06
Accepted good cluster 532 with metric 3.56397e-06
Accepted good cluster 533 with metric 3.52002e-06
Accepted good cluster 534 with metric 3.42714e-06
Accepted good cluster 535 with metric 3.40705e-06
Accepted good cluster 536 with metric 3.35434e-06
Accepted good cluster 537 with metric 3.34201e-06
Accepted good cluster 538 with metric 3.31808e-06
Accepted good cluster 539 with metric 3.30765e-06
Accepted good cluster 540 with metric 3.28707e-06
Accepted good cluster 541 with metric 3.24357e-06
Accepted good cluster 542 with metric 3.20973e-06
Accepted good cluster 543 with metric 3.15881e-06
Accepted good cluster 544 with metric 3.15518e-06
Accepted good cluster 545 with metric 3.13807e-06
Accepted good cluster 546 with metric 3.12538e-06
Accepted good cluster 547 with metric 3.09931e-06
Accepted good cluster 548 with metric 3.09129e-06
Accepted good cluster 549 with metric 3.08693e-06
Accepted good cluster 550 with metric 2.94053e-06
Accepted good cluster 551 with metric 2.91295e-06
Accepted good cluster 552 with metric 2.87777e-06
Accepted good cluster 553 with metric 2.85749e-06
Accepted good cluster 554 with metric 2.84251e-06
Accepted good cluster 555 with metric 2.83857e-06
Accepted good cluster 556 with metric 2.80175e-06
Accepted good cluster 557 with metric 2.73502e-06
Accepted good cluster 558 with metric 2.59457e-06
Accepted good cluster 559 with metric 2.52476e-06
Accepted good cluster 560 with metric 2.45498e-06
Accepted good cluster 561 with metric 2.41469e-06
Accepted good cluster 562 with metric 2.00609e-06
Accepted good cluster 563 with metric 1.8372e-06
Accepted good cluster 564 with metric 1.40641e-06
Accepted good cluster 565 with metric 1.37611e-06
Accepted good cluster 566 with metric 1.36134e-06
Accepted good cluster 567 with metric 1.35241e-06
Accepted good cluster 568 with metric 1.20936e-06
Accepted good cluster 569 with metric 1.20128e-06
Accepted good cluster 570 with metric 1.10747e-06
Accepted good cluster 571 with metric 1.00989e-06
Accepted good cluster 572 with metric 9.33058e-07
Accepted good cluster 573 with metric 9.12001e-07
Accepted good cluster 574 with metric 8.58119e-07
Accepted good cluster 575 with metric 8.04109e-07
Accepted good cluster 576 with metric 7.95009e-07
Accepted good cluster 577 with metric 7.916e-07
Accepted good cluster 578 with metric 7.75659e-07
Accepted good cluster 579 with metric 7.57892e-07
Accepted good cluster 580 with metric 7.25067e-07
Accepted good cluster 581 with metric 7.2039e-07
Accepted good cluster 582 with metric 6.83117e-07
Accepted good cluster 583 with metric 6.80372e-07
Accepted good cluster 584 with metric 6.79924e-07
Accepted good cluster 585 with metric 6.77713e-07
Accepted good cluster 586 with metric 6.65185e-07
Accepted good cluster 587 with metric 6.59736e-07
Accepted good cluster 588 with metric 6.24843e-07
Accepted good cluster 589 with metric 6.18992e-07
Accepted good cluster 590 with metric 6.02795e-07
Accepted good cluster 591 with metric 5.65526e-07
Accepted good cluster 592 with metric 5.59623e-07
Accepted good cluster 593 with metric 5.5656e-07
Accepted good cluster 594 with metric 5.41418e-07
Accepted good cluster 595 with metric 5.31463e-07
Accepted good cluster 596 with metric 5.27191e-07
Accepted good cluster 597 with metric 5.21316e-07
Accepted good cluster 598 with metric 5.16373e-07
Accepted good cluster 599 with metric 5.15479e-07
Accepted good cluster 600 with metric 5.07846e-07
Accepted good cluster 601 with metric 4.99356e-07
Accepted good cluster 602 with metric 4.7453e-07
Accepted good cluster 603 with metric 4.5264e-07
Accepted good cluster 604 with metric 4.47002e-07
Accepted good cluster 605 with metric 4.34076e-07
Accepted good cluster 606 with metric 4.32115e-07
Accepted good cluster 607 with metric 4.28687e-07
Accepted good cluster 608 with metric 4.18564e-07
Accepted good cluster 609 with metric 4.16676e-07
Accepted good cluster 610 with metric 3.80578e-07
Accepted good cluster 611 with metric 3.75534e-07
Accepted good cluster 612 with metric 3.7262e-07
Accepted good cluster 613 with metric 3.66536e-07
Accepted good cluster 614 with metric 3.51112e-07
Accepted good cluster 615 with metric 3.37621e-07
Accepted good cluster 616 with metric 3.21422e-07
Accepted good cluster 617 with metric 3.14107e-07
Accepted good cluster 618 with metric 3.12965e-07
Accepted good cluster 619 with metric 3.10667e-07
Accepted good cluster 620 with metric 3.00624e-07
Accepted good cluster 621 with metric 2.98736e-07
Accepted good cluster 622 with metric 2.88486e-07
Accepted good cluster 623 with metric 2.87206e-07
Accepted good cluster 624 with metric 2.82595e-07
Accepted good cluster 625 with metric 2.77235e-07
Accepted good cluster 626 with metric 2.71836e-07
Accepted good cluster 627 with metric 2.71352e-07
Accepted good cluster 628 with metric 2.68483e-07
Accepted good cluster 629 with metric 2.62412e-07
Accepted good cluster 630 with metric 2.60784e-07
Accepted good cluster 631 with metric 2.60628e-07
Accepted good cluster 632 with metric 2.59335e-07
Accepted good cluster 633 with metric 2.55832e-07
Accepted good cluster 634 with metric 2.54842e-07
Accepted good cluster 635 with metric 2.5277e-07
Accepted good cluster 636 with metric 2.51708e-07
Accepted good cluster 637 with metric 2.48646e-07
Accepted good cluster 638 with metric 2.4506e-07
Accepted good cluster 639 with metric 2.43119e-07
Accepted good cluster 640 with metric 2.39992e-07
Accepted good cluster 641 with metric 2.39828e-07
Accepted good cluster 642 with metric 2.38882e-07
Accepted good cluster 643 with metric 2.37983e-07
Accepted good cluster 644 with metric 2.34035e-07
Accepted good cluster 645 with metric 2.32131e-07
Accepted good cluster 646 with metric 2.29808e-07
Accepted good cluster 647 with metric 2.26406e-07
Accepted good cluster 648 with metric 2.2287e-07
Accepted good cluster 649 with metric 2.21429e-07
Accepted good cluster 650 with metric 2.16208e-07
Accepted good cluster 651 with metric 2.15382e-07
Accepted good cluster 652 with metric 2.13854e-07
Accepted good cluster 653 with metric 2.13412e-07
Accepted good cluster 654 with metric 2.11398e-07
Accepted good cluster 655 with metric 2.10455e-07
Accepted good cluster 656 with metric 2.09946e-07
Accepted good cluster 657 with metric 2.09482e-07
Accepted good cluster 658 with metric 2.08544e-07
Accepted good cluster 659 with metric 2.0377e-07
Accepted good cluster 660 with metric 2.02699e-07
Accepted good cluster 661 with metric 1.99492e-07
Accepted good cluster 662 with metric 1.89121e-07
Accepted good cluster 663 with metric 1.87826e-07
Accepted good cluster 664 with metric 1.82939e-07
Accepted good cluster 665 with metric 1.78805e-07
Accepted good cluster 666 with metric 1.76883e-07
Accepted good cluster 667 with metric 1.76218e-07
Accepted good cluster 668 with metric 1.75383e-07
Accepted good cluster 669 with metric 1.6768e-07
Accepted good cluster 670 with metric 1.67324e-07
Accepted good cluster 671 with metric 1.6651e-07
Accepted good cluster 672 with metric 1.65671e-07
Accepted good cluster 673 with metric 1.63445e-07
Accepted good cluster 674 with metric 1.62535e-07
Accepted good cluster 675 with metric 1.6007e-07
Accepted good cluster 676 with metric 1.58203e-07
Accepted good cluster 677 with metric 1.52521e-07
Accepted good cluster 678 with metric 1.52039e-07
Accepted good cluster 679 with metric 1.51001e-07
Accepted good cluster 680 with metric 1.47127e-07
Accepted good cluster 681 with metric 1.43228e-07
Accepted good cluster 682 with metric 1.42456e-07
Accepted good cluster 683 with metric 1.3784e-07
Accepted good cluster 684 with metric 1.35255e-07
Accepted good cluster 685 with metric 1.32978e-07
Accepted good cluster 686 with metric 1.32862e-07
Accepted good cluster 687 with metric 1.32141e-07
Accepted good cluster 688 with metric 1.26183e-07
Accepted good cluster 689 with metric 1.24441e-07
Accepted good cluster 690 with metric 1.22369e-07
Accepted good cluster 691 with metric 1.1988e-07
Accepted good cluster 692 with metric 1.17806e-07
Accepted good cluster 693 with metric 1.15046e-07
Accepted good cluster 694 with metric 1.14519e-07
Accepted good cluster 695 with metric 1.13219e-07
Accepted good cluster 696 with metric 1.11655e-07
Accepted good cluster 697 with metric 1.11566e-07
Accepted good cluster 698 with metric 1.10817e-07
Accepted good cluster 699 with metric 1.07716e-07
Accepted good cluster 700 with metric 1.07343e-07
Accepted good cluster 701 with metric 1.06696e-07
Accepted good cluster 702 with metric 1.06145e-07
Accepted good cluster 703 with metric 9.85895e-08
Accepted good cluster 704 with metric 9.85827e-08
Accepted good cluster 705 with metric 9.81139e-08
Accepted good cluster 706 with metric 9.49258e-08
Accepted good cluster 707 with metric 9.40174e-08
Accepted good cluster 708 with metric 9.27988e-08
Accepted good cluster 709 with metric 9.18534e-08
Accepted good cluster 710 with metric 9.17898e-08
Accepted good cluster 711 with metric 9.09511e-08
Accepted good cluster 712 with metric 8.89847e-08
Accepted good cluster 713 with metric 8.80688e-08
Accepted good cluster 714 with metric 8.66449e-08
Accepted good cluster 715 with metric 8.57106e-08
Accepted good cluster 716 with metric 8.19557e-08
Accepted good cluster 717 with metric 8.1587e-08
Accepted good cluster 718 with metric 8.05345e-08
Accepted good cluster 719 with metric 7.64283e-08
Accepted good cluster 720 with metric 7.37291e-08
Accepted good cluster 721 with metric 7.33705e-08
Accepted good cluster 722 with metric 6.9402e-08
Accepted good cluster 723 with metric 6.93586e-08
Accepted good cluster 724 with metric 6.87419e-08
Accepted good cluster 725 with metric 6.68056e-08
Accepted good cluster 726 with metric 6.65095e-08
Accepted good cluster 727 with metric 6.39678e-08
Accepted good cluster 728 with metric 6.35112e-08
Accepted good cluster 729 with metric 6.07106e-08
Accepted good cluster 730 with metric 5.971e-08
Accepted good cluster 731 with metric 5.8348e-08
Accepted good cluster 732 with metric 5.78487e-08
Accepted good cluster 733 with metric 5.65564e-08
Accepted good cluster 734 with metric 5.60245e-08
Accepted good cluster 735 with metric 5.24132e-08
Accepted good cluster 736 with metric 5.10813e-08
Accepted good cluster 737 with metric 4.9947e-08
Accepted good cluster 738 with metric 4.9682e-08
Accepted good cluster 739 with metric 4.4305e-08
Accepted good cluster 740 with metric 4.25315e-08
Accepted good cluster 741 with metric 4.23974e-08
Accepted good cluster 742 with metric 3.70084e-08
refined tracks: 742

=== crossmatch (742 linked tracks) ===
CONFIRMED (known) : 0 tracks -> 0 distinct known asteroids re-discovered
NEW candidates    : 742 tracks (no known match)

-- NEW candidates (vet these) --
 cluster  ndet  nnights rating        obj  match_frac
      49     8        3  MIXED       None        0.00
      89     8        3  MIXED       None        0.00
       2     6        3  MIXED       None        0.00
       4     6        3  MIXED       None        0.00
       7     6        3  MIXED  2018 AX66        0.33
       8     6        3  MIXED       None        0.00
      11     6        3  MIXED       None        0.00
      12     6        3  MIXED       None        0.00
      13     6        3  MIXED       None        0.00
      15     6        3  MIXED       None        0.00
      17     6        3  MIXED       None        0.00
      20     6        3  MIXED       None        0.00
      22     6        3  MIXED       None        0.00
      26     6        3  MIXED       None        0.00
      28     6        3  MIXED       None        0.00
      34     6        3  MIXED       None        0.00
     655    10        2  MIXED       None        0.00
     658    10        2  MIXED       None        0.00
     667    10        2  MIXED       None        0.00
     686    10        2  MIXED       None        0.00
     562     8        2  MIXED       None        0.00
     567     8        2  MIXED       None        0.00
     574     8        2  MIXED       None        0.00
     582     8        2  MIXED       None        0.00
     583     8        2  MIXED       None        0.00
     585     8        2  MIXED       None        0.00
     599     8        2  MIXED       None        0.00
     602     8        2  MIXED       None        0.00
     607     8        2  MIXED       None        0.00
     611     8        2  MIXED       None        0.00
     614     8        2  MIXED       None        0.00
     621     8        2  MIXED       None        0.00
     624     8        2  MIXED       None        0.00
     635     8        2  MIXED       None        0.00
     639     8        2  MIXED       None        0.00
     654     8        2  MIXED       None        0.00
     664     8        2  MIXED       None        0.00
     665     8        2  MIXED       None        0.00
     675     8        2  MIXED       None        0.00
     676     8        2  MIXED       None        0.00
     683     8        2  MIXED       None        0.00
     684     8        2  MIXED       None        0.00
     685     8        2  MIXED       None        0.00
     687     8        2  MIXED       None        0.00
     691     8        2  MIXED       None        0.00
     699     8        2  MIXED       None        0.00
     712     8        2  MIXED       None        0.00
     716     8        2  MIXED       None        0.00
     725     8        2  MIXED       None        0.00
     729     8        2  MIXED       None        0.00
     736     8        2  MIXED       None        0.00
     737     8        2  MIXED       None        0.00
     742     8        2  MIXED       None        0.00
       1     6        2  MIXED       None        0.00
       3     6        2  MIXED       None        0.00
       5     6        2  MIXED       None        0.00
       6     6        2  MIXED       None        0.00
       9     6        2  MIXED       None        0.00
      10     6        2  MIXED 2009 BN126        0.33
      14     6        2  MIXED       None        0.00
      16     6        2  MIXED       None        0.00
      18     6        2  MIXED       None        0.00
      19     6        2  MIXED       None        0.00
      21     6        2  MIXED  2018 BW25        0.33
      23     6        2  MIXED       None        0.00
      24     6        2  MIXED       None        0.00
      25     6        2  MIXED       None        0.00
      27     6        2  MIXED       None        0.00
      29     6        2  MIXED       None        0.00
      30     6        2  MIXED       None        0.00
      31     6        2  MIXED       None        0.00
      32     6        2  MIXED       None        0.00
      33     6        2  MIXED       None        0.00
      35     6        2  MIXED       None        0.00
      36     6        2  MIXED       None        0.00
      37     6        2  MIXED       None        0.00
      38     6        2  MIXED       None        0.00
      39     6        2  MIXED       None        0.00
      40     6        2  MIXED       None        0.00
      41     6        2  MIXED       None        0.00
      42     6        2  MIXED       None        0.00
      43     6        2  MIXED       None        0.00
      44     6        2  MIXED       None        0.00
      45     6        2  MIXED       None        0.00
      46     6        2  MIXED       None        0.00
      47     6        2  MIXED       None        0.00
      48     6        2  MIXED       None        0.00
      50     6        2  MIXED       None        0.00
      51     6        2  MIXED       None        0.00
      52     6        2  MIXED       None        0.00
      53     6        2  MIXED       None        0.00
      54     6        2  MIXED       None        0.00
      55     6        2  MIXED       None        0.00
      56     6        2  MIXED       None        0.00
      57     6        2  MIXED       None        0.00
      58     6        2  MIXED  1997 YZ13        0.33
      59     6        2  MIXED       None        0.00
      60     6        2  MIXED       None        0.00
      61     6        2  MIXED       None        0.00
      62     6        2  MIXED       None        0.00
      63     6        2  MIXED       None        0.00
      64     6        2  MIXED       None        0.00
      65     6        2  MIXED       None        0.00
      66     6        2  MIXED       None        0.00
      67     6        2  MIXED       None        0.00
      68     6        2  MIXED       None        0.00
      69     6        2  MIXED       None        0.00
      70     6        2  MIXED       None        0.00
      71     6        2  MIXED       None        0.00
      72     6        2  MIXED       None        0.00
      73     6        2  MIXED       None        0.00
      74     6        2  MIXED       None        0.00
      75     6        2  MIXED  2021 WK15        0.33
      76     6        2  MIXED       None        0.00
      77     6        2  MIXED       None        0.00
      78     6        2  MIXED       None        0.00
      79     6        2  MIXED       None        0.00
      80     6        2  MIXED       None        0.00
      81     6        2  MIXED       None        0.00
      82     6        2  MIXED       None        0.00
      83     6        2  MIXED       None        0.00
      84     6        2  MIXED       None        0.00
      85     6        2  MIXED       None        0.00
      86     6        2  MIXED       None        0.00
      87     6        2  MIXED       None        0.00
      88     6        2  MIXED       None        0.00
      90     6        2  MIXED       None        0.00
      91     6        2  MIXED       None        0.00
      92     6        2  MIXED       None        0.00
      93     6        2  MIXED       None        0.00
      94     6        2  MIXED       None        0.00
      95     6        2  MIXED       None        0.00
      96     6        2  MIXED       None        0.00
      97     6        2  MIXED       None        0.00
      98     6        2  MIXED       None        0.00
      99     6        2  MIXED       None        0.00
     100     6        2  MIXED       None        0.00
     101     6        2  MIXED       None        0.00
     102     6        2  MIXED       None        0.00
     103     6        2  MIXED       None        0.00
     104     6        2  MIXED       None        0.00
     105     6        2  MIXED       None        0.00
     106     6        2  MIXED       None        0.00
     107     6        2  MIXED       None        0.00
     108     6        2  MIXED       None        0.00
     109     6        2  MIXED       None        0.00
     110     6        2  MIXED       None        0.00
     111     6        2  MIXED       None        0.00
     112     6        2  MIXED       None        0.00
     113     6        2  MIXED       None        0.00
     114     6        2  MIXED       None        0.00
     115     6        2  MIXED       None        0.00
     116     6        2  MIXED       None        0.00
     117     6        2  MIXED       None        0.00
     118     6        2  MIXED       None        0.00
     119     6        2  MIXED       None        0.00
     120     6        2  MIXED       None        0.00
     121     6        2  MIXED       None        0.00
     122     6        2  MIXED       None        0.00
     123     6        2  MIXED       None        0.00
     124     6        2  MIXED       None        0.00
     125     6        2  MIXED       None        0.00
     126     6        2  MIXED       None        0.00
     127     6        2  MIXED       None        0.00
     128     6        2  MIXED       None        0.00
     129     6        2  MIXED       None        0.00
     130     6        2  MIXED       None        0.00
     131     6        2  MIXED       None        0.00
     132     6        2  MIXED       None        0.00
     133     6        2  MIXED       None        0.00
     134     6        2  MIXED       None        0.00
     135     6        2  MIXED       None        0.00
     136     6        2  MIXED       None        0.00
     137     6        2  MIXED       None        0.00
     138     6        2  MIXED       None        0.00
     139     6        2  MIXED       None        0.00
     140     6        2  MIXED       None        0.00
     141     6        2  MIXED       None        0.00
     142     6        2  MIXED       None        0.00
     143     6        2  MIXED       None        0.00
     144     6        2  MIXED       None        0.00
     145     6        2  MIXED       None        0.00
     146     6        2  MIXED       None        0.00
     147     6        2  MIXED       None        0.00
     148     6        2  MIXED       None        0.00
     149     6        2  MIXED       None        0.00
     150     6        2  MIXED       None        0.00
     151     6        2  MIXED       None        0.00
     152     6        2  MIXED       None        0.00
     153     6        2  MIXED       None        0.00
     154     6        2  MIXED       None        0.00
     155     6        2  MIXED       None        0.00
     156     6        2  MIXED       None        0.00
     157     6        2  MIXED       None        0.00
     158     6        2  MIXED       None        0.00
     159     6        2  MIXED       None        0.00
     160     6        2  MIXED       None        0.00
     161     6        2  MIXED       None        0.00
     162     6        2  MIXED       None        0.00
     163     6        2  MIXED       None        0.00
     164     6        2  MIXED       None        0.00
     165     6        2  MIXED  2020 KB69        0.17
     166     6        2  MIXED       None        0.00
     167     6        2  MIXED       None        0.00
     168     6        2  MIXED       None        0.00
     169     6        2  MIXED       None        0.00
     170     6        2  MIXED       None        0.00
     171     6        2  MIXED       None        0.00
     172     6        2  MIXED       None        0.00
     173     6        2  MIXED       None        0.00
     174     6        2  MIXED       None        0.00
     175     6        2  MIXED       None        0.00
     176     6        2  MIXED       None        0.00
     177     6        2  MIXED       None        0.00
     178     6        2  MIXED       None        0.00
     179     6        2  MIXED       None        0.00
     180     6        2  MIXED       None        0.00
     181     6        2  MIXED       None        0.00
     182     6        2  MIXED       None        0.00
     183     6        2  MIXED       None        0.00
     184     6        2  MIXED       None        0.00
     185     6        2  MIXED       None        0.00
     186     6        2  MIXED       None        0.00
     187     6        2  MIXED       None        0.00
     188     6        2  MIXED       None        0.00
     189     6        2  MIXED       None        0.00
     190     6        2  MIXED       None        0.00
     191     6        2  MIXED       None        0.00
     192     6        2  MIXED       None        0.00
     193     6        2  MIXED       None        0.00
     194     6        2  MIXED       None        0.00
     195     6        2  MIXED       None        0.00
     196     6        2  MIXED       None        0.00
     197     6        2  MIXED       None        0.00
     198     6        2  MIXED       None        0.00
     199     6        2  MIXED       None        0.00
     200     6        2  MIXED       None        0.00
     201     6        2  MIXED       None        0.00
     202     6        2  MIXED       None        0.00
     203     6        2  MIXED       None        0.00
     204     6        2  MIXED       None        0.00
     205     6        2  MIXED       None        0.00
     206     6        2  MIXED       None        0.00
     207     6        2  MIXED       None        0.00
     208     6        2  MIXED       None        0.00
     209     6        2  MIXED       None        0.00
     210     6        2  MIXED       None        0.00
     211     6        2  MIXED       None        0.00
     212     6        2  MIXED       None        0.00
     213     6        2  MIXED       None        0.00
     214     6        2  MIXED       None        0.00
     215     6        2  MIXED       None        0.00
     216     6        2  MIXED       None        0.00
     217     6        2  MIXED       None        0.00
     218     6        2  MIXED       None        0.00
     219     6        2  MIXED       None        0.00
     220     6        2  MIXED       None        0.00
     221     6        2  MIXED       None        0.00
     222     6        2  MIXED       None        0.00
     223     6        2  MIXED       None        0.00
     224     6        2  MIXED       None        0.00
     225     6        2  MIXED       None        0.00
     226     6        2  MIXED       None        0.00
     227     6        2  MIXED       None        0.00
     228     6        2  MIXED       None        0.00
     229     6        2  MIXED       None        0.00
     230     6        2  MIXED       None        0.00
     231     6        2  MIXED       None        0.00
     232     6        2  MIXED       None        0.00
     233     6        2  MIXED       None        0.00
     234     6        2  MIXED       None        0.00
     235     6        2  MIXED       None        0.00
     236     6        2  MIXED       None        0.00
     237     6        2  MIXED       None        0.00
     238     6        2  MIXED       None        0.00
     239     6        2  MIXED       None        0.00
     240     6        2  MIXED       None        0.00
     241     6        2  MIXED       None        0.00
     242     6        2  MIXED       None        0.00
     243     6        2  MIXED       None        0.00
     244     6        2  MIXED       None        0.00
     245     6        2  MIXED       None        0.00
     246     6        2  MIXED       None        0.00
     247     6        2  MIXED       None        0.00
     248     6        2  MIXED       None        0.00
     249     6        2  MIXED       None        0.00
     250     6        2  MIXED       None        0.00
     251     6        2  MIXED       None        0.00
     252     6        2  MIXED       None        0.00
     253     6        2  MIXED       None        0.00
     254     6        2  MIXED       None        0.00
     255     6        2  MIXED       None        0.00
     256     6        2  MIXED       None        0.00
     257     6        2  MIXED       None        0.00
     258     6        2  MIXED       None        0.00
     259     6        2  MIXED       None        0.00
     260     6        2  MIXED       None        0.00
     261     6        2  MIXED       None        0.00
     262     6        2  MIXED       None        0.00
     263     6        2  MIXED       None        0.00
     264     6        2  MIXED       None        0.00
     265     6        2  MIXED       None        0.00
     266     6        2  MIXED       None        0.00
     267     6        2  MIXED       None        0.00
     268     6        2  MIXED       None        0.00
     269     6        2  MIXED       None        0.00
     270     6        2  MIXED       None        0.00
     271     6        2  MIXED       None        0.00
     272     6        2  MIXED       None        0.00
     273     6        2  MIXED       None        0.00
     274     6        2  MIXED       None        0.00
     275     6        2  MIXED       None        0.00
     276     6        2  MIXED       None        0.00
     277     6        2  MIXED       None        0.00
     278     6        2  MIXED       None        0.00
     279     6        2  MIXED       None        0.00
     280     6        2  MIXED       None        0.00
     281     6        2  MIXED       None        0.00
     282     6        2  MIXED       None        0.00
     283     6        2  MIXED       None        0.00
     284     6        2  MIXED       None        0.00
     285     6        2  MIXED       None        0.00
     286     6        2  MIXED       None        0.00
     287     6        2  MIXED       None        0.00
     288     6        2  MIXED       None        0.00
     289     6        2  MIXED       None        0.00
     290     6        2  MIXED       None        0.00
     291     6        2  MIXED       None        0.00
     292     6        2  MIXED       None        0.00
     293     6        2  MIXED       None        0.00
     294     6        2  MIXED       None        0.00
     295     6        2  MIXED       None        0.00
     296     6        2  MIXED       None        0.00
     297     6        2  MIXED       None        0.00
     298     6        2  MIXED       None        0.00
     299     6        2  MIXED       None        0.00
     300     6        2  MIXED       None        0.00
     301     6        2  MIXED       None        0.00
     302     6        2  MIXED       None        0.00
     303     6        2  MIXED       None        0.00
     304     6        2  MIXED       None        0.00
     305     6        2  MIXED       None        0.00
     306     6        2  MIXED       None        0.00
     307     6        2  MIXED       None        0.00
     308     6        2  MIXED       None        0.00
     309     6        2  MIXED       None        0.00
     310     6        2  MIXED       None        0.00
     311     6        2  MIXED       None        0.00
     312     6        2  MIXED       None        0.00
     313     6        2  MIXED       None        0.00
     314     6        2  MIXED       None        0.00
     315     6        2  MIXED       None        0.00
     316     6        2  MIXED       None        0.00
     317     6        2  MIXED       None        0.00
     318     6        2  MIXED       None        0.00
     319     6        2  MIXED       None        0.00
     320     6        2  MIXED       None        0.00
     321     6        2  MIXED       None        0.00
     322     6        2  MIXED       None        0.00
     323     6        2  MIXED       None        0.00
     324     6        2  MIXED       None        0.00
     325     6        2  MIXED       None        0.00
     326     6        2  MIXED       None        0.00
     327     6        2  MIXED       None        0.00
     328     6        2  MIXED       None        0.00
     329     6        2  MIXED       None        0.00
     330     6        2  MIXED       None        0.00
     331     6        2  MIXED       None        0.00
     332     6        2  MIXED       None        0.00
     333     6        2  MIXED       None        0.00
     334     6        2  MIXED       None        0.00
     335     6        2  MIXED       None        0.00
     336     6        2  MIXED       None        0.00
     337     6        2  MIXED       None        0.00
     338     6        2  MIXED       None        0.00
     339     6        2  MIXED       None        0.00
     340     6        2  MIXED       None        0.00
     341     6        2  MIXED       None        0.00
     342     6        2  MIXED       None        0.00
     343     6        2  MIXED       None        0.00
     344     6        2  MIXED       None        0.00
     345     6        2  MIXED       None        0.00
     346     6        2  MIXED       None        0.00
     347     6        2  MIXED       None        0.00
     348     6        2  MIXED       None        0.00
     349     6        2  MIXED       None        0.00
     350     6        2  MIXED       None        0.00
     351     6        2  MIXED       None        0.00
     352     6        2  MIXED       None        0.00
     353     6        2  MIXED       None        0.00
     354     6        2  MIXED       None        0.00
     355     6        2  MIXED       None        0.00
     356     6        2  MIXED       None        0.00
     357     6        2  MIXED       None        0.00
     358     6        2  MIXED       None        0.00
     359     6        2  MIXED       None        0.00
     360     6        2  MIXED       None        0.00
     361     6        2  MIXED       None        0.00
     362     6        2  MIXED       None        0.00
     363     6        2  MIXED       None        0.00
     364     6        2  MIXED       None        0.00
     365     6        2  MIXED       None        0.00
     366     6        2  MIXED       None        0.00
     367     6        2  MIXED       None        0.00
     368     6        2  MIXED       None        0.00
     369     6        2  MIXED       None        0.00
     370     6        2  MIXED       None        0.00
     371     6        2  MIXED       None        0.00
     372     6        2  MIXED       None        0.00
     373     6        2  MIXED       None        0.00
     374     6        2  MIXED       None        0.00
     375     6        2  MIXED       None        0.00
     376     6        2  MIXED       None        0.00
     377     6        2  MIXED       None        0.00
     378     6        2  MIXED       None        0.00
     379     6        2  MIXED       None        0.00
     380     6        2  MIXED       None        0.00
     381     6        2  MIXED       None        0.00
     382     6        2  MIXED       None        0.00
     383     6        2  MIXED       None        0.00
     384     6        2  MIXED       None        0.00
     385     6        2  MIXED       None        0.00
     386     6        2  MIXED       None        0.00
     387     6        2  MIXED       None        0.00
     388     6        2  MIXED       None        0.00
     389     6        2  MIXED       None        0.00
     390     6        2  MIXED       None        0.00
     391     6        2  MIXED       None        0.00
     392     6        2  MIXED       None        0.00
     393     6        2  MIXED       None        0.00
     394     6        2  MIXED       None        0.00
     395     6        2  MIXED       None        0.00
     396     6        2  MIXED       None        0.00
     397     6        2  MIXED       None        0.00
     398     6        2  MIXED       None        0.00
     399     6        2  MIXED       None        0.00
     400     6        2  MIXED       None        0.00
     401     6        2  MIXED       None        0.00
     402     6        2  MIXED       None        0.00
     403     6        2  MIXED       None        0.00
     404     6        2  MIXED       None        0.00
     405     6        2  MIXED       None        0.00
     406     6        2  MIXED       None        0.00
     407     6        2  MIXED       None        0.00
     408     6        2  MIXED       None        0.00
     409     6        2  MIXED       None        0.00
     410     6        2  MIXED       None        0.00
     411     6        2  MIXED       None        0.00
     412     6        2  MIXED       None        0.00
     413     6        2  MIXED       None        0.00
     414     6        2  MIXED       None        0.00
     415     6        2  MIXED       None        0.00
     416     6        2  MIXED       None        0.00
     417     6        2  MIXED       None        0.00
     418     6        2  MIXED       None        0.00
     419     6        2  MIXED       None        0.00
     420     6        2  MIXED       None        0.00
     421     6        2  MIXED       None        0.00
     422     6        2  MIXED       None        0.00
     423     6        2  MIXED       None        0.00
     424     6        2  MIXED       None        0.00
     425     6        2  MIXED       None        0.00
     426     6        2  MIXED       None        0.00
     427     6        2  MIXED       None        0.00
     428     6        2  MIXED       None        0.00
     429     6        2  MIXED       None        0.00
     430     6        2  MIXED       None        0.00
     431     6        2  MIXED       None        0.00
     432     6        2  MIXED       None        0.00
     433     6        2  MIXED       None        0.00
     434     6        2  MIXED       None        0.00
     435     6        2  MIXED       None        0.00
     436     6        2  MIXED       None        0.00
     437     6        2  MIXED       None        0.00
     438     6        2  MIXED       None        0.00
     439     6        2  MIXED       None        0.00
     440     6        2  MIXED       None        0.00
     441     6        2  MIXED       None        0.00
     442     6        2  MIXED       None        0.00
     443     6        2  MIXED       None        0.00
     444     6        2  MIXED       None        0.00
     445     6        2  MIXED       None        0.00
     446     6        2  MIXED       None        0.00
     447     6        2  MIXED       None        0.00
     448     6        2  MIXED       None        0.00
     449     6        2  MIXED       None        0.00
     450     6        2  MIXED       None        0.00
     451     6        2  MIXED       None        0.00
     452     6        2  MIXED       None        0.00
     453     6        2  MIXED       None        0.00
     454     6        2  MIXED       None        0.00
     455     6        2  MIXED       None        0.00
     456     6        2  MIXED       None        0.00
     457     6        2  MIXED       None        0.00
     458     6        2  MIXED       None        0.00
     459     6        2  MIXED       None        0.00
     460     6        2  MIXED       None        0.00
     461     6        2  MIXED       None        0.00
     462     6        2  MIXED       None        0.00
     463     6        2  MIXED       None        0.00
     464     6        2  MIXED       None        0.00
     465     6        2  MIXED       None        0.00
     466     6        2  MIXED       None        0.00
     467     6        2  MIXED       None        0.00
     468     6        2  MIXED       None        0.00
     469     6        2  MIXED       None        0.00
     470     6        2  MIXED       None        0.00
     471     6        2  MIXED       None        0.00
     472     6        2  MIXED       None        0.00
     473     6        2  MIXED       None        0.00
     474     6        2  MIXED       None        0.00
     475     6        2  MIXED       None        0.00
     476     6        2  MIXED       None        0.00
     477     6        2  MIXED       None        0.00
     478     6        2  MIXED       None        0.00
     479     6        2  MIXED       None        0.00
     480     6        2  MIXED       None        0.00
     481     6        2  MIXED       None        0.00
     482     6        2  MIXED       None        0.00
     483     6        2  MIXED       None        0.00
     484     6        2  MIXED       None        0.00
     485     6        2  MIXED       None        0.00
     486     6        2  MIXED       None        0.00
     487     6        2  MIXED       None        0.00
     488     6        2  MIXED       None        0.00
     489     6        2  MIXED       None        0.00
     490     6        2  MIXED       None        0.00
     491     6        2  MIXED       None        0.00
     492     6        2  MIXED       None        0.00
     493     6        2  MIXED       None        0.00
     494     6        2  MIXED       None        0.00
     495     6        2  MIXED       None        0.00
     496     6        2  MIXED       None        0.00
     497     6        2  MIXED       None        0.00
     498     6        2  MIXED       None        0.00
     499     6        2  MIXED       None        0.00
     500     6        2  MIXED       None        0.00
     501     6        2  MIXED       None        0.00
     502     6        2  MIXED       None        0.00
     503     6        2  MIXED       None        0.00
     504     6        2  MIXED       None        0.00
     505     6        2  MIXED       None        0.00
     506     6        2  MIXED       None        0.00
     507     6        2  MIXED       None        0.00
     508     6        2  MIXED       None        0.00
     509     6        2  MIXED       None        0.00
     510     6        2  MIXED       None        0.00
     511     6        2  MIXED       None        0.00
     512     6        2  MIXED       None        0.00
     513     6        2  MIXED       None        0.00
     514     6        2  MIXED       None        0.00
     515     6        2  MIXED       None        0.00
     516     6        2  MIXED       None        0.00
     517     6        2  MIXED       None        0.00
     518     6        2  MIXED       None        0.00
     519     6        2  MIXED       None        0.00
     520     6        2  MIXED       None        0.00
     521     6        2  MIXED       None        0.00
     522     6        2  MIXED       None        0.00
     523     6        2  MIXED       None        0.00
     524     6        2  MIXED       None        0.00
     525     6        2  MIXED       None        0.00
     526     6        2  MIXED       None        0.00
     527     6        2  MIXED       None        0.00
     528     6        2  MIXED       None        0.00
     529     6        2  MIXED       None        0.00
     530     6        2  MIXED       None        0.00
     531     6        2  MIXED       None        0.00
     532     6        2  MIXED       None        0.00
     533     6        2  MIXED       None        0.00
     534     6        2  MIXED       None        0.00
     535     6        2  MIXED       None        0.00
     536     6        2  MIXED       None        0.00
     537     6        2  MIXED       None        0.00
     538     6        2  MIXED       None        0.00
     539     6        2  MIXED       None        0.00
     540     6        2  MIXED       None        0.00
     541     6        2  MIXED       None        0.00
     542     6        2  MIXED       None        0.00
     543     6        2  MIXED       None        0.00
     544     6        2  MIXED       None        0.00
     545     6        2  MIXED       None        0.00
     546     6        2  MIXED       None        0.00
     547     6        2  MIXED       None        0.00
     548     6        2  MIXED       None        0.00
     549     6        2  MIXED       None        0.00
     550     6        2  MIXED       None        0.00
     551     6        2  MIXED       None        0.00
     552     6        2  MIXED       None        0.00
     553     6        2  MIXED       None        0.00
     554     6        2  MIXED       None        0.00
     555     6        2  MIXED       None        0.00
     556     6        2  MIXED       None        0.00
     557     6        2  MIXED       None        0.00
     558     6        2  MIXED       None        0.00
     559     6        2  MIXED       None        0.00
     560     6        2  MIXED       None        0.00
     561     6        2  MIXED  2012 QE55        0.33
     563     6        2  MIXED       None        0.00
     564     6        2  MIXED       None        0.00
     565     6        2  MIXED       None        0.00
     566     6        2  MIXED       None        0.00
     568     6        2  MIXED       None        0.00
     569     6        2  MIXED       None        0.00
     570     6        2  MIXED       None        0.00
     571     6        2  MIXED       None        0.00
     572     6        2  MIXED       None        0.00
     573     6        2  MIXED       None        0.00
     575     6        2  MIXED       None        0.00
     576     6        2  MIXED       None        0.00
     577     6        2  MIXED       None        0.00
     578     6        2  MIXED       None        0.00
     579     6        2  MIXED       None        0.00
     580     6        2  MIXED       None        0.00
     581     6        2  MIXED       None        0.00
     584     6        2  MIXED       None        0.00
     586     6        2  MIXED       None        0.00
     587     6        2  MIXED       None        0.00
     588     6        2  MIXED       None        0.00
     589     6        2  MIXED       None        0.00
     590     6        2  MIXED       None        0.00
     591     6        2  MIXED       None        0.00
     592     6        2  MIXED       None        0.00
     593     6        2  MIXED       None        0.00
     594     6        2  MIXED       None        0.00
     595     6        2  MIXED       None        0.00
     596     6        2  MIXED       None        0.00
     597     6        2  MIXED       None        0.00
     598     6        2  MIXED       None        0.00
     600     6        2  MIXED       None        0.00
     601     6        2  MIXED       None        0.00
     603     6        2  MIXED       None        0.00
     604     6        2  MIXED       None        0.00
     605     6        2  MIXED       None        0.00
     606     6        2  MIXED       None        0.00
     608     6        2  MIXED       None        0.00
     609     6        2  MIXED       None        0.00
     610     6        2  MIXED       None        0.00
     612     6        2  MIXED       None        0.00
     613     6        2  MIXED       None        0.00
     615     6        2  MIXED       None        0.00
     616     6        2  MIXED       None        0.00
     617     6        2  MIXED       None        0.00
     618     6        2  MIXED       None        0.00
     619     6        2  MIXED       None        0.00
     620     6        2  MIXED       None        0.00
     622     6        2  MIXED       None        0.00
     623     6        2  MIXED       None        0.00
     625     6        2  MIXED       None        0.00
     626     6        2  MIXED       None        0.00
     627     6        2  MIXED       None        0.00
     628     6        2  MIXED       None        0.00
     629     6        2  MIXED       None        0.00
     630     6        2  MIXED       None        0.00
     631     6        2  MIXED       None        0.00
     632     6        2  MIXED       None        0.00
     633     6        2  MIXED       None        0.00
     634     6        2  MIXED       None        0.00
     636     6        2  MIXED       None        0.00
     637     6        2  MIXED       None        0.00
     638     6        2  MIXED       None        0.00
     640     6        2  MIXED       None        0.00
     641     6        2  MIXED       None        0.00
     642     6        2  MIXED       None        0.00
     643     6        2  MIXED       None        0.00
     644     6        2  MIXED       None        0.00
     645     6        2  MIXED       None        0.00
     646     6        2  MIXED       None        0.00
     647     6        2  MIXED       None        0.00
     648     6        2  MIXED       None        0.00
     649     6        2  MIXED       None        0.00
     650     6        2  MIXED       None        0.00
     651     6        2  MIXED       None        0.00
     652     6        2  MIXED       None        0.00
     653     6        2  MIXED       None        0.00
     656     6        2  MIXED       None        0.00
     657     6        2  MIXED       None        0.00
     659     6        2  MIXED       None        0.00
     660     6        2  MIXED       None        0.00
     661     6        2  MIXED       None        0.00
     662     6        2  MIXED       None        0.00
     663     6        2  MIXED       None        0.00
     666     6        2  MIXED       None        0.00
     668     6        2  MIXED       None        0.00
     669     6        2  MIXED       None        0.00
     670     6        2  MIXED       None        0.00
     671     6        2  MIXED       None        0.00
     672     6        2  MIXED       None        0.00
     673     6        2  MIXED       None        0.00
     674     6        2  MIXED       None        0.00
     677     6        2  MIXED       None        0.00
     678     6        2  MIXED       None        0.00
     679     6        2  MIXED       None        0.00
     680     6        2  MIXED       None        0.00
     681     6        2  MIXED       None        0.00
     682     6        2  MIXED       None        0.00
     688     6        2  MIXED       None        0.00
     689     6        2  MIXED       None        0.00
     690     6        2  MIXED       None        0.00
     692     6        2  MIXED       None        0.00
     693     6        2  MIXED       None        0.00
     694     6        2  MIXED       None        0.00
     695     6        2  MIXED       None        0.00
     696     6        2  MIXED       None        0.00
     697     6        2  MIXED       None        0.00
     698     6        2  MIXED       None        0.00
     700     6        2  MIXED       None        0.00
     701     6        2  MIXED       None        0.00
     702     6        2  MIXED       None        0.00
     703     6        2  MIXED       None        0.00
     704     6        2  MIXED       None        0.00
     705     6        2  MIXED       None        0.00
     706     6        2  MIXED       None        0.00
     707     6        2  MIXED       None        0.00
     708     6        2  MIXED       None        0.00
     709     6        2  MIXED       None        0.00
     710     6        2  MIXED       None        0.00
     711     6        2  MIXED       None        0.00
     713     6        2  MIXED       None        0.00
     714     6        2  MIXED       None        0.00
     715     6        2  MIXED       None        0.00
     717     6        2  MIXED       None        0.00
     718     6        2  MIXED       None        0.00
     719     6        2  MIXED       None        0.00
     720     6        2  MIXED       None        0.00
     721     6        2  MIXED       None        0.00
     722     6        2  MIXED       None        0.00
     723     6        2  MIXED       None        0.00
     724     6        2  MIXED       None        0.00
     726     6        2  MIXED       None        0.00
     727     6        2  MIXED       None        0.00
     728     6        2  MIXED       None        0.00
     730     6        2  MIXED       None        0.00
     731     6        2  MIXED       None        0.00
     732     6        2  MIXED       None        0.00
     733     6        2  MIXED       None        0.00
     734     6        2  MIXED       None        0.00
     735     6        2  MIXED       None        0.00
     738     6        2  MIXED       None        0.00
     739     6        2  MIXED       None        0.00
     740     6        2  MIXED       None        0.00
     741     6        2  MIXED       None        0.00

CROSSMATCH DONE
PARALLEL HUNT DONE -> /sdf/data/rubin/user/mrakovci/Projects/Asteroid_detection_CNN/experiments/heliolinc/run_neo_field
NEO STAGE3 LINK DONE
