[clean] ADCNN 348212 -> 330454 (score>=0.3, len_db>=6.0; NO real/bogus)
[clean] diaSource 2127409 -> 9 (reliability>=0.5 & !neg & trailLen>=6.0)
[clean] merged -> 330463 detections (27538/night) [ADCNN=330454, dia=9] -> /sdf/data/rubin/user/mrakovci/Projects/Asteroid_detection_CNN/experiments/heliolinc/run_neo_t6324/adcnn_dets_clean.csv
[hunt] 330463 trailed detections (score>=0.5, len_db>=6.0px) -> trail-tracklets
[trail->tracklets] 330463 trails -> 660926 pairdets, 660926 tracklets -> /sdf/data/rubin/user/mrakovci/Projects/Asteroid_detection_CNN/experiments/heliolinc/run_neo_t6324
=== grid-parallel heliolinc | grid=109983 pts x 96 shards | tracklets=660926 | mjdref=60869.059 ===
launched 96 heliolinc shards; waiting...
shards done (failures=0); clusters across shards: 3402196
link_refine over 96 shard files
Checking out argv[1] = -pairdet.
Checking out argv[3] = -lflist.
Checking out argv[5] = -maxrms.
Checking out argv[7] = -outfile.
Checking out argv[9] = -outrms.
input paired detection file pairdets.csv
input cluster list file lflist.txt
Maximum RMS in km: 100000
output cluster file lr.csv
output rms file lr_rms.csv
Header line from input paired detection file pairdets.csv:
#MJD,RA,Dec,observerX,observerY,observerZ,stringID,mag,band,obscode,origindex
Successfully read 660926 detections from pairdets.csv
Read names of 96 cluster files from lflist.txt
Reading cluster file hl_clusters_000.csv
Reading rms file hl_summary_000.csv
Reading cluster file hl_clusters_001.csv
Reading rms file hl_summary_001.csv
Reading cluster file hl_clusters_002.csv
Reading rms file hl_summary_002.csv
Reading cluster file hl_clusters_003.csv
Reading rms file hl_summary_003.csv
Reading cluster file hl_clusters_004.csv
Reading rms file hl_summary_004.csv
Reading cluster file hl_clusters_005.csv
Reading rms file hl_summary_005.csv
Reading cluster file hl_clusters_006.csv
Reading rms file hl_summary_006.csv
Reading cluster file hl_clusters_007.csv
Reading rms file hl_summary_007.csv
Reading cluster file hl_clusters_008.csv
Reading rms file hl_summary_008.csv
Reading cluster file hl_clusters_009.csv
Reading rms file hl_summary_009.csv
Reading cluster file hl_clusters_010.csv
Reading rms file hl_summary_010.csv
Reading cluster file hl_clusters_011.csv
Reading rms file hl_summary_011.csv
Reading cluster file hl_clusters_012.csv
Reading rms file hl_summary_012.csv
Reading cluster file hl_clusters_013.csv
Reading rms file hl_summary_013.csv
Reading cluster file hl_clusters_014.csv
Reading rms file hl_summary_014.csv
Reading cluster file hl_clusters_015.csv
Reading rms file hl_summary_015.csv
Reading cluster file hl_clusters_016.csv
Reading rms file hl_summary_016.csv
Reading cluster file hl_clusters_017.csv
Reading rms file hl_summary_017.csv
Reading cluster file hl_clusters_018.csv
Reading rms file hl_summary_018.csv
Reading cluster file hl_clusters_019.csv
Reading rms file hl_summary_019.csv
Reading cluster file hl_clusters_020.csv
Reading rms file hl_summary_020.csv
Reading cluster file hl_clusters_021.csv
Reading rms file hl_summary_021.csv
Reading cluster file hl_clusters_022.csv
Reading rms file hl_summary_022.csv
Reading cluster file hl_clusters_023.csv
Reading rms file hl_summary_023.csv
Reading cluster file hl_clusters_024.csv
Reading rms file hl_summary_024.csv
Reading cluster file hl_clusters_025.csv
Reading rms file hl_summary_025.csv
Reading cluster file hl_clusters_026.csv
Reading rms file hl_summary_026.csv
Reading cluster file hl_clusters_027.csv
Reading rms file hl_summary_027.csv
Reading cluster file hl_clusters_028.csv
Reading rms file hl_summary_028.csv
Reading cluster file hl_clusters_029.csv
Reading rms file hl_summary_029.csv
Reading cluster file hl_clusters_030.csv
Reading rms file hl_summary_030.csv
Reading cluster file hl_clusters_031.csv
Reading rms file hl_summary_031.csv
Reading cluster file hl_clusters_032.csv
Reading rms file hl_summary_032.csv
Reading cluster file hl_clusters_033.csv
Reading rms file hl_summary_033.csv
Reading cluster file hl_clusters_034.csv
Reading rms file hl_summary_034.csv
Reading cluster file hl_clusters_035.csv
Reading rms file hl_summary_035.csv
Reading cluster file hl_clusters_036.csv
Reading rms file hl_summary_036.csv
Reading cluster file hl_clusters_037.csv
Reading rms file hl_summary_037.csv
Reading cluster file hl_clusters_038.csv
Reading rms file hl_summary_038.csv
Reading cluster file hl_clusters_039.csv
Reading rms file hl_summary_039.csv
Reading cluster file hl_clusters_040.csv
Reading rms file hl_summary_040.csv
Reading cluster file hl_clusters_041.csv
Reading rms file hl_summary_041.csv
Reading cluster file hl_clusters_042.csv
Reading rms file hl_summary_042.csv
Reading cluster file hl_clusters_043.csv
Reading rms file hl_summary_043.csv
Reading cluster file hl_clusters_044.csv
Reading rms file hl_summary_044.csv
Reading cluster file hl_clusters_045.csv
Reading rms file hl_summary_045.csv
Reading cluster file hl_clusters_046.csv
Reading rms file hl_summary_046.csv
Reading cluster file hl_clusters_047.csv
Reading rms file hl_summary_047.csv
Reading cluster file hl_clusters_048.csv
Reading rms file hl_summary_048.csv
Reading cluster file hl_clusters_049.csv
Reading rms file hl_summary_049.csv
Reading cluster file hl_clusters_050.csv
Reading rms file hl_summary_050.csv
Reading cluster file hl_clusters_051.csv
Reading rms file hl_summary_051.csv
Reading cluster file hl_clusters_052.csv
Reading rms file hl_summary_052.csv
Reading cluster file hl_clusters_053.csv
Reading rms file hl_summary_053.csv
Reading cluster file hl_clusters_054.csv
Reading rms file hl_summary_054.csv
Reading cluster file hl_clusters_055.csv
Reading rms file hl_summary_055.csv
Reading cluster file hl_clusters_056.csv
Reading rms file hl_summary_056.csv
Reading cluster file hl_clusters_057.csv
Reading rms file hl_summary_057.csv
Reading cluster file hl_clusters_058.csv
Reading rms file hl_summary_058.csv
Reading cluster file hl_clusters_059.csv
Reading rms file hl_summary_059.csv
Reading cluster file hl_clusters_060.csv
Reading rms file hl_summary_060.csv
Reading cluster file hl_clusters_061.csv
Reading rms file hl_summary_061.csv
Reading cluster file hl_clusters_062.csv
Reading rms file hl_summary_062.csv
Reading cluster file hl_clusters_063.csv
Reading rms file hl_summary_063.csv
Reading cluster file hl_clusters_064.csv
Reading rms file hl_summary_064.csv
Reading cluster file hl_clusters_065.csv
Reading rms file hl_summary_065.csv
Reading cluster file hl_clusters_066.csv
Reading rms file hl_summary_066.csv
Reading cluster file hl_clusters_067.csv
Reading rms file hl_summary_067.csv
Reading cluster file hl_clusters_068.csv
Reading rms file hl_summary_068.csv
Reading cluster file hl_clusters_069.csv
Reading rms file hl_summary_069.csv
Reading cluster file hl_clusters_070.csv
Reading rms file hl_summary_070.csv
Reading cluster file hl_clusters_071.csv
Reading rms file hl_summary_071.csv
Reading cluster file hl_clusters_072.csv
Reading rms file hl_summary_072.csv
Reading cluster file hl_clusters_073.csv
Reading rms file hl_summary_073.csv
Reading cluster file hl_clusters_074.csv
Reading rms file hl_summary_074.csv
Reading cluster file hl_clusters_075.csv
Reading rms file hl_summary_075.csv
Reading cluster file hl_clusters_076.csv
Reading rms file hl_summary_076.csv
Reading cluster file hl_clusters_077.csv
Reading rms file hl_summary_077.csv
Reading cluster file hl_clusters_078.csv
Reading rms file hl_summary_078.csv
Reading cluster file hl_clusters_079.csv
Reading rms file hl_summary_079.csv
Reading cluster file hl_clusters_080.csv
Reading rms file hl_summary_080.csv
Reading cluster file hl_clusters_081.csv
Reading rms file hl_summary_081.csv
Reading cluster file hl_clusters_082.csv
Reading rms file hl_summary_082.csv
Reading cluster file hl_clusters_083.csv
Reading rms file hl_summary_083.csv
Reading cluster file hl_clusters_084.csv
Reading rms file hl_summary_084.csv
Reading cluster file hl_clusters_085.csv
Reading rms file hl_summary_085.csv
Reading cluster file hl_clusters_086.csv
Reading rms file hl_summary_086.csv
Reading cluster file hl_clusters_087.csv
Reading rms file hl_summary_087.csv
Reading cluster file hl_clusters_088.csv
Reading rms file hl_summary_088.csv
Reading cluster file hl_clusters_089.csv
Reading rms file hl_summary_089.csv
Reading cluster file hl_clusters_090.csv
Reading rms file hl_summary_090.csv
Reading cluster file hl_clusters_091.csv
Reading rms file hl_summary_091.csv
Reading cluster file hl_clusters_092.csv
Reading rms file hl_summary_092.csv
Reading cluster file hl_clusters_093.csv
Reading rms file hl_summary_093.csv
Reading cluster file hl_clusters_094.csv
Reading rms file hl_summary_094.csv
Reading cluster file hl_clusters_095.csv
Reading rms file hl_summary_095.csv
Found 113309 clusters
Accepted good cluster 1 with metric 0.00163424
Accepted good cluster 2 with metric 0.00144188
Accepted good cluster 3 with metric 0.00143719
Accepted good cluster 4 with metric 0.00138115
Accepted good cluster 5 with metric 0.0012331
Accepted good cluster 6 with metric 0.00117232
Accepted good cluster 7 with metric 0.00100875
Accepted good cluster 8 with metric 0.000905027
Accepted good cluster 9 with metric 0.000868774
Accepted good cluster 10 with metric 0.000837028
Accepted good cluster 11 with metric 0.000834986
Accepted good cluster 12 with metric 0.000758957
Accepted good cluster 13 with metric 0.00063059
Accepted good cluster 14 with metric 0.000587379
Accepted good cluster 15 with metric 0.000582407
Accepted good cluster 16 with metric 0.000567199
Accepted good cluster 17 with metric 0.00055044
Accepted good cluster 18 with metric 0.000506355
Accepted good cluster 19 with metric 0.000489333
Accepted good cluster 20 with metric 0.000478787
Accepted good cluster 21 with metric 0.00045441
Accepted good cluster 22 with metric 0.000443873
Accepted good cluster 23 with metric 0.000436558
Accepted good cluster 24 with metric 0.000433944
Accepted good cluster 25 with metric 0.0004161
Accepted good cluster 26 with metric 0.000414117
Accepted good cluster 27 with metric 0.000412277
Accepted good cluster 28 with metric 0.000404911
Accepted good cluster 29 with metric 0.000404343
Accepted good cluster 30 with metric 0.000398872
Accepted good cluster 31 with metric 0.000397277
Accepted good cluster 32 with metric 0.000393985
Accepted good cluster 33 with metric 0.000391825
Accepted good cluster 34 with metric 0.000389973
Accepted good cluster 35 with metric 0.000389832
Accepted good cluster 36 with metric 0.000387934
Accepted good cluster 37 with metric 0.00038089
Accepted good cluster 38 with metric 0.000375315
Accepted good cluster 39 with metric 0.000370941
Accepted good cluster 40 with metric 0.000364102
Accepted good cluster 41 with metric 0.000352709
Accepted good cluster 42 with metric 0.000349486
Accepted good cluster 43 with metric 0.000347459
Accepted good cluster 44 with metric 0.000340921
Accepted good cluster 45 with metric 0.000338352
Accepted good cluster 46 with metric 0.000336458
Accepted good cluster 47 with metric 0.000329386
Accepted good cluster 48 with metric 0.000328967
Accepted good cluster 49 with metric 0.000313215
Accepted good cluster 50 with metric 0.000312852
Accepted good cluster 51 with metric 0.000312716
Accepted good cluster 52 with metric 0.000311747
Accepted good cluster 53 with metric 0.000311169
Accepted good cluster 54 with metric 0.000309649
Accepted good cluster 55 with metric 0.000308261
Accepted good cluster 56 with metric 0.00030617
Accepted good cluster 57 with metric 0.000305895
Accepted good cluster 58 with metric 0.000304607
Accepted good cluster 59 with metric 0.000301421
Accepted good cluster 60 with metric 0.000300149
Accepted good cluster 61 with metric 0.000298453
Accepted good cluster 62 with metric 0.000298192
Accepted good cluster 63 with metric 0.000297031
Accepted good cluster 64 with metric 0.000296014
Accepted good cluster 65 with metric 0.000290055
Accepted good cluster 66 with metric 0.000289418
Accepted good cluster 67 with metric 0.000289268
Accepted good cluster 68 with metric 0.000282592
Accepted good cluster 69 with metric 0.000280864
Accepted good cluster 70 with metric 0.000280646
Accepted good cluster 71 with metric 0.000275153
Accepted good cluster 72 with metric 0.000260953
Accepted good cluster 73 with metric 0.000259577
Accepted good cluster 74 with metric 0.000259258
Accepted good cluster 75 with metric 0.000259019
Accepted good cluster 76 with metric 0.00025872
Accepted good cluster 77 with metric 0.000252416
Accepted good cluster 78 with metric 0.000250839
Accepted good cluster 79 with metric 0.000248546
Accepted good cluster 80 with metric 0.000247079
Accepted good cluster 81 with metric 0.000246694
Accepted good cluster 82 with metric 0.00024397
Accepted good cluster 83 with metric 0.000243799
Accepted good cluster 84 with metric 0.000241762
Accepted good cluster 85 with metric 0.00023899
Accepted good cluster 86 with metric 0.000238786
Accepted good cluster 87 with metric 0.000238164
Accepted good cluster 88 with metric 0.00023375
Accepted good cluster 89 with metric 0.000232395
Accepted good cluster 90 with metric 0.000231523
Accepted good cluster 91 with metric 0.000229863
Accepted good cluster 92 with metric 0.000229692
Accepted good cluster 93 with metric 0.000228481
Accepted good cluster 94 with metric 0.000226463
Accepted good cluster 95 with metric 0.000223439
Accepted good cluster 96 with metric 0.000222294
Accepted good cluster 97 with metric 0.000222256
Accepted good cluster 98 with metric 0.000221401
Accepted good cluster 99 with metric 0.000221233
Accepted good cluster 100 with metric 0.000216603
Accepted good cluster 101 with metric 0.000214488
Accepted good cluster 102 with metric 0.000214166
Accepted good cluster 103 with metric 0.000211879
Accepted good cluster 104 with metric 0.00020743
Accepted good cluster 105 with metric 0.000207103
Accepted good cluster 106 with metric 0.000206941
Accepted good cluster 107 with metric 0.000203627
Accepted good cluster 108 with metric 0.000202446
Accepted good cluster 109 with metric 0.000200235
Accepted good cluster 110 with metric 0.000200143
Accepted good cluster 111 with metric 0.00019989
Accepted good cluster 112 with metric 0.000197306
Accepted good cluster 113 with metric 0.000196835
Accepted good cluster 114 with metric 0.000196056
Accepted good cluster 115 with metric 0.000195543
Accepted good cluster 116 with metric 0.000193007
Accepted good cluster 117 with metric 0.000191577
Accepted good cluster 118 with metric 0.000187781
Accepted good cluster 119 with metric 0.000185462
Accepted good cluster 120 with metric 0.000185207
Accepted good cluster 121 with metric 0.000184428
Accepted good cluster 122 with metric 0.000184072
Accepted good cluster 123 with metric 0.000183815
Accepted good cluster 124 with metric 0.000182552
Accepted good cluster 125 with metric 0.000180601
Accepted good cluster 126 with metric 0.000176474
Accepted good cluster 127 with metric 0.000175441
Accepted good cluster 128 with metric 0.000174158
Accepted good cluster 129 with metric 0.000173213
Accepted good cluster 130 with metric 0.000172402
Accepted good cluster 131 with metric 0.000172342
Accepted good cluster 132 with metric 0.000172313
Accepted good cluster 133 with metric 0.000172117
Accepted good cluster 134 with metric 0.000171837
Accepted good cluster 135 with metric 0.000171742
Accepted good cluster 136 with metric 0.000169557
Accepted good cluster 137 with metric 0.000164763
Accepted good cluster 138 with metric 0.000164445
Accepted good cluster 139 with metric 0.000164322
Accepted good cluster 140 with metric 0.000162943
Accepted good cluster 141 with metric 0.000162771
Accepted good cluster 142 with metric 0.000162187
Accepted good cluster 143 with metric 0.000161843
Accepted good cluster 144 with metric 0.000161346
Accepted good cluster 145 with metric 0.000159383
Accepted good cluster 146 with metric 0.000159129
Accepted good cluster 147 with metric 0.000159018
Accepted good cluster 148 with metric 0.000156969
Accepted good cluster 149 with metric 0.000156667
Accepted good cluster 150 with metric 0.000155138
Accepted good cluster 151 with metric 0.000154791
Accepted good cluster 152 with metric 0.00015462
Accepted good cluster 153 with metric 0.000154132
Accepted good cluster 154 with metric 0.000153202
Accepted good cluster 155 with metric 0.000152358
Accepted good cluster 156 with metric 0.000152262
Accepted good cluster 157 with metric 0.000152217
Accepted good cluster 158 with metric 0.000151804
Accepted good cluster 159 with metric 0.000148622
Accepted good cluster 160 with metric 0.000146006
Accepted good cluster 161 with metric 0.000145989
Accepted good cluster 162 with metric 0.000144317
Accepted good cluster 163 with metric 0.000139137
Accepted good cluster 164 with metric 0.000138697
Accepted good cluster 165 with metric 0.000137014
Accepted good cluster 166 with metric 0.000136628
Accepted good cluster 167 with metric 0.000136377
Accepted good cluster 168 with metric 0.000136136
Accepted good cluster 169 with metric 0.00013535
Accepted good cluster 170 with metric 0.000133851
Accepted good cluster 171 with metric 0.000133234
Accepted good cluster 172 with metric 0.000132132
Accepted good cluster 173 with metric 0.000130549
Accepted good cluster 174 with metric 0.000130447
Accepted good cluster 175 with metric 0.000129819
Accepted good cluster 176 with metric 0.000128519
Accepted good cluster 177 with metric 0.000127389
Accepted good cluster 178 with metric 0.000123274
Accepted good cluster 179 with metric 0.000122254
Accepted good cluster 180 with metric 0.000121387
Accepted good cluster 181 with metric 0.000121239
Accepted good cluster 182 with metric 0.00012122
Accepted good cluster 183 with metric 0.000121219
Accepted good cluster 184 with metric 0.000120849
Accepted good cluster 185 with metric 0.000119243
Accepted good cluster 186 with metric 0.000118686
Accepted good cluster 187 with metric 0.000117421
Accepted good cluster 188 with metric 0.000116182
Accepted good cluster 189 with metric 0.00011463
Accepted good cluster 190 with metric 0.000114364
Accepted good cluster 191 with metric 0.000113983
Accepted good cluster 192 with metric 0.000113698
Accepted good cluster 193 with metric 0.000112551
Accepted good cluster 194 with metric 0.000112002
Accepted good cluster 195 with metric 0.000111699
Accepted good cluster 196 with metric 0.00011162
Accepted good cluster 197 with metric 0.00011161
Accepted good cluster 198 with metric 0.000107072
Accepted good cluster 199 with metric 0.00010606
Accepted good cluster 200 with metric 0.000104789
Accepted good cluster 201 with metric 0.000103164
Accepted good cluster 202 with metric 0.000101449
Accepted good cluster 203 with metric 0.000100777
Accepted good cluster 204 with metric 0.000100747
Accepted good cluster 205 with metric 0.000100525
Accepted good cluster 206 with metric 9.90639e-05
Accepted good cluster 207 with metric 9.88575e-05
Accepted good cluster 208 with metric 9.85405e-05
Accepted good cluster 209 with metric 9.83649e-05
Accepted good cluster 210 with metric 9.71164e-05
Accepted good cluster 211 with metric 9.49057e-05
Accepted good cluster 212 with metric 9.48719e-05
Accepted good cluster 213 with metric 9.19468e-05
Accepted good cluster 214 with metric 9.02339e-05
Accepted good cluster 215 with metric 8.94865e-05
Accepted good cluster 216 with metric 8.9206e-05
Accepted good cluster 217 with metric 8.91659e-05
Accepted good cluster 218 with metric 8.91176e-05
Accepted good cluster 219 with metric 8.8899e-05
Accepted good cluster 220 with metric 8.84779e-05
Accepted good cluster 221 with metric 8.78947e-05
Accepted good cluster 222 with metric 8.70622e-05
Accepted good cluster 223 with metric 8.68441e-05
Accepted good cluster 224 with metric 8.64678e-05
Accepted good cluster 225 with metric 8.64329e-05
Accepted good cluster 226 with metric 8.63012e-05
Accepted good cluster 227 with metric 8.59628e-05
Accepted good cluster 228 with metric 8.53968e-05
Accepted good cluster 229 with metric 8.48091e-05
Accepted good cluster 230 with metric 8.47309e-05
Accepted good cluster 231 with metric 8.42879e-05
Accepted good cluster 232 with metric 8.32758e-05
Accepted good cluster 233 with metric 8.32586e-05
Accepted good cluster 234 with metric 8.22186e-05
Accepted good cluster 235 with metric 8.21016e-05
Accepted good cluster 236 with metric 8.19991e-05
Accepted good cluster 237 with metric 8.19346e-05
Accepted good cluster 238 with metric 8.18439e-05
Accepted good cluster 239 with metric 8.17396e-05
Accepted good cluster 240 with metric 8.15088e-05
Accepted good cluster 241 with metric 8.1494e-05
Accepted good cluster 242 with metric 8.13202e-05
Accepted good cluster 243 with metric 8.11376e-05
Accepted good cluster 244 with metric 8.11038e-05
Accepted good cluster 245 with metric 8.07381e-05
Accepted good cluster 246 with metric 8.06077e-05
Accepted good cluster 247 with metric 8.02123e-05
Accepted good cluster 248 with metric 7.98672e-05
Accepted good cluster 249 with metric 7.97299e-05
Accepted good cluster 250 with metric 7.94095e-05
Accepted good cluster 251 with metric 7.94006e-05
Accepted good cluster 252 with metric 7.93365e-05
Accepted good cluster 253 with metric 7.84491e-05
Accepted good cluster 254 with metric 7.8425e-05
Accepted good cluster 255 with metric 7.83378e-05
Accepted good cluster 256 with metric 7.80525e-05
Accepted good cluster 257 with metric 7.49968e-05
Accepted good cluster 258 with metric 7.47497e-05
Accepted good cluster 259 with metric 7.42206e-05
Accepted good cluster 260 with metric 7.3929e-05
Accepted good cluster 261 with metric 7.30651e-05
Accepted good cluster 262 with metric 7.16597e-05
Accepted good cluster 263 with metric 7.00617e-05
Accepted good cluster 264 with metric 6.87966e-05
Accepted good cluster 265 with metric 6.82899e-05
Accepted good cluster 266 with metric 6.7988e-05
Accepted good cluster 267 with metric 6.79268e-05
Accepted good cluster 268 with metric 6.6635e-05
Accepted good cluster 269 with metric 6.64749e-05
Accepted good cluster 270 with metric 6.59215e-05
Accepted good cluster 271 with metric 6.58392e-05
Accepted good cluster 272 with metric 6.53163e-05
Accepted good cluster 273 with metric 6.53095e-05
Accepted good cluster 274 with metric 6.51439e-05
Accepted good cluster 275 with metric 6.44486e-05
Accepted good cluster 276 with metric 6.42596e-05
Accepted good cluster 277 with metric 6.35156e-05
Accepted good cluster 278 with metric 6.32701e-05
Accepted good cluster 279 with metric 6.32608e-05
Accepted good cluster 280 with metric 6.31997e-05
Accepted good cluster 281 with metric 6.31054e-05
Accepted good cluster 282 with metric 6.20825e-05
Accepted good cluster 283 with metric 6.15992e-05
Accepted good cluster 284 with metric 6.06929e-05
Accepted good cluster 285 with metric 6.05682e-05
Accepted good cluster 286 with metric 6.03162e-05
Accepted good cluster 287 with metric 6.02579e-05
Accepted good cluster 288 with metric 6.01455e-05
Accepted good cluster 289 with metric 6.01251e-05
Accepted good cluster 290 with metric 5.98116e-05
Accepted good cluster 291 with metric 5.92628e-05
Accepted good cluster 292 with metric 5.81604e-05
Accepted good cluster 293 with metric 5.8079e-05
Accepted good cluster 294 with metric 5.79263e-05
Accepted good cluster 295 with metric 5.76782e-05
Accepted good cluster 296 with metric 5.67269e-05
Accepted good cluster 297 with metric 5.65076e-05
Accepted good cluster 298 with metric 5.57441e-05
Accepted good cluster 299 with metric 5.57254e-05
Accepted good cluster 300 with metric 5.57055e-05
Accepted good cluster 301 with metric 5.54562e-05
Accepted good cluster 302 with metric 5.53261e-05
Accepted good cluster 303 with metric 5.51746e-05
Accepted good cluster 304 with metric 5.46817e-05
Accepted good cluster 305 with metric 5.45617e-05
Accepted good cluster 306 with metric 5.43005e-05
Accepted good cluster 307 with metric 5.4026e-05
Accepted good cluster 308 with metric 5.36876e-05
Accepted good cluster 309 with metric 5.28605e-05
Accepted good cluster 310 with metric 5.25843e-05
Accepted good cluster 311 with metric 5.20351e-05
Accepted good cluster 312 with metric 5.18917e-05
Accepted good cluster 313 with metric 5.08591e-05
Accepted good cluster 314 with metric 5.01581e-05
Accepted good cluster 315 with metric 5.00989e-05
Accepted good cluster 316 with metric 4.98355e-05
Accepted good cluster 317 with metric 4.96332e-05
Accepted good cluster 318 with metric 4.85006e-05
Accepted good cluster 319 with metric 4.84392e-05
Accepted good cluster 320 with metric 4.82651e-05
Accepted good cluster 321 with metric 4.81208e-05
Accepted good cluster 322 with metric 4.77606e-05
Accepted good cluster 323 with metric 4.65993e-05
Accepted good cluster 324 with metric 4.65004e-05
Accepted good cluster 325 with metric 4.64361e-05
Accepted good cluster 326 with metric 4.59642e-05
Accepted good cluster 327 with metric 4.59293e-05
Accepted good cluster 328 with metric 4.57222e-05
Accepted good cluster 329 with metric 4.55627e-05
Accepted good cluster 330 with metric 4.50655e-05
Accepted good cluster 331 with metric 4.47796e-05
Accepted good cluster 332 with metric 4.40079e-05
Accepted good cluster 333 with metric 4.37298e-05
Accepted good cluster 334 with metric 4.24702e-05
Accepted good cluster 335 with metric 4.08003e-05
Accepted good cluster 336 with metric 4.08e-05
Accepted good cluster 337 with metric 4.07783e-05
Accepted good cluster 338 with metric 4.0466e-05
Accepted good cluster 339 with metric 4.02076e-05
Accepted good cluster 340 with metric 3.99517e-05
Accepted good cluster 341 with metric 3.99013e-05
Accepted good cluster 342 with metric 3.86832e-05
Accepted good cluster 343 with metric 3.83026e-05
Accepted good cluster 344 with metric 3.82163e-05
Accepted good cluster 345 with metric 3.78288e-05
Accepted good cluster 346 with metric 3.75538e-05
Accepted good cluster 347 with metric 3.73308e-05
Accepted good cluster 348 with metric 3.68201e-05
Accepted good cluster 349 with metric 3.66337e-05
Accepted good cluster 350 with metric 3.5855e-05
Accepted good cluster 351 with metric 3.5522e-05
Accepted good cluster 352 with metric 3.52632e-05
Accepted good cluster 353 with metric 3.48571e-05
Accepted good cluster 354 with metric 3.38494e-05
Accepted good cluster 355 with metric 3.38291e-05
Accepted good cluster 356 with metric 3.04901e-05
Accepted good cluster 357 with metric 3.04705e-05
Accepted good cluster 358 with metric 3.02311e-05
Accepted good cluster 359 with metric 3.01507e-05
Accepted good cluster 360 with metric 2.98589e-05
Accepted good cluster 361 with metric 2.97256e-05
Accepted good cluster 362 with metric 2.97254e-05
Accepted good cluster 363 with metric 2.93678e-05
Accepted good cluster 364 with metric 2.92194e-05
Accepted good cluster 365 with metric 2.88027e-05
Accepted good cluster 366 with metric 2.8528e-05
Accepted good cluster 367 with metric 2.85129e-05
Accepted good cluster 368 with metric 2.71391e-05
Accepted good cluster 369 with metric 2.6212e-05
Accepted good cluster 370 with metric 2.60542e-05
Accepted good cluster 371 with metric 2.59196e-05
Accepted good cluster 372 with metric 2.57075e-05
Accepted good cluster 373 with metric 2.55388e-05
Accepted good cluster 374 with metric 2.48435e-05
Accepted good cluster 375 with metric 2.47912e-05
Accepted good cluster 376 with metric 2.44504e-05
Accepted good cluster 377 with metric 2.43071e-05
Accepted good cluster 378 with metric 2.42047e-05
Accepted good cluster 379 with metric 2.41771e-05
Accepted good cluster 380 with metric 2.38882e-05
Accepted good cluster 381 with metric 2.38701e-05
Accepted good cluster 382 with metric 2.3722e-05
Accepted good cluster 383 with metric 2.3525e-05
Accepted good cluster 384 with metric 2.30576e-05
Accepted good cluster 385 with metric 2.30424e-05
Accepted good cluster 386 with metric 2.29226e-05
Accepted good cluster 387 with metric 2.2758e-05
Accepted good cluster 388 with metric 2.2269e-05
Accepted good cluster 389 with metric 2.156e-05
Accepted good cluster 390 with metric 2.14815e-05
Accepted good cluster 391 with metric 2.12566e-05
Accepted good cluster 392 with metric 2.11749e-05
Accepted good cluster 393 with metric 2.09511e-05
Accepted good cluster 394 with metric 2.04747e-05
Accepted good cluster 395 with metric 2.02943e-05
Accepted good cluster 396 with metric 1.98336e-05
Accepted good cluster 397 with metric 1.91634e-05
Accepted good cluster 398 with metric 1.85405e-05
Accepted good cluster 399 with metric 1.83007e-05
Accepted good cluster 400 with metric 1.82169e-05
Accepted good cluster 401 with metric 1.81939e-05
Accepted good cluster 402 with metric 1.81348e-05
Accepted good cluster 403 with metric 1.776e-05
Accepted good cluster 404 with metric 1.76299e-05
Accepted good cluster 405 with metric 1.7537e-05
Accepted good cluster 406 with metric 1.73594e-05
Accepted good cluster 407 with metric 1.72298e-05
Accepted good cluster 408 with metric 1.70807e-05
Accepted good cluster 409 with metric 1.69754e-05
Accepted good cluster 410 with metric 1.67628e-05
Accepted good cluster 411 with metric 1.66316e-05
Accepted good cluster 412 with metric 1.64968e-05
Accepted good cluster 413 with metric 1.62397e-05
Accepted good cluster 414 with metric 1.59029e-05
Accepted good cluster 415 with metric 1.58833e-05
Accepted good cluster 416 with metric 1.57618e-05
Accepted good cluster 417 with metric 1.51672e-05
Accepted good cluster 418 with metric 1.50194e-05
Accepted good cluster 419 with metric 1.48193e-05
Accepted good cluster 420 with metric 1.37014e-05
Accepted good cluster 421 with metric 1.36393e-05
Accepted good cluster 422 with metric 1.3517e-05
Accepted good cluster 423 with metric 1.33454e-05
Accepted good cluster 424 with metric 1.32977e-05
Accepted good cluster 425 with metric 1.30941e-05
Accepted good cluster 426 with metric 1.28158e-05
Accepted good cluster 427 with metric 1.22167e-05
Accepted good cluster 428 with metric 1.16966e-05
Accepted good cluster 429 with metric 1.15546e-05
Accepted good cluster 430 with metric 1.1427e-05
Accepted good cluster 431 with metric 1.12105e-05
Accepted good cluster 432 with metric 1.11809e-05
Accepted good cluster 433 with metric 1.10366e-05
Accepted good cluster 434 with metric 1.09936e-05
Accepted good cluster 435 with metric 1.08646e-05
Accepted good cluster 436 with metric 1.06815e-05
Accepted good cluster 437 with metric 1.04376e-05
Accepted good cluster 438 with metric 9.88504e-06
Accepted good cluster 439 with metric 9.86298e-06
Accepted good cluster 440 with metric 9.80067e-06
Accepted good cluster 441 with metric 9.73207e-06
Accepted good cluster 442 with metric 9.6413e-06
Accepted good cluster 443 with metric 9.37682e-06
Accepted good cluster 444 with metric 9.26354e-06
Accepted good cluster 445 with metric 8.83554e-06
Accepted good cluster 446 with metric 8.64629e-06
Accepted good cluster 447 with metric 8.49233e-06
Accepted good cluster 448 with metric 8.43506e-06
Accepted good cluster 449 with metric 8.05798e-06
Accepted good cluster 450 with metric 7.84262e-06
Accepted good cluster 451 with metric 7.74531e-06
Accepted good cluster 452 with metric 7.71999e-06
Accepted good cluster 453 with metric 7.29353e-06
Accepted good cluster 454 with metric 7.24356e-06
Accepted good cluster 455 with metric 7.22157e-06
Accepted good cluster 456 with metric 7.12048e-06
Accepted good cluster 457 with metric 7.10887e-06
Accepted good cluster 458 with metric 6.95859e-06
Accepted good cluster 459 with metric 6.77599e-06
Accepted good cluster 460 with metric 6.72902e-06
Accepted good cluster 461 with metric 6.6985e-06
Accepted good cluster 462 with metric 6.53514e-06
Accepted good cluster 463 with metric 6.31872e-06
Accepted good cluster 464 with metric 6.18483e-06
Accepted good cluster 465 with metric 6.17799e-06
Accepted good cluster 466 with metric 6.16356e-06
Accepted good cluster 467 with metric 5.99973e-06
Accepted good cluster 468 with metric 5.80875e-06
Accepted good cluster 469 with metric 5.55893e-06
Accepted good cluster 470 with metric 5.52943e-06
Accepted good cluster 471 with metric 5.32741e-06
Accepted good cluster 472 with metric 5.26492e-06
Accepted good cluster 473 with metric 5.08626e-06
Accepted good cluster 474 with metric 4.86982e-06
Accepted good cluster 475 with metric 4.73539e-06
Accepted good cluster 476 with metric 4.61753e-06
Accepted good cluster 477 with metric 4.29645e-06
Accepted good cluster 478 with metric 3.48703e-06
Accepted good cluster 479 with metric 3.41262e-06
Accepted good cluster 480 with metric 3.11354e-06
Accepted good cluster 481 with metric 2.93592e-06
Accepted good cluster 482 with metric 2.83129e-06
Accepted good cluster 483 with metric 2.7728e-06
Accepted good cluster 484 with metric 2.60119e-06
Accepted good cluster 485 with metric 2.09724e-06
Accepted good cluster 486 with metric 1.99352e-06
Accepted good cluster 487 with metric 1.79187e-06
Accepted good cluster 488 with metric 1.78769e-06
Accepted good cluster 489 with metric 1.48742e-06
Accepted good cluster 490 with metric 1.29026e-06
Accepted good cluster 491 with metric 1.26577e-06
Accepted good cluster 492 with metric 1.16985e-06
Accepted good cluster 493 with metric 1.12134e-06
Accepted good cluster 494 with metric 8.51332e-07
Accepted good cluster 495 with metric 8.49969e-07
Accepted good cluster 496 with metric 7.91157e-07
Accepted good cluster 497 with metric 7.89503e-07
Accepted good cluster 498 with metric 7.40662e-07
Accepted good cluster 499 with metric 7.14083e-07
Accepted good cluster 500 with metric 6.67504e-07
Accepted good cluster 501 with metric 4.31212e-07
Accepted good cluster 502 with metric 3.54941e-07
Accepted good cluster 503 with metric 3.33623e-07
Accepted good cluster 504 with metric 3.26858e-07
Accepted good cluster 505 with metric 3.17436e-07
Accepted good cluster 506 with metric 2.99467e-07
Accepted good cluster 507 with metric 2.86789e-07
Accepted good cluster 508 with metric 1.90866e-07
Accepted good cluster 509 with metric 1.90784e-07
Accepted good cluster 510 with metric 1.90301e-07
Accepted good cluster 511 with metric 1.61942e-07
Accepted good cluster 512 with metric 1.60332e-07
Accepted good cluster 513 with metric 1.20923e-07
Accepted good cluster 514 with metric 9.31238e-08
Accepted good cluster 515 with metric 9.10755e-08
refined tracks: 515

=== crossmatch (515 linked tracks) ===
CONFIRMED (known) : 0 tracks -> 0 distinct known asteroids re-discovered
NEW candidates    : 515 tracks (no known match)

-- NEW candidates (vet these) --
 cluster  ndet  nnights rating        obj  match_frac
     456     8        2  MIXED       None        0.00
     468     8        2  MIXED       None        0.00
     478     8        2  MIXED       None        0.00
     479     8        2  MIXED       None        0.00
     484     8        2  MIXED       None        0.00
     485     8        2  MIXED       None        0.00
     487     8        2  MIXED       None        0.00
     496     8        2  MIXED       None        0.00
     497     8        2  MIXED       None        0.00
     499     8        2  MIXED       None        0.00
     501     8        2  MIXED       None        0.00
     502     8        2  MIXED       None        0.00
     503     8        2  MIXED       None        0.00
     504     8        2  MIXED       None        0.00
     508     8        2  MIXED       None        0.00
     509     8        2  MIXED       None        0.00
     510     8        2  MIXED       None        0.00
     511     8        2  MIXED       None        0.00
     512     8        2  MIXED       None        0.00
     513     8        2  MIXED       None        0.00
     514     8        2  MIXED       None        0.00
     515     8        2  MIXED       None        0.00
       1     6        2  MIXED       None        0.00
       2     6        2  MIXED       None        0.00
       3     6        2  MIXED       None        0.00
       4     6        2  MIXED       None        0.00
       5     6        2  MIXED       None        0.00
       6     6        2  MIXED       None        0.00
       7     6        2  MIXED       None        0.00
       8     6        2  MIXED       None        0.00
       9     6        2  MIXED       None        0.00
      10     6        2  MIXED       None        0.00
      11     6        2  MIXED       None        0.00
      12     6        2  MIXED       None        0.00
      13     6        2  MIXED       None        0.00
      14     6        2  MIXED       None        0.00
      15     6        2  MIXED       None        0.00
      16     6        2  MIXED       None        0.00
      17     6        2  MIXED       None        0.00
      18     6        2  MIXED       None        0.00
      19     6        2  MIXED       None        0.00
      20     6        2  MIXED       None        0.00
      21     6        2  MIXED       None        0.00
      22     6        2  MIXED       None        0.00
      23     6        2  MIXED       None        0.00
      24     6        2  MIXED       None        0.00
      25     6        2  MIXED       None        0.00
      26     6        2  MIXED       None        0.00
      27     6        2  MIXED       None        0.00
      28     6        2  MIXED       None        0.00
      29     6        2  MIXED       None        0.00
      30     6        2  MIXED       None        0.00
      31     6        2  MIXED       None        0.00
      32     6        2  MIXED       None        0.00
      33     6        2  MIXED       None        0.00
      34     6        2  MIXED       None        0.00
      35     6        2  MIXED       None        0.00
      36     6        2  MIXED       None        0.00
      37     6        2  MIXED       None        0.00
      38     6        2  MIXED       None        0.00
      39     6        2  MIXED       None        0.00
      40     6        2  MIXED       None        0.00
      41     6        2  MIXED       None        0.00
      42     6        2  MIXED       None        0.00
      43     6        2  MIXED       None        0.00
      44     6        2  MIXED       None        0.00
      45     6        2  MIXED       None        0.00
      46     6        2  MIXED       None        0.00
      47     6        2  MIXED       None        0.00
      48     6        2  MIXED       None        0.00
      49     6        2  MIXED       None        0.00
      50     6        2  MIXED       None        0.00
      51     6        2  MIXED       None        0.00
      52     6        2  MIXED       None        0.00
      53     6        2  MIXED       None        0.00
      54     6        2  MIXED       None        0.00
      55     6        2  MIXED       None        0.00
      56     6        2  MIXED       None        0.00
      57     6        2  MIXED       None        0.00
      58     6        2  MIXED       None        0.00
      59     6        2  MIXED       None        0.00
      60     6        2  MIXED       None        0.00
      61     6        2  MIXED       None        0.00
      62     6        2  MIXED       None        0.00
      63     6        2  MIXED       None        0.00
      64     6        2  MIXED       None        0.00
      65     6        2  MIXED       None        0.00
      66     6        2  MIXED       None        0.00
      67     6        2  MIXED       None        0.00
      68     6        2  MIXED       None        0.00
      69     6        2  MIXED       None        0.00
      70     6        2  MIXED       None        0.00
      71     6        2  MIXED       None        0.00
      72     6        2  MIXED       None        0.00
      73     6        2  MIXED       None        0.00
      74     6        2  MIXED       None        0.00
      75     6        2  MIXED       None        0.00
      76     6        2  MIXED       None        0.00
      77     6        2  MIXED       None        0.00
      78     6        2  MIXED       None        0.00
      79     6        2  MIXED       None        0.00
      80     6        2  MIXED       None        0.00
      81     6        2  MIXED       None        0.00
      82     6        2  MIXED       None        0.00
      83     6        2  MIXED       None        0.00
      84     6        2  MIXED       None        0.00
      85     6        2  MIXED       None        0.00
      86     6        2  MIXED       None        0.00
      87     6        2  MIXED       None        0.00
      88     6        2  MIXED       None        0.00
      89     6        2  MIXED       None        0.00
      90     6        2  MIXED       None        0.00
      91     6        2  MIXED       None        0.00
      92     6        2  MIXED       None        0.00
      93     6        2  MIXED       None        0.00
      94     6        2  MIXED       None        0.00
      95     6        2  MIXED       None        0.00
      96     6        2  MIXED       None        0.00
      97     6        2  MIXED       None        0.00
      98     6        2  MIXED       None        0.00
      99     6        2  MIXED       None        0.00
     100     6        2  MIXED       None        0.00
     101     6        2  MIXED       None        0.00
     102     6        2  MIXED       None        0.00
     103     6        2  MIXED       None        0.00
     104     6        2  MIXED       None        0.00
     105     6        2  MIXED       None        0.00
     106     6        2  MIXED       None        0.00
     107     6        2  MIXED       None        0.00
     108     6        2  MIXED       None        0.00
     109     6        2  MIXED       None        0.00
     110     6        2  MIXED       None        0.00
     111     6        2  MIXED       None        0.00
     112     6        2  MIXED       None        0.00
     113     6        2  MIXED       None        0.00
     114     6        2  MIXED       None        0.00
     115     6        2  MIXED       None        0.00
     116     6        2  MIXED       None        0.00
     117     6        2  MIXED       None        0.00
     118     6        2  MIXED       None        0.00
     119     6        2  MIXED       None        0.00
     120     6        2  MIXED       None        0.00
     121     6        2  MIXED       None        0.00
     122     6        2  MIXED       None        0.00
     123     6        2  MIXED       None        0.00
     124     6        2  MIXED       None        0.00
     125     6        2  MIXED  2015 XX98        0.33
     126     6        2  MIXED       None        0.00
     127     6        2  MIXED       None        0.00
     128     6        2  MIXED       None        0.00
     129     6        2  MIXED       None        0.00
     130     6        2  MIXED       None        0.00
     131     6        2  MIXED       None        0.00
     132     6        2  MIXED       None        0.00
     133     6        2  MIXED       None        0.00
     134     6        2  MIXED       None        0.00
     135     6        2  MIXED       None        0.00
     136     6        2  MIXED       None        0.00
     137     6        2  MIXED       None        0.00
     138     6        2  MIXED       None        0.00
     139     6        2  MIXED       None        0.00
     140     6        2  MIXED       None        0.00
     141     6        2  MIXED       None        0.00
     142     6        2  MIXED       None        0.00
     143     6        2  MIXED       None        0.00
     144     6        2  MIXED       None        0.00
     145     6        2  MIXED       None        0.00
     146     6        2  MIXED       None        0.00
     147     6        2  MIXED       None        0.00
     148     6        2  MIXED       None        0.00
     149     6        2  MIXED       None        0.00
     150     6        2  MIXED       None        0.00
     151     6        2  MIXED       None        0.00
     152     6        2  MIXED       None        0.00
     153     6        2  MIXED       None        0.00
     154     6        2  MIXED       None        0.00
     155     6        2  MIXED       None        0.00
     156     6        2  MIXED       None        0.00
     157     6        2  MIXED       None        0.00
     158     6        2  MIXED       None        0.00
     159     6        2  MIXED       None        0.00
     160     6        2  MIXED       None        0.00
     161     6        2  MIXED       None        0.00
     162     6        2  MIXED       None        0.00
     163     6        2  MIXED       None        0.00
     164     6        2  MIXED       None        0.00
     165     6        2  MIXED       None        0.00
     166     6        2  MIXED       None        0.00
     167     6        2  MIXED       None        0.00
     168     6        2  MIXED       None        0.00
     169     6        2  MIXED       None        0.00
     170     6        2  MIXED       None        0.00
     171     6        2  MIXED       None        0.00
     172     6        2  MIXED       None        0.00
     173     6        2  MIXED       None        0.00
     174     6        2  MIXED       None        0.00
     175     6        2  MIXED       None        0.00
     176     6        2  MIXED       None        0.00
     177     6        2  MIXED       None        0.00
     178     6        2  MIXED       None        0.00
     179     6        2  MIXED       None        0.00
     180     6        2  MIXED       None        0.00
     181     6        2  MIXED       None        0.00
     182     6        2  MIXED       None        0.00
     183     6        2  MIXED       None        0.00
     184     6        2  MIXED       None        0.00
     185     6        2  MIXED       None        0.00
     186     6        2  MIXED       None        0.00
     187     6        2  MIXED  2017 OW24        0.33
     188     6        2  MIXED       None        0.00
     189     6        2  MIXED       None        0.00
     190     6        2  MIXED       None        0.00
     191     6        2  MIXED       None        0.00
     192     6        2  MIXED       None        0.00
     193     6        2  MIXED       None        0.00
     194     6        2  MIXED       None        0.00
     195     6        2  MIXED       None        0.00
     196     6        2  MIXED       None        0.00
     197     6        2  MIXED       None        0.00
     198     6        2  MIXED       None        0.00
     199     6        2  MIXED       None        0.00
     200     6        2  MIXED       None        0.00
     201     6        2  MIXED       None        0.00
     202     6        2  MIXED       None        0.00
     203     6        2  MIXED       None        0.00
     204     6        2  MIXED  2011 SL84        0.33
     205     6        2  MIXED       None        0.00
     206     6        2  MIXED       None        0.00
     207     6        2  MIXED       None        0.00
     208     6        2  MIXED       None        0.00
     209     6        2  MIXED       None        0.00
     210     6        2  MIXED       None        0.00
     211     6        2  MIXED       None        0.00
     212     6        2  MIXED       None        0.00
     213     6        2  MIXED       None        0.00
     214     6        2  MIXED       None        0.00
     215     6        2  MIXED       None        0.00
     216     6        2  MIXED       None        0.00
     217     6        2  MIXED       None        0.00
     218     6        2  MIXED       None        0.00
     219     6        2  MIXED       None        0.00
     220     6        2  MIXED       None        0.00
     221     6        2  MIXED       None        0.00
     222     6        2  MIXED       None        0.00
     223     6        2  MIXED       None        0.00
     224     6        2  MIXED       None        0.00
     225     6        2  MIXED       None        0.00
     226     6        2  MIXED       None        0.00
     227     6        2  MIXED       None        0.00
     228     6        2  MIXED       None        0.00
     229     6        2  MIXED       None        0.00
     230     6        2  MIXED       None        0.00
     231     6        2  MIXED       None        0.00
     232     6        2  MIXED       None        0.00
     233     6        2  MIXED       None        0.00
     234     6        2  MIXED       None        0.00
     235     6        2  MIXED       None        0.00
     236     6        2  MIXED       None        0.00
     237     6        2  MIXED       None        0.00
     238     6        2  MIXED       None        0.00
     239     6        2  MIXED       None        0.00
     240     6        2  MIXED       None        0.00
     241     6        2  MIXED       None        0.00
     242     6        2  MIXED       None        0.00
     243     6        2  MIXED       None        0.00
     244     6        2  MIXED       None        0.00
     245     6        2  MIXED       None        0.00
     246     6        2  MIXED       None        0.00
     247     6        2  MIXED       None        0.00
     248     6        2  MIXED       None        0.00
     249     6        2  MIXED       None        0.00
     250     6        2  MIXED       None        0.00
     251     6        2  MIXED       None        0.00
     252     6        2  MIXED       None        0.00
     253     6        2  MIXED       None        0.00
     254     6        2  MIXED       None        0.00
     255     6        2  MIXED       None        0.00
     256     6        2  MIXED       None        0.00
     257     6        2  MIXED       None        0.00
     258     6        2  MIXED       None        0.00
     259     6        2  MIXED       None        0.00
     260     6        2  MIXED       None        0.00
     261     6        2  MIXED       None        0.00
     262     6        2  MIXED       None        0.00
     263     6        2  MIXED       None        0.00
     264     6        2  MIXED       None        0.00
     265     6        2  MIXED       None        0.00
     266     6        2  MIXED       None        0.00
     267     6        2  MIXED       None        0.00
     268     6        2  MIXED       None        0.00
     269     6        2  MIXED       None        0.00
     270     6        2  MIXED       None        0.00
     271     6        2  MIXED       None        0.00
     272     6        2  MIXED       None        0.00
     273     6        2  MIXED       None        0.00
     274     6        2  MIXED       None        0.00
     275     6        2  MIXED       None        0.00
     276     6        2  MIXED       None        0.00
     277     6        2  MIXED       None        0.00
     278     6        2  MIXED       None        0.00
     279     6        2  MIXED       None        0.00
     280     6        2  MIXED       None        0.00
     281     6        2  MIXED       None        0.00
     282     6        2  MIXED       None        0.00
     283     6        2  MIXED       None        0.00
     284     6        2  MIXED       None        0.00
     285     6        2  MIXED       None        0.00
     286     6        2  MIXED       None        0.00
     287     6        2  MIXED       None        0.00
     288     6        2  MIXED 2007 TP306        0.33
     289     6        2  MIXED       None        0.00
     290     6        2  MIXED       None        0.00
     291     6        2  MIXED       None        0.00
     292     6        2  MIXED       None        0.00
     293     6        2  MIXED       None        0.00
     294     6        2  MIXED       None        0.00
     295     6        2  MIXED       None        0.00
     296     6        2  MIXED       None        0.00
     297     6        2  MIXED       None        0.00
     298     6        2  MIXED       None        0.00
     299     6        2  MIXED       None        0.00
     300     6        2  MIXED       None        0.00
     301     6        2  MIXED       None        0.00
     302     6        2  MIXED       None        0.00
     303     6        2  MIXED       None        0.00
     304     6        2  MIXED       None        0.00
     305     6        2  MIXED       None        0.00
     306     6        2  MIXED       None        0.00
     307     6        2  MIXED       None        0.00
     308     6        2  MIXED       None        0.00
     309     6        2  MIXED       None        0.00
     310     6        2  MIXED       None        0.00
     311     6        2  MIXED       None        0.00
     312     6        2  MIXED       None        0.00
     313     6        2  MIXED       None        0.00
     314     6        2  MIXED       None        0.00
     315     6        2  MIXED       None        0.00
     316     6        2  MIXED       None        0.00
     317     6        2  MIXED       None        0.00
     318     6        2  MIXED       None        0.00
     319     6        2  MIXED       None        0.00
     320     6        2  MIXED       None        0.00
     321     6        2  MIXED       None        0.00
     322     6        2  MIXED       None        0.00
     323     6        2  MIXED       None        0.00
     324     6        2  MIXED       None        0.00
     325     6        2  MIXED       None        0.00
     326     6        2  MIXED       None        0.00
     327     6        2  MIXED       None        0.00
     328     6        2  MIXED       None        0.00
     329     6        2  MIXED       None        0.00
     330     6        2  MIXED       None        0.00
     331     6        2  MIXED       None        0.00
     332     6        2  MIXED       None        0.00
     333     6        2  MIXED       None        0.00
     334     6        2  MIXED       None        0.00
     335     6        2  MIXED       None        0.00
     336     6        2  MIXED       None        0.00
     337     6        2  MIXED       None        0.00
     338     6        2  MIXED       None        0.00
     339     6        2  MIXED       None        0.00
     340     6        2  MIXED       None        0.00
     341     6        2  MIXED       None        0.00
     342     6        2  MIXED       None        0.00
     343     6        2  MIXED       None        0.00
     344     6        2  MIXED       None        0.00
     345     6        2  MIXED       None        0.00
     346     6        2  MIXED       None        0.00
     347     6        2  MIXED       None        0.00
     348     6        2  MIXED       None        0.00
     349     6        2  MIXED       None        0.00
     350     6        2  MIXED       None        0.00
     351     6        2  MIXED       None        0.00
     352     6        2  MIXED       None        0.00
     353     6        2  MIXED       None        0.00
     354     6        2  MIXED       None        0.00
     355     6        2  MIXED       None        0.00
     356     6        2  MIXED       None        0.00
     357     6        2  MIXED       None        0.00
     358     6        2  MIXED       None        0.00
     359     6        2  MIXED       None        0.00
     360     6        2  MIXED       None        0.00
     361     6        2  MIXED       None        0.00
     362     6        2  MIXED       None        0.00
     363     6        2  MIXED       None        0.00
     364     6        2  MIXED       None        0.00
     365     6        2  MIXED       None        0.00
     366     6        2  MIXED       None        0.00
     367     6        2  MIXED       None        0.00
     368     6        2  MIXED       None        0.00
     369     6        2  MIXED       None        0.00
     370     6        2  MIXED       None        0.00
     371     6        2  MIXED       None        0.00
     372     6        2  MIXED       None        0.00
     373     6        2  MIXED       None        0.00
     374     6        2  MIXED       None        0.00
     375     6        2  MIXED       None        0.00
     376     6        2  MIXED       None        0.00
     377     6        2  MIXED       None        0.00
     378     6        2  MIXED       None        0.00
     379     6        2  MIXED       None        0.00
     380     6        2  MIXED       None        0.00
     381     6        2  MIXED       None        0.00
     382     6        2  MIXED       None        0.00
     383     6        2  MIXED       None        0.00
     384     6        2  MIXED       None        0.00
     385     6        2  MIXED       None        0.00
     386     6        2  MIXED       None        0.00
     387     6        2  MIXED       None        0.00
     388     6        2  MIXED       None        0.00
     389     6        2  MIXED       None        0.00
     390     6        2  MIXED       None        0.00
     391     6        2  MIXED       None        0.00
     392     6        2  MIXED       None        0.00
     393     6        2  MIXED       None        0.00
     394     6        2  MIXED       None        0.00
     395     6        2  MIXED       None        0.00
     396     6        2  MIXED       None        0.00
     397     6        2  MIXED       None        0.00
     398     6        2  MIXED       None        0.00
     399     6        2  MIXED       None        0.00
     400     6        2  MIXED       None        0.00
     401     6        2  MIXED       None        0.00
     402     6        2  MIXED       None        0.00
     403     6        2  MIXED       None        0.00
     404     6        2  MIXED 2008 RG108        0.33
     405     6        2  MIXED       None        0.00
     406     6        2  MIXED       None        0.00
     407     6        2  MIXED       None        0.00
     408     6        2  MIXED       None        0.00
     409     6        2  MIXED       None        0.00
     410     6        2  MIXED       None        0.00
     411     6        2  MIXED       None        0.00
     412     6        2  MIXED       None        0.00
     413     6        2  MIXED       None        0.00
     414     6        2  MIXED       None        0.00
     415     6        2  MIXED       None        0.00
     416     6        2  MIXED       None        0.00
     417     6        2  MIXED       None        0.00
     418     6        2  MIXED       None        0.00
     419     6        2  MIXED       None        0.00
     420     6        2  MIXED       None        0.00
     421     6        2  MIXED       None        0.00
     422     6        2  MIXED       None        0.00
     423     6        2  MIXED       None        0.00
     424     6        2  MIXED       None        0.00
     425     6        2  MIXED       None        0.00
     426     6        2  MIXED       None        0.00
     427     6        2  MIXED       None        0.00
     428     6        2  MIXED       None        0.00
     429     6        2  MIXED       None        0.00
     430     6        2  MIXED       None        0.00
     431     6        2  MIXED       None        0.00
     432     6        2  MIXED       None        0.00
     433     6        2  MIXED       None        0.00
     434     6        2  MIXED       None        0.00
     435     6        2  MIXED       None        0.00
     436     6        2  MIXED       None        0.00
     437     6        2  MIXED       None        0.00
     438     6        2  MIXED       None        0.00
     439     6        2  MIXED       None        0.00
     440     6        2  MIXED       None        0.00
     441     6        2  MIXED       None        0.00
     442     6        2  MIXED       None        0.00
     443     6        2  MIXED       None        0.00
     444     6        2  MIXED       None        0.00
     445     6        2  MIXED       None        0.00
     446     6        2  MIXED       None        0.00
     447     6        2  MIXED       None        0.00
     448     6        2  MIXED       None        0.00
     449     6        2  MIXED       None        0.00
     450     6        2  MIXED       None        0.00
     451     6        2  MIXED       None        0.00
     452     6        2  MIXED       None        0.00
     453     6        2  MIXED       None        0.00
     454     6        2  MIXED       None        0.00
     455     6        2  MIXED       None        0.00
     457     6        2  MIXED       None        0.00
     458     6        2  MIXED       None        0.00
     459     6        2  MIXED       None        0.00
     460     6        2  MIXED       None        0.00
     461     6        2  MIXED       None        0.00
     462     6        2  MIXED       None        0.00
     463     6        2  MIXED       None        0.00
     464     6        2  MIXED       None        0.00
     465     6        2  MIXED       None        0.00
     466     6        2  MIXED       None        0.00
     467     6        2  MIXED       None        0.00
     469     6        2  MIXED       None        0.00
     470     6        2  MIXED       None        0.00
     471     6        2  MIXED       None        0.00
     472     6        2  MIXED       None        0.00
     473     6        2  MIXED       None        0.00
     474     6        2  MIXED       None        0.00
     475     6        2  MIXED       None        0.00
     476     6        2  MIXED       None        0.00
     477     6        2  MIXED       None        0.00
     480     6        2  MIXED       None        0.00
     481     6        2  MIXED       None        0.00
     482     6        2  MIXED       None        0.00
     483     6        2  MIXED       None        0.00
     486     6        2  MIXED       None        0.00
     488     6        2  MIXED       None        0.00
     489     6        2  MIXED       None        0.00
     490     6        2  MIXED       None        0.00
     491     6        2  MIXED       None        0.00
     492     6        2  MIXED       None        0.00
     493     6        2  MIXED       None        0.00
     494     6        2  MIXED       None        0.00
     495     6        2  MIXED       None        0.00
     498     6        2  MIXED       None        0.00
     500     6        2  MIXED       None        0.00
     505     6        2  MIXED       None        0.00
     506     6        2  MIXED       None        0.00
     507     6        2  MIXED       None        0.00

CROSSMATCH DONE
PARALLEL HUNT DONE -> /sdf/data/rubin/user/mrakovci/Projects/Asteroid_detection_CNN/experiments/heliolinc/run_neo_t6324
NEO STAGE3 LINK DONE
