[clean] ADCNN 160350 -> 153604 (score>=0.3, len_db>=6.0; NO real/bogus)
[clean] diaSource 647845 -> 12 (reliability>=0.5 & !neg & trailLen>=6.0)
[clean] merged -> 153616 detections (12801/night) [ADCNN=153604, dia=12] -> /sdf/data/rubin/user/mrakovci/Projects/Asteroid_detection_CNN/experiments/heliolinc/run_neo_t6337/adcnn_dets_clean.csv
[hunt] 153616 trailed detections (score>=0.5, len_db>=6.0px) -> trail-tracklets
[trail->tracklets] 153616 trails -> 307232 pairdets, 307232 tracklets -> /sdf/data/rubin/user/mrakovci/Projects/Asteroid_detection_CNN/experiments/heliolinc/run_neo_t6337
=== grid-parallel heliolinc | grid=109983 pts x 96 shards | tracklets=307232 | mjdref=60865.121 ===
launched 96 heliolinc shards; waiting...
shards done (failures=0); clusters across shards: 470620
link_refine over 96 shard files
Checking out argv[1] = -pairdet.
Checking out argv[3] = -lflist.
Checking out argv[5] = -maxrms.
Checking out argv[7] = -outfile.
Checking out argv[9] = -outrms.
input paired detection file pairdets.csv
input cluster list file lflist.txt
Maximum RMS in km: 100000
output cluster file lr.csv
output rms file lr_rms.csv
Header line from input paired detection file pairdets.csv:
#MJD,RA,Dec,observerX,observerY,observerZ,stringID,mag,band,obscode,origindex
Successfully read 307232 detections from pairdets.csv
Read names of 96 cluster files from lflist.txt
Reading cluster file hl_clusters_000.csv
Reading rms file hl_summary_000.csv
Reading cluster file hl_clusters_001.csv
Reading rms file hl_summary_001.csv
Reading cluster file hl_clusters_002.csv
Reading rms file hl_summary_002.csv
Reading cluster file hl_clusters_003.csv
Reading rms file hl_summary_003.csv
Reading cluster file hl_clusters_004.csv
Reading rms file hl_summary_004.csv
Reading cluster file hl_clusters_005.csv
Reading rms file hl_summary_005.csv
Reading cluster file hl_clusters_006.csv
Reading rms file hl_summary_006.csv
Reading cluster file hl_clusters_007.csv
Reading rms file hl_summary_007.csv
Reading cluster file hl_clusters_008.csv
Reading rms file hl_summary_008.csv
Reading cluster file hl_clusters_009.csv
Reading rms file hl_summary_009.csv
Reading cluster file hl_clusters_010.csv
Reading rms file hl_summary_010.csv
Reading cluster file hl_clusters_011.csv
Reading rms file hl_summary_011.csv
Reading cluster file hl_clusters_012.csv
Reading rms file hl_summary_012.csv
Reading cluster file hl_clusters_013.csv
Reading rms file hl_summary_013.csv
Reading cluster file hl_clusters_014.csv
Reading rms file hl_summary_014.csv
Reading cluster file hl_clusters_015.csv
Reading rms file hl_summary_015.csv
Reading cluster file hl_clusters_016.csv
Reading rms file hl_summary_016.csv
Reading cluster file hl_clusters_017.csv
Reading rms file hl_summary_017.csv
Reading cluster file hl_clusters_018.csv
Reading rms file hl_summary_018.csv
Reading cluster file hl_clusters_019.csv
Reading rms file hl_summary_019.csv
Reading cluster file hl_clusters_020.csv
Reading rms file hl_summary_020.csv
Reading cluster file hl_clusters_021.csv
Reading rms file hl_summary_021.csv
Reading cluster file hl_clusters_022.csv
Reading rms file hl_summary_022.csv
Reading cluster file hl_clusters_023.csv
Reading rms file hl_summary_023.csv
Reading cluster file hl_clusters_024.csv
Reading rms file hl_summary_024.csv
Reading cluster file hl_clusters_025.csv
Reading rms file hl_summary_025.csv
Reading cluster file hl_clusters_026.csv
Reading rms file hl_summary_026.csv
Reading cluster file hl_clusters_027.csv
Reading rms file hl_summary_027.csv
Reading cluster file hl_clusters_028.csv
Reading rms file hl_summary_028.csv
Reading cluster file hl_clusters_029.csv
Reading rms file hl_summary_029.csv
Reading cluster file hl_clusters_030.csv
Reading rms file hl_summary_030.csv
Reading cluster file hl_clusters_031.csv
Reading rms file hl_summary_031.csv
Reading cluster file hl_clusters_032.csv
Reading rms file hl_summary_032.csv
Reading cluster file hl_clusters_033.csv
Reading rms file hl_summary_033.csv
Reading cluster file hl_clusters_034.csv
Reading rms file hl_summary_034.csv
Reading cluster file hl_clusters_035.csv
Reading rms file hl_summary_035.csv
Reading cluster file hl_clusters_036.csv
Reading rms file hl_summary_036.csv
Reading cluster file hl_clusters_037.csv
Reading rms file hl_summary_037.csv
Reading cluster file hl_clusters_038.csv
Reading rms file hl_summary_038.csv
Reading cluster file hl_clusters_039.csv
Reading rms file hl_summary_039.csv
Reading cluster file hl_clusters_040.csv
Reading rms file hl_summary_040.csv
Reading cluster file hl_clusters_041.csv
Reading rms file hl_summary_041.csv
Reading cluster file hl_clusters_042.csv
Reading rms file hl_summary_042.csv
Reading cluster file hl_clusters_043.csv
Reading rms file hl_summary_043.csv
Reading cluster file hl_clusters_044.csv
Reading rms file hl_summary_044.csv
Reading cluster file hl_clusters_045.csv
Reading rms file hl_summary_045.csv
Reading cluster file hl_clusters_046.csv
Reading rms file hl_summary_046.csv
Reading cluster file hl_clusters_047.csv
Reading rms file hl_summary_047.csv
Reading cluster file hl_clusters_048.csv
Reading rms file hl_summary_048.csv
Reading cluster file hl_clusters_049.csv
Reading rms file hl_summary_049.csv
Reading cluster file hl_clusters_050.csv
Reading rms file hl_summary_050.csv
Reading cluster file hl_clusters_051.csv
Reading rms file hl_summary_051.csv
Reading cluster file hl_clusters_052.csv
Reading rms file hl_summary_052.csv
Reading cluster file hl_clusters_053.csv
Reading rms file hl_summary_053.csv
Reading cluster file hl_clusters_054.csv
Reading rms file hl_summary_054.csv
Reading cluster file hl_clusters_055.csv
Reading rms file hl_summary_055.csv
Reading cluster file hl_clusters_056.csv
Reading rms file hl_summary_056.csv
Reading cluster file hl_clusters_057.csv
Reading rms file hl_summary_057.csv
Reading cluster file hl_clusters_058.csv
Reading rms file hl_summary_058.csv
Reading cluster file hl_clusters_059.csv
Reading rms file hl_summary_059.csv
Reading cluster file hl_clusters_060.csv
Reading rms file hl_summary_060.csv
Reading cluster file hl_clusters_061.csv
Reading rms file hl_summary_061.csv
Reading cluster file hl_clusters_062.csv
Reading rms file hl_summary_062.csv
Reading cluster file hl_clusters_063.csv
Reading rms file hl_summary_063.csv
Reading cluster file hl_clusters_064.csv
Reading rms file hl_summary_064.csv
Reading cluster file hl_clusters_065.csv
Reading rms file hl_summary_065.csv
Reading cluster file hl_clusters_066.csv
Reading rms file hl_summary_066.csv
Reading cluster file hl_clusters_067.csv
Reading rms file hl_summary_067.csv
Reading cluster file hl_clusters_068.csv
Reading rms file hl_summary_068.csv
Reading cluster file hl_clusters_069.csv
Reading rms file hl_summary_069.csv
Reading cluster file hl_clusters_070.csv
Reading rms file hl_summary_070.csv
Reading cluster file hl_clusters_071.csv
Reading rms file hl_summary_071.csv
Reading cluster file hl_clusters_072.csv
Reading rms file hl_summary_072.csv
Reading cluster file hl_clusters_073.csv
Reading rms file hl_summary_073.csv
Reading cluster file hl_clusters_074.csv
Reading rms file hl_summary_074.csv
Reading cluster file hl_clusters_075.csv
Reading rms file hl_summary_075.csv
Reading cluster file hl_clusters_076.csv
Reading rms file hl_summary_076.csv
Reading cluster file hl_clusters_077.csv
Reading rms file hl_summary_077.csv
Reading cluster file hl_clusters_078.csv
Reading rms file hl_summary_078.csv
Reading cluster file hl_clusters_079.csv
Reading rms file hl_summary_079.csv
Reading cluster file hl_clusters_080.csv
Reading rms file hl_summary_080.csv
Reading cluster file hl_clusters_081.csv
Reading rms file hl_summary_081.csv
Reading cluster file hl_clusters_082.csv
Reading rms file hl_summary_082.csv
Reading cluster file hl_clusters_083.csv
Reading rms file hl_summary_083.csv
Reading cluster file hl_clusters_084.csv
Reading rms file hl_summary_084.csv
Reading cluster file hl_clusters_085.csv
Reading rms file hl_summary_085.csv
Reading cluster file hl_clusters_086.csv
Reading rms file hl_summary_086.csv
Reading cluster file hl_clusters_087.csv
Reading rms file hl_summary_087.csv
Reading cluster file hl_clusters_088.csv
Reading rms file hl_summary_088.csv
Reading cluster file hl_clusters_089.csv
Reading rms file hl_summary_089.csv
Reading cluster file hl_clusters_090.csv
Reading rms file hl_summary_090.csv
Reading cluster file hl_clusters_091.csv
Reading rms file hl_summary_091.csv
Reading cluster file hl_clusters_092.csv
Reading rms file hl_summary_092.csv
Reading cluster file hl_clusters_093.csv
Reading rms file hl_summary_093.csv
Reading cluster file hl_clusters_094.csv
Reading rms file hl_summary_094.csv
Reading cluster file hl_clusters_095.csv
Reading rms file hl_summary_095.csv
Found 24906 clusters
Accepted good cluster 1 with metric 0.000433507
Accepted good cluster 2 with metric 0.000282489
Accepted good cluster 3 with metric 0.000273659
Accepted good cluster 4 with metric 0.000272812
Accepted good cluster 5 with metric 0.00022575
Accepted good cluster 6 with metric 0.000216057
Accepted good cluster 7 with metric 0.0002039
Accepted good cluster 8 with metric 0.000191877
Accepted good cluster 9 with metric 0.000182695
Accepted good cluster 10 with metric 0.0001787
Accepted good cluster 11 with metric 0.000173819
Accepted good cluster 12 with metric 0.000165843
Accepted good cluster 13 with metric 0.000159298
Accepted good cluster 14 with metric 0.000152659
Accepted good cluster 15 with metric 0.000150955
Accepted good cluster 16 with metric 0.000143851
Accepted good cluster 17 with metric 0.000134124
Accepted good cluster 18 with metric 0.000125725
Accepted good cluster 19 with metric 0.000124232
Accepted good cluster 20 with metric 0.00011892
Accepted good cluster 21 with metric 0.000109999
Accepted good cluster 22 with metric 0.000108671
Accepted good cluster 23 with metric 0.000106718
Accepted good cluster 24 with metric 0.00010147
Accepted good cluster 25 with metric 9.11103e-05
Accepted good cluster 26 with metric 9.05528e-05
Accepted good cluster 27 with metric 8.91813e-05
Accepted good cluster 28 with metric 8.75363e-05
Accepted good cluster 29 with metric 8.60595e-05
Accepted good cluster 30 with metric 8.18462e-05
Accepted good cluster 31 with metric 8.08159e-05
Accepted good cluster 32 with metric 7.62797e-05
Accepted good cluster 33 with metric 7.34246e-05
Accepted good cluster 34 with metric 7.21561e-05
Accepted good cluster 35 with metric 6.81951e-05
Accepted good cluster 36 with metric 6.81023e-05
Accepted good cluster 37 with metric 6.62627e-05
Accepted good cluster 38 with metric 6.11478e-05
Accepted good cluster 39 with metric 5.76558e-05
Accepted good cluster 40 with metric 5.16929e-05
Accepted good cluster 41 with metric 5.08671e-05
Accepted good cluster 42 with metric 5.02788e-05
Accepted good cluster 43 with metric 4.9399e-05
Accepted good cluster 44 with metric 4.93364e-05
Accepted good cluster 45 with metric 4.70327e-05
Accepted good cluster 46 with metric 4.60627e-05
Accepted good cluster 47 with metric 4.44536e-05
Accepted good cluster 48 with metric 4.13201e-05
Accepted good cluster 49 with metric 3.94689e-05
Accepted good cluster 50 with metric 3.93539e-05
Accepted good cluster 51 with metric 3.2313e-05
Accepted good cluster 52 with metric 3.1682e-05
Accepted good cluster 53 with metric 3.15057e-05
Accepted good cluster 54 with metric 3.07703e-05
Accepted good cluster 55 with metric 3.05631e-05
Accepted good cluster 56 with metric 2.92763e-05
Accepted good cluster 57 with metric 2.76437e-05
Accepted good cluster 58 with metric 2.57354e-05
Accepted good cluster 59 with metric 2.52946e-05
Accepted good cluster 60 with metric 2.47535e-05
Accepted good cluster 61 with metric 2.44036e-05
Accepted good cluster 62 with metric 2.38541e-05
Accepted good cluster 63 with metric 2.33144e-05
Accepted good cluster 64 with metric 2.2078e-05
Accepted good cluster 65 with metric 2.07158e-05
Accepted good cluster 66 with metric 1.99674e-05
Accepted good cluster 67 with metric 1.97413e-05
Accepted good cluster 68 with metric 1.94598e-05
Accepted good cluster 69 with metric 1.93358e-05
Accepted good cluster 70 with metric 1.92336e-05
Accepted good cluster 71 with metric 1.91388e-05
Accepted good cluster 72 with metric 1.91342e-05
Accepted good cluster 73 with metric 1.89921e-05
Accepted good cluster 74 with metric 1.81582e-05
Accepted good cluster 75 with metric 1.74974e-05
Accepted good cluster 76 with metric 1.71045e-05
Accepted good cluster 77 with metric 1.69e-05
Accepted good cluster 78 with metric 1.64979e-05
Accepted good cluster 79 with metric 1.59378e-05
Accepted good cluster 80 with metric 1.51176e-05
Accepted good cluster 81 with metric 1.44576e-05
Accepted good cluster 82 with metric 1.43561e-05
Accepted good cluster 83 with metric 1.39119e-05
Accepted good cluster 84 with metric 1.37316e-05
Accepted good cluster 85 with metric 1.27636e-05
Accepted good cluster 86 with metric 1.26618e-05
Accepted good cluster 87 with metric 1.1872e-05
Accepted good cluster 88 with metric 1.13019e-05
Accepted good cluster 89 with metric 1.1171e-05
Accepted good cluster 90 with metric 1.09243e-05
Accepted good cluster 91 with metric 1.09195e-05
Accepted good cluster 92 with metric 1.08463e-05
Accepted good cluster 93 with metric 1.08448e-05
Accepted good cluster 94 with metric 1.01793e-05
Accepted good cluster 95 with metric 1.0179e-05
Accepted good cluster 96 with metric 9.99394e-06
Accepted good cluster 97 with metric 9.93872e-06
Accepted good cluster 98 with metric 9.68358e-06
Accepted good cluster 99 with metric 9.36372e-06
Accepted good cluster 100 with metric 9.26723e-06
Accepted good cluster 101 with metric 9.17585e-06
Accepted good cluster 102 with metric 9.09389e-06
Accepted good cluster 103 with metric 8.99413e-06
Accepted good cluster 104 with metric 8.90336e-06
Accepted good cluster 105 with metric 8.62754e-06
Accepted good cluster 106 with metric 8.61125e-06
Accepted good cluster 107 with metric 8.59996e-06
Accepted good cluster 108 with metric 8.59133e-06
Accepted good cluster 109 with metric 8.41241e-06
Accepted good cluster 110 with metric 8.22696e-06
Accepted good cluster 111 with metric 8.18852e-06
Accepted good cluster 112 with metric 8.10768e-06
Accepted good cluster 113 with metric 7.83207e-06
Accepted good cluster 114 with metric 7.74037e-06
Accepted good cluster 115 with metric 7.62149e-06
Accepted good cluster 116 with metric 7.61533e-06
Accepted good cluster 117 with metric 7.46085e-06
Accepted good cluster 118 with metric 7.22289e-06
Accepted good cluster 119 with metric 7.1886e-06
Accepted good cluster 120 with metric 7.1593e-06
Accepted good cluster 121 with metric 7.1428e-06
Accepted good cluster 122 with metric 6.97451e-06
Accepted good cluster 123 with metric 6.94208e-06
Accepted good cluster 124 with metric 6.82903e-06
Accepted good cluster 125 with metric 6.7428e-06
Accepted good cluster 126 with metric 6.70535e-06
Accepted good cluster 127 with metric 6.6282e-06
Accepted good cluster 128 with metric 6.47033e-06
Accepted good cluster 129 with metric 6.45262e-06
Accepted good cluster 130 with metric 6.40956e-06
Accepted good cluster 131 with metric 6.22324e-06
Accepted good cluster 132 with metric 6.19314e-06
Accepted good cluster 133 with metric 6.06418e-06
Accepted good cluster 134 with metric 5.99597e-06
Accepted good cluster 135 with metric 5.98987e-06
Accepted good cluster 136 with metric 5.95173e-06
Accepted good cluster 137 with metric 5.73314e-06
Accepted good cluster 138 with metric 5.70343e-06
Accepted good cluster 139 with metric 5.54343e-06
Accepted good cluster 140 with metric 5.44016e-06
Accepted good cluster 141 with metric 5.39598e-06
Accepted good cluster 142 with metric 5.39166e-06
Accepted good cluster 143 with metric 5.34698e-06
Accepted good cluster 144 with metric 5.23291e-06
Accepted good cluster 145 with metric 5.21635e-06
Accepted good cluster 146 with metric 5.20087e-06
Accepted good cluster 147 with metric 5.15035e-06
Accepted good cluster 148 with metric 5.00733e-06
Accepted good cluster 149 with metric 5.0033e-06
Accepted good cluster 150 with metric 4.93229e-06
Accepted good cluster 151 with metric 4.91941e-06
Accepted good cluster 152 with metric 4.82298e-06
Accepted good cluster 153 with metric 4.63016e-06
Accepted good cluster 154 with metric 4.62728e-06
Accepted good cluster 155 with metric 4.60256e-06
Accepted good cluster 156 with metric 4.60133e-06
Accepted good cluster 157 with metric 4.53214e-06
Accepted good cluster 158 with metric 4.51251e-06
Accepted good cluster 159 with metric 4.46923e-06
Accepted good cluster 160 with metric 4.1279e-06
Accepted good cluster 161 with metric 4.11674e-06
Accepted good cluster 162 with metric 4.10128e-06
Accepted good cluster 163 with metric 4.05749e-06
Accepted good cluster 164 with metric 4.00241e-06
Accepted good cluster 165 with metric 3.94456e-06
Accepted good cluster 166 with metric 3.9199e-06
Accepted good cluster 167 with metric 3.84537e-06
Accepted good cluster 168 with metric 3.8413e-06
Accepted good cluster 169 with metric 3.74633e-06
Accepted good cluster 170 with metric 3.6953e-06
Accepted good cluster 171 with metric 3.68156e-06
Accepted good cluster 172 with metric 3.63076e-06
Accepted good cluster 173 with metric 3.53534e-06
Accepted good cluster 174 with metric 3.51971e-06
Accepted good cluster 175 with metric 3.42048e-06
Accepted good cluster 176 with metric 3.41335e-06
Accepted good cluster 177 with metric 3.38134e-06
Accepted good cluster 178 with metric 3.3242e-06
Accepted good cluster 179 with metric 3.22838e-06
Accepted good cluster 180 with metric 3.14256e-06
Accepted good cluster 181 with metric 3.12779e-06
Accepted good cluster 182 with metric 3.11415e-06
Accepted good cluster 183 with metric 3.06908e-06
Accepted good cluster 184 with metric 3.0689e-06
Accepted good cluster 185 with metric 3.01548e-06
Accepted good cluster 186 with metric 2.96176e-06
Accepted good cluster 187 with metric 2.93198e-06
Accepted good cluster 188 with metric 2.93036e-06
Accepted good cluster 189 with metric 2.88935e-06
Accepted good cluster 190 with metric 2.87754e-06
Accepted good cluster 191 with metric 2.87503e-06
Accepted good cluster 192 with metric 2.86891e-06
Accepted good cluster 193 with metric 2.75739e-06
Accepted good cluster 194 with metric 2.74268e-06
Accepted good cluster 195 with metric 2.73084e-06
Accepted good cluster 196 with metric 2.47188e-06
Accepted good cluster 197 with metric 2.44309e-06
Accepted good cluster 198 with metric 2.41975e-06
Accepted good cluster 199 with metric 2.39248e-06
Accepted good cluster 200 with metric 2.31603e-06
Accepted good cluster 201 with metric 2.29309e-06
Accepted good cluster 202 with metric 2.28231e-06
Accepted good cluster 203 with metric 2.20067e-06
Accepted good cluster 204 with metric 2.19791e-06
Accepted good cluster 205 with metric 2.1762e-06
Accepted good cluster 206 with metric 2.15706e-06
Accepted good cluster 207 with metric 2.05104e-06
Accepted good cluster 208 with metric 2.00075e-06
Accepted good cluster 209 with metric 1.99306e-06
Accepted good cluster 210 with metric 1.87726e-06
Accepted good cluster 211 with metric 1.87324e-06
Accepted good cluster 212 with metric 1.85273e-06
Accepted good cluster 213 with metric 1.8403e-06
Accepted good cluster 214 with metric 1.83415e-06
Accepted good cluster 215 with metric 1.80237e-06
Accepted good cluster 216 with metric 1.78414e-06
Accepted good cluster 217 with metric 1.77515e-06
Accepted good cluster 218 with metric 1.71252e-06
Accepted good cluster 219 with metric 1.54006e-06
Accepted good cluster 220 with metric 1.53297e-06
Accepted good cluster 221 with metric 1.52535e-06
Accepted good cluster 222 with metric 1.50877e-06
Accepted good cluster 223 with metric 1.45107e-06
Accepted good cluster 224 with metric 1.43398e-06
Accepted good cluster 225 with metric 1.41664e-06
Accepted good cluster 226 with metric 1.41597e-06
Accepted good cluster 227 with metric 1.39154e-06
Accepted good cluster 228 with metric 1.29887e-06
Accepted good cluster 229 with metric 1.2739e-06
Accepted good cluster 230 with metric 1.26932e-06
Accepted good cluster 231 with metric 1.26656e-06
Accepted good cluster 232 with metric 1.25857e-06
Accepted good cluster 233 with metric 1.232e-06
Accepted good cluster 234 with metric 1.18582e-06
Accepted good cluster 235 with metric 1.1617e-06
Accepted good cluster 236 with metric 1.15854e-06
Accepted good cluster 237 with metric 1.15575e-06
Accepted good cluster 238 with metric 1.13236e-06
Accepted good cluster 239 with metric 1.10779e-06
Accepted good cluster 240 with metric 1.01089e-06
Accepted good cluster 241 with metric 9.69963e-07
Accepted good cluster 242 with metric 9.67781e-07
Accepted good cluster 243 with metric 9.60197e-07
Accepted good cluster 244 with metric 9.17843e-07
Accepted good cluster 245 with metric 9.17693e-07
Accepted good cluster 246 with metric 9.02534e-07
Accepted good cluster 247 with metric 8.99924e-07
Accepted good cluster 248 with metric 8.59088e-07
Accepted good cluster 249 with metric 7.90023e-07
Accepted good cluster 250 with metric 7.68067e-07
Accepted good cluster 251 with metric 7.67441e-07
Accepted good cluster 252 with metric 7.529e-07
Accepted good cluster 253 with metric 7.47241e-07
Accepted good cluster 254 with metric 7.04847e-07
Accepted good cluster 255 with metric 6.83231e-07
Accepted good cluster 256 with metric 5.88673e-07
Accepted good cluster 257 with metric 5.6224e-07
Accepted good cluster 258 with metric 5.58124e-07
Accepted good cluster 259 with metric 5.22368e-07
Accepted good cluster 260 with metric 5.05176e-07
Accepted good cluster 261 with metric 4.96855e-07
Accepted good cluster 262 with metric 4.80431e-07
Accepted good cluster 263 with metric 4.53317e-07
Accepted good cluster 264 with metric 4.42808e-07
Accepted good cluster 265 with metric 4.35709e-07
Accepted good cluster 266 with metric 4.25963e-07
Accepted good cluster 267 with metric 4.12945e-07
Accepted good cluster 268 with metric 3.83473e-07
Accepted good cluster 269 with metric 3.81122e-07
Accepted good cluster 270 with metric 3.73623e-07
Accepted good cluster 271 with metric 3.7183e-07
Accepted good cluster 272 with metric 3.59491e-07
Accepted good cluster 273 with metric 3.53849e-07
Accepted good cluster 274 with metric 3.52381e-07
Accepted good cluster 275 with metric 3.51894e-07
Accepted good cluster 276 with metric 3.50539e-07
Accepted good cluster 277 with metric 3.45428e-07
Accepted good cluster 278 with metric 3.43964e-07
Accepted good cluster 279 with metric 3.35779e-07
Accepted good cluster 280 with metric 3.33656e-07
Accepted good cluster 281 with metric 3.32097e-07
Accepted good cluster 282 with metric 3.31385e-07
Accepted good cluster 283 with metric 3.30172e-07
Accepted good cluster 284 with metric 3.14258e-07
Accepted good cluster 285 with metric 3.13417e-07
Accepted good cluster 286 with metric 3.11897e-07
Accepted good cluster 287 with metric 3.11009e-07
Accepted good cluster 288 with metric 3.08987e-07
Accepted good cluster 289 with metric 3.0425e-07
Accepted good cluster 290 with metric 2.96247e-07
Accepted good cluster 291 with metric 2.95812e-07
Accepted good cluster 292 with metric 2.95534e-07
Accepted good cluster 293 with metric 2.95315e-07
Accepted good cluster 294 with metric 2.95146e-07
Accepted good cluster 295 with metric 2.93711e-07
Accepted good cluster 296 with metric 2.88651e-07
Accepted good cluster 297 with metric 2.88628e-07
Accepted good cluster 298 with metric 2.88173e-07
Accepted good cluster 299 with metric 2.84349e-07
Accepted good cluster 300 with metric 2.82945e-07
Accepted good cluster 301 with metric 2.82161e-07
Accepted good cluster 302 with metric 2.80862e-07
Accepted good cluster 303 with metric 2.75843e-07
Accepted good cluster 304 with metric 2.70018e-07
Accepted good cluster 305 with metric 2.67959e-07
Accepted good cluster 306 with metric 2.6764e-07
Accepted good cluster 307 with metric 2.65663e-07
Accepted good cluster 308 with metric 2.65396e-07
Accepted good cluster 309 with metric 2.64709e-07
Accepted good cluster 310 with metric 2.63798e-07
Accepted good cluster 311 with metric 2.5752e-07
Accepted good cluster 312 with metric 2.5359e-07
Accepted good cluster 313 with metric 2.49216e-07
Accepted good cluster 314 with metric 2.45432e-07
Accepted good cluster 315 with metric 2.45249e-07
Accepted good cluster 316 with metric 2.43409e-07
Accepted good cluster 317 with metric 2.43294e-07
Accepted good cluster 318 with metric 2.4274e-07
Accepted good cluster 319 with metric 2.4019e-07
Accepted good cluster 320 with metric 2.34978e-07
Accepted good cluster 321 with metric 2.3466e-07
Accepted good cluster 322 with metric 2.33304e-07
Accepted good cluster 323 with metric 2.2929e-07
Accepted good cluster 324 with metric 2.23619e-07
Accepted good cluster 325 with metric 2.21893e-07
Accepted good cluster 326 with metric 2.21007e-07
Accepted good cluster 327 with metric 2.1767e-07
Accepted good cluster 328 with metric 2.12411e-07
Accepted good cluster 329 with metric 2.1191e-07
Accepted good cluster 330 with metric 2.09865e-07
Accepted good cluster 331 with metric 2.05336e-07
Accepted good cluster 332 with metric 1.98266e-07
Accepted good cluster 333 with metric 1.97666e-07
Accepted good cluster 334 with metric 1.94972e-07
Accepted good cluster 335 with metric 1.93923e-07
Accepted good cluster 336 with metric 1.77079e-07
Accepted good cluster 337 with metric 1.71645e-07
Accepted good cluster 338 with metric 1.68357e-07
Accepted good cluster 339 with metric 1.63696e-07
Accepted good cluster 340 with metric 1.54211e-07
Accepted good cluster 341 with metric 1.54177e-07
Accepted good cluster 342 with metric 1.49397e-07
Accepted good cluster 343 with metric 1.45985e-07
Accepted good cluster 344 with metric 1.43291e-07
Accepted good cluster 345 with metric 1.40309e-07
Accepted good cluster 346 with metric 1.38012e-07
Accepted good cluster 347 with metric 1.37246e-07
Accepted good cluster 348 with metric 1.36543e-07
Accepted good cluster 349 with metric 1.35245e-07
Accepted good cluster 350 with metric 1.29541e-07
Accepted good cluster 351 with metric 1.26671e-07
Accepted good cluster 352 with metric 1.23664e-07
Accepted good cluster 353 with metric 1.22766e-07
Accepted good cluster 354 with metric 1.21519e-07
Accepted good cluster 355 with metric 1.19989e-07
Accepted good cluster 356 with metric 1.18525e-07
Accepted good cluster 357 with metric 1.1681e-07
Accepted good cluster 358 with metric 1.14882e-07
Accepted good cluster 359 with metric 1.12707e-07
Accepted good cluster 360 with metric 1.10029e-07
Accepted good cluster 361 with metric 9.23404e-08
Accepted good cluster 362 with metric 9.01682e-08
refined tracks: 362

=== crossmatch (362 linked tracks) ===
CONFIRMED (known) : 0 tracks -> 0 distinct known asteroids re-discovered
NEW candidates    : 362 tracks (no known match)

-- NEW candidates (vet these) --
 cluster  ndet  nnights rating        obj  match_frac
     289    10        2  MIXED       None        0.00
     306    10        2  MIXED       None        0.00
     352    10        2  MIXED       None        0.00
     360    10        2  MIXED       None        0.00
     171     8        2  MIXED       None        0.00
     194     8        2  MIXED       None        0.00
     232     8        2  MIXED       None        0.00
     258     8        2  MIXED       None        0.00
     263     8        2  MIXED       None        0.00
     269     8        2  MIXED       None        0.00
     278     8        2  MIXED       None        0.00
     287     8        2  MIXED       None        0.00
     293     8        2  MIXED       None        0.00
     301     8        2  MIXED       None        0.00
     302     8        2  MIXED       None        0.00
     305     8        2  MIXED       None        0.00
     312     8        2  MIXED       None        0.00
     315     8        2  MIXED       None        0.00
     317     8        2  MIXED       None        0.00
     320     8        2  MIXED       None        0.00
     330     8        2  MIXED       None        0.00
     334     8        2  MIXED       None        0.00
     338     8        2  MIXED       None        0.00
     343     8        2  MIXED       None        0.00
     345     8        2  MIXED       None        0.00
     347     8        2  MIXED       None        0.00
     351     8        2  MIXED       None        0.00
     353     8        2  MIXED       None        0.00
     357     8        2  MIXED       None        0.00
     358     8        2  MIXED       None        0.00
     359     8        2  MIXED       None        0.00
     361     8        2  MIXED       None        0.00
     362     8        2  MIXED       None        0.00
       1     6        2  MIXED       None        0.00
       2     6        2  MIXED       None        0.00
       3     6        2  MIXED       None        0.00
       4     6        2  MIXED       None        0.00
       5     6        2  MIXED       None        0.00
       6     6        2  MIXED       None        0.00
       7     6        2  MIXED       None        0.00
       8     6        2  MIXED       None        0.00
       9     6        2  MIXED       None        0.00
      10     6        2  MIXED       None        0.00
      11     6        2  MIXED       None        0.00
      12     6        2  MIXED       None        0.00
      13     6        2  MIXED       None        0.00
      14     6        2  MIXED       None        0.00
      15     6        2  MIXED       None        0.00
      16     6        2  MIXED       None        0.00
      17     6        2  MIXED       None        0.00
      18     6        2  MIXED       None        0.00
      19     6        2  MIXED       None        0.00
      20     6        2  MIXED       None        0.00
      21     6        2  MIXED       None        0.00
      22     6        2  MIXED       None        0.00
      23     6        2  MIXED       None        0.00
      24     6        2  MIXED       None        0.00
      25     6        2  MIXED       None        0.00
      26     6        2  MIXED       None        0.00
      27     6        2  MIXED       None        0.00
      28     6        2  MIXED       None        0.00
      29     6        2  MIXED       None        0.00
      30     6        2  MIXED       None        0.00
      31     6        2  MIXED       None        0.00
      32     6        2  MIXED       None        0.00
      33     6        2  MIXED       None        0.00
      34     6        2  MIXED       None        0.00
      35     6        2  MIXED       None        0.00
      36     6        2  MIXED       None        0.00
      37     6        2  MIXED       None        0.00
      38     6        2  MIXED       None        0.00
      39     6        2  MIXED       None        0.00
      40     6        2  MIXED       None        0.00
      41     6        2  MIXED       None        0.00
      42     6        2  MIXED       None        0.00
      43     6        2  MIXED       None        0.00
      44     6        2  MIXED       None        0.00
      45     6        2  MIXED       None        0.00
      46     6        2  MIXED       None        0.00
      47     6        2  MIXED       None        0.00
      48     6        2  MIXED       None        0.00
      49     6        2  MIXED       None        0.00
      50     6        2  MIXED       None        0.00
      51     6        2  MIXED       None        0.00
      52     6        2  MIXED       None        0.00
      53     6        2  MIXED       None        0.00
      54     6        2  MIXED       None        0.00
      55     6        2  MIXED       None        0.00
      56     6        2  MIXED       None        0.00
      57     6        2  MIXED 2016 BE117        0.33
      58     6        2  MIXED       None        0.00
      59     6        2  MIXED       None        0.00
      60     6        2  MIXED       None        0.00
      61     6        2  MIXED       None        0.00
      62     6        2  MIXED       None        0.00
      63     6        2  MIXED       None        0.00
      64     6        2  MIXED       None        0.00
      65     6        2  MIXED 2016 PP234        0.33
      66     6        2  MIXED       None        0.00
      67     6        2  MIXED       None        0.00
      68     6        2  MIXED       None        0.00
      69     6        2  MIXED       None        0.00
      70     6        2  MIXED       None        0.00
      71     6        2  MIXED       None        0.00
      72     6        2  MIXED       None        0.00
      73     6        2  MIXED       None        0.00
      74     6        2  MIXED       None        0.00
      75     6        2  MIXED       None        0.00
      76     6        2  MIXED       None        0.00
      77     6        2  MIXED       None        0.00
      78     6        2  MIXED       None        0.00
      79     6        2  MIXED       None        0.00
      80     6        2  MIXED       None        0.00
      81     6        2  MIXED       None        0.00
      82     6        2  MIXED       None        0.00
      83     6        2  MIXED       None        0.00
      84     6        2  MIXED       None        0.00
      85     6        2  MIXED       None        0.00
      86     6        2  MIXED       None        0.00
      87     6        2  MIXED       None        0.00
      88     6        2  MIXED       None        0.00
      89     6        2  MIXED 2014 HL335        0.33
      90     6        2  MIXED       None        0.00
      91     6        2  MIXED       None        0.00
      92     6        2  MIXED       None        0.00
      93     6        2  MIXED       None        0.00
      94     6        2  MIXED       None        0.00
      95     6        2  MIXED       None        0.00
      96     6        2  MIXED       None        0.00
      97     6        2  MIXED       None        0.00
      98     6        2  MIXED       None        0.00
      99     6        2  MIXED       None        0.00
     100     6        2  MIXED       None        0.00
     101     6        2  MIXED       None        0.00
     102     6        2  MIXED       None        0.00
     103     6        2  MIXED       None        0.00
     104     6        2  MIXED       None        0.00
     105     6        2  MIXED       None        0.00
     106     6        2  MIXED       None        0.00
     107     6        2  MIXED       None        0.00
     108     6        2  MIXED       None        0.00
     109     6        2  MIXED       None        0.00
     110     6        2  MIXED       None        0.00
     111     6        2  MIXED       None        0.00
     112     6        2  MIXED       None        0.00
     113     6        2  MIXED       None        0.00
     114     6        2  MIXED       None        0.00
     115     6        2  MIXED       None        0.00
     116     6        2  MIXED       None        0.00
     117     6        2  MIXED       None        0.00
     118     6        2  MIXED       None        0.00
     119     6        2  MIXED       None        0.00
     120     6        2  MIXED       None        0.00
     121     6        2  MIXED       None        0.00
     122     6        2  MIXED       None        0.00
     123     6        2  MIXED       None        0.00
     124     6        2  MIXED       None        0.00
     125     6        2  MIXED       None        0.00
     126     6        2  MIXED       None        0.00
     127     6        2  MIXED       None        0.00
     128     6        2  MIXED       None        0.00
     129     6        2  MIXED       None        0.00
     130     6        2  MIXED       None        0.00
     131     6        2  MIXED       None        0.00
     132     6        2  MIXED       None        0.00
     133     6        2  MIXED       None        0.00
     134     6        2  MIXED       None        0.00
     135     6        2  MIXED       None        0.00
     136     6        2  MIXED       None        0.00
     137     6        2  MIXED       None        0.00
     138     6        2  MIXED       None        0.00
     139     6        2  MIXED       None        0.00
     140     6        2  MIXED 2014 HT314        0.33
     141     6        2  MIXED       None        0.00
     142     6        2  MIXED       None        0.00
     143     6        2  MIXED       None        0.00
     144     6        2  MIXED       None        0.00
     145     6        2  MIXED       None        0.00
     146     6        2  MIXED       None        0.00
     147     6        2  MIXED       None        0.00
     148     6        2  MIXED       None        0.00
     149     6        2  MIXED       None        0.00
     150     6        2  MIXED       None        0.00
     151     6        2  MIXED       None        0.00
     152     6        2  MIXED       None        0.00
     153     6        2  MIXED       None        0.00
     154     6        2  MIXED       None        0.00
     155     6        2  MIXED       None        0.00
     156     6        2  MIXED       None        0.00
     157     6        2  MIXED       None        0.00
     158     6        2  MIXED       None        0.00
     159     6        2  MIXED       None        0.00
     160     6        2  MIXED       None        0.00
     161     6        2  MIXED       None        0.00
     162     6        2  MIXED       None        0.00
     163     6        2  MIXED       None        0.00
     164     6        2  MIXED       None        0.00
     165     6        2  MIXED       None        0.00
     166     6        2  MIXED       None        0.00
     167     6        2  MIXED       None        0.00
     168     6        2  MIXED       None        0.00
     169     6        2  MIXED       None        0.00
     170     6        2  MIXED       None        0.00
     172     6        2  MIXED  2005 SC84        0.33
     173     6        2  MIXED       None        0.00
     174     6        2  MIXED       None        0.00
     175     6        2  MIXED       None        0.00
     176     6        2  MIXED       None        0.00
     177     6        2  MIXED       None        0.00
     178     6        2  MIXED       None        0.00
     179     6        2  MIXED       None        0.00
     180     6        2  MIXED       None        0.00
     181     6        2  MIXED       None        0.00
     182     6        2  MIXED       None        0.00
     183     6        2  MIXED       None        0.00
     184     6        2  MIXED 2011 BG196        0.33
     185     6        2  MIXED       None        0.00
     186     6        2  MIXED       None        0.00
     187     6        2  MIXED       None        0.00
     188     6        2  MIXED       None        0.00
     189     6        2  MIXED       None        0.00
     190     6        2  MIXED       None        0.00
     191     6        2  MIXED       None        0.00
     192     6        2  MIXED       None        0.00
     193     6        2  MIXED       None        0.00
     195     6        2  MIXED       None        0.00
     196     6        2  MIXED       None        0.00
     197     6        2  MIXED       None        0.00
     198     6        2  MIXED       None        0.00
     199     6        2  MIXED       None        0.00
     200     6        2  MIXED       None        0.00
     201     6        2  MIXED       None        0.00
     202     6        2  MIXED       None        0.00
     203     6        2  MIXED       None        0.00
     204     6        2  MIXED       None        0.00
     205     6        2  MIXED       None        0.00
     206     6        2  MIXED       None        0.00
     207     6        2  MIXED       None        0.00
     208     6        2  MIXED       None        0.00
     209     6        2  MIXED       None        0.00
     210     6        2  MIXED       None        0.00
     211     6        2  MIXED       None        0.00
     212     6        2  MIXED       None        0.00
     213     6        2  MIXED       None        0.00
     214     6        2  MIXED       None        0.00
     215     6        2  MIXED       None        0.00
     216     6        2  MIXED       None        0.00
     217     6        2  MIXED       None        0.00
     218     6        2  MIXED       None        0.00
     219     6        2  MIXED       None        0.00
     220     6        2  MIXED       None        0.00
     221     6        2  MIXED       None        0.00
     222     6        2  MIXED       None        0.00
     223     6        2  MIXED       None        0.00
     224     6        2  MIXED       None        0.00
     225     6        2  MIXED       None        0.00
     226     6        2  MIXED       None        0.00
     227     6        2  MIXED       None        0.00
     228     6        2  MIXED       None        0.00
     229     6        2  MIXED       None        0.00
     230     6        2  MIXED       None        0.00
     231     6        2  MIXED       None        0.00
     233     6        2  MIXED       None        0.00
     234     6        2  MIXED       None        0.00
     235     6        2  MIXED       None        0.00
     236     6        2  MIXED       None        0.00
     237     6        2  MIXED       None        0.00
     238     6        2  MIXED       None        0.00
     239     6        2  MIXED       None        0.00
     240     6        2  MIXED       None        0.00
     241     6        2  MIXED       None        0.00
     242     6        2  MIXED       None        0.00
     243     6        2  MIXED       None        0.00
     244     6        2  MIXED       None        0.00
     245     6        2  MIXED       None        0.00
     246     6        2  MIXED       None        0.00
     247     6        2  MIXED       None        0.00
     248     6        2  MIXED       None        0.00
     249     6        2  MIXED       None        0.00
     250     6        2  MIXED       None        0.00
     251     6        2  MIXED       None        0.00
     252     6        2  MIXED       None        0.00
     253     6        2  MIXED       None        0.00
     254     6        2  MIXED       None        0.00
     255     6        2  MIXED       None        0.00
     256     6        2  MIXED       None        0.00
     257     6        2  MIXED       None        0.00
     259     6        2  MIXED       None        0.00
     260     6        2  MIXED       None        0.00
     261     6        2  MIXED       None        0.00
     262     6        2  MIXED       None        0.00
     264     6        2  MIXED       None        0.00
     265     6        2  MIXED       None        0.00
     266     6        2  MIXED       None        0.00
     267     6        2  MIXED       None        0.00
     268     6        2  MIXED       None        0.00
     270     6        2  MIXED       None        0.00
     271     6        2  MIXED       None        0.00
     272     6        2  MIXED       None        0.00
     273     6        2  MIXED       None        0.00
     274     6        2  MIXED       None        0.00
     275     6        2  MIXED       None        0.00
     276     6        2  MIXED       None        0.00
     277     6        2  MIXED       None        0.00
     279     6        2  MIXED       None        0.00
     280     6        2  MIXED       None        0.00
     281     6        2  MIXED       None        0.00
     282     6        2  MIXED       None        0.00
     283     6        2  MIXED       None        0.00
     284     6        2  MIXED       None        0.00
     285     6        2  MIXED       None        0.00
     286     6        2  MIXED       None        0.00
     288     6        2  MIXED       None        0.00
     290     6        2  MIXED       None        0.00
     291     6        2  MIXED       None        0.00
     292     6        2  MIXED       None        0.00
     294     6        2  MIXED       None        0.00
     295     6        2  MIXED       None        0.00
     296     6        2  MIXED       None        0.00
     297     6        2  MIXED       None        0.00
     298     6        2  MIXED       None        0.00
     299     6        2  MIXED       None        0.00
     300     6        2  MIXED       None        0.00
     303     6        2  MIXED       None        0.00
     304     6        2  MIXED       None        0.00
     307     6        2  MIXED       None        0.00
     308     6        2  MIXED       None        0.00
     309     6        2  MIXED       None        0.00
     310     6        2  MIXED       None        0.00
     311     6        2  MIXED       None        0.00
     313     6        2  MIXED       None        0.00
     314     6        2  MIXED       None        0.00
     316     6        2  MIXED       None        0.00
     318     6        2  MIXED       None        0.00
     319     6        2  MIXED       None        0.00
     321     6        2  MIXED       None        0.00
     322     6        2  MIXED       None        0.00
     323     6        2  MIXED       None        0.00
     324     6        2  MIXED       None        0.00
     325     6        2  MIXED       None        0.00
     326     6        2  MIXED       None        0.00
     327     6        2  MIXED       None        0.00
     328     6        2  MIXED       None        0.00
     329     6        2  MIXED       None        0.00
     331     6        2  MIXED       None        0.00
     332     6        2  MIXED       None        0.00
     333     6        2  MIXED       None        0.00
     335     6        2  MIXED       None        0.00
     336     6        2  MIXED       None        0.00
     337     6        2  MIXED       None        0.00
     339     6        2  MIXED       None        0.00
     340     6        2  MIXED       None        0.00
     341     6        2  MIXED       None        0.00
     342     6        2  MIXED       None        0.00
     344     6        2  MIXED       None        0.00
     346     6        2  MIXED 2017 FK136        0.17
     348     6        2  MIXED       None        0.00
     349     6        2  MIXED       None        0.00
     350     6        2  MIXED       None        0.00
     354     6        2  MIXED       None        0.00
     355     6        2  MIXED       None        0.00
     356     6        2  MIXED       None        0.00

CROSSMATCH DONE
PARALLEL HUNT DONE -> /sdf/data/rubin/user/mrakovci/Projects/Asteroid_detection_CNN/experiments/heliolinc/run_neo_t6337
NEO STAGE3 LINK DONE
